Archive member included because of file (symbol)

.\CortexM0\ARM_GCC_484\Debug\BLE Lab 4.a(cyfitter_cfg.o)
                              .\CortexM0\ARM_GCC_484\Debug\Cm0Start.o (cyfitter_cfg)
.\CortexM0\ARM_GCC_484\Debug\BLE Lab 4.a(GREEN.o)
                              .\CortexM0\ARM_GCC_484\Debug\main.o (GREEN_SetDriveMode)
.\CortexM0\ARM_GCC_484\Debug\BLE Lab 4.a(RED.o)
                              .\CortexM0\ARM_GCC_484\Debug\main.o (RED_SetDriveMode)
.\CortexM0\ARM_GCC_484\Debug\BLE Lab 4.a(PRS_2.o)
                              .\CortexM0\ARM_GCC_484\Debug\main.o (PRS_2_Start)
.\CortexM0\ARM_GCC_484\Debug\BLE Lab 4.a(PRS_1.o)
                              .\CortexM0\ARM_GCC_484\Debug\main.o (PRS_1_Start)
.\CortexM0\ARM_GCC_484\Debug\BLE Lab 4.a(BLUE.o)
                              .\CortexM0\ARM_GCC_484\Debug\main.o (BLUE_SetDriveMode)
.\CortexM0\ARM_GCC_484\Debug\BLE Lab 4.a(BLE_1.o)
                              .\CortexM0\ARM_GCC_484\Debug\main.o (CyBle_Start)
.\CortexM0\ARM_GCC_484\Debug\BLE Lab 4.a(BLE_1_gatt.o)
                              .\CortexM0\ARM_GCC_484\Debug\BLEApplications.o (cyBle_state)
.\CortexM0\ARM_GCC_484\Debug\BLE Lab 4.a(BLE_1_eventHandler.o)
                              .\CortexM0\ARM_GCC_484\Debug\BLEApplications.o (cyBle_connHandle)
.\CortexM0\ARM_GCC_484\Debug\BLE Lab 4.a(BLE_1_custom.o)
                              .\CortexM0\ARM_GCC_484\Debug\BLEApplications.o (cyBle_customs)
.\CortexM0\ARM_GCC_484\Debug\BLE Lab 4.a(CapSense.o)
                              .\CortexM0\ARM_GCC_484\Debug\main.o (CapSense_Start)
.\CortexM0\ARM_GCC_484\Debug\BLE Lab 4.a(CapSense_CSHL.o)
                              .\CortexM0\ARM_GCC_484\Debug\BLE Lab 4.a(CapSense.o) (CapSense_rawDataIndex)
.\CortexM0\ARM_GCC_484\Debug\BLE Lab 4.a(CapSense_INT.o)
                              .\CortexM0\ARM_GCC_484\Debug\BLE Lab 4.a(CapSense.o) (CapSense_ISR)
.\CortexM0\ARM_GCC_484\Debug\BLE Lab 4.a(CapSense_SMS.o)
                              .\CortexM0\ARM_GCC_484\Debug\BLE Lab 4.a(CapSense_CSHL.o) (CapSense_config)
.\CortexM0\ARM_GCC_484\Debug\BLE Lab 4.a(CapSense_SampleClk.o)
                              .\CortexM0\ARM_GCC_484\Debug\BLE Lab 4.a(CapSense.o) (CapSense_SampleClk_StartEx)
.\CortexM0\ARM_GCC_484\Debug\BLE Lab 4.a(CapSense_SenseClk.o)
                              .\CortexM0\ARM_GCC_484\Debug\BLE Lab 4.a(CapSense.o) (CapSense_SenseClk_StartEx)
.\CortexM0\ARM_GCC_484\Debug\BLE Lab 4.a(CyBootAsmGnu.o)
                              .\CortexM0\ARM_GCC_484\Debug\BLE Lab 4.a(cyfitter_cfg.o) (CyDelayCycles)
.\CortexM0\ARM_GCC_484\Debug\BLE Lab 4.a(CyLib.o)
                              .\CortexM0\ARM_GCC_484\Debug\BLE Lab 4.a(cyfitter_cfg.o) (CyDelayUs)
C:\Program Files (x86)\Cypress\PSoC Creator\3.1\PSoC Creator\psoc\content\cycomponentlibrary\CyComponentLibrary.cylib\BLE_v1_20\Library\gccCyBLEStack_BLE_SOC_PERIPHERAL.a(CyBle.o)
                              .\CortexM0\ARM_GCC_484\Debug\main.o (CyBle_ProcessEvents)
C:\Program Files (x86)\Cypress\PSoC Creator\3.1\PSoC Creator\psoc\content\cycomponentlibrary\CyComponentLibrary.cylib\BLE_v1_20\Library\gccCyBLEStack_BLE_SOC_PERIPHERAL.a(CyBleStackMgrIP_Interface.o)
                              C:\Program Files (x86)\Cypress\PSoC Creator\3.1\PSoC Creator\psoc\content\cycomponentlibrary\CyComponentLibrary.cylib\BLE_v1_20\Library\gccCyBLEStack_BLE_SOC_PERIPHERAL.a(CyBle.o) (CyBleStackMgr_BleGetConfigData)
C:\Program Files (x86)\Cypress\PSoC Creator\3.1\PSoC Creator\psoc\content\cycomponentlibrary\CyComponentLibrary.cylib\BLE_v1_20\Library\gccCyBLEStack_BLE_SOC_PERIPHERAL.a(BT_os.o)
                              C:\Program Files (x86)\Cypress\PSoC Creator\3.1\PSoC Creator\psoc\content\cycomponentlibrary\CyComponentLibrary.cylib\BLE_v1_20\Library\gccCyBLEStack_BLE_SOC_PERIPHERAL.a(CyBleStackMgrIP_Interface.o) (bt_stack_init_os)
C:\Program Files (x86)\Cypress\PSoC Creator\3.1\PSoC Creator\psoc\content\cycomponentlibrary\CyComponentLibrary.cylib\BLE_v1_20\Library\gccCyBLEStack_BLE_SOC_PERIPHERAL.a(CyBleStackMgr_StackTaskHandler.o)
                              C:\Program Files (x86)\Cypress\PSoC Creator\3.1\PSoC Creator\psoc\content\cycomponentlibrary\CyComponentLibrary.cylib\BLE_v1_20\Library\gccCyBLEStack_BLE_SOC_PERIPHERAL.a(CyBleStackMgrIP_Interface.o) (CyBle_CreateBleStackTask)
C:\Program Files (x86)\Cypress\PSoC Creator\3.1\PSoC Creator\psoc\content\cycomponentlibrary\CyComponentLibrary.cylib\BLE_v1_20\Library\gccCyBLEStack_BLE_SOC_PERIPHERAL.a(transport_sf.o)
                              C:\Program Files (x86)\Cypress\PSoC Creator\3.1\PSoC Creator\psoc\content\cycomponentlibrary\CyComponentLibrary.cylib\BLE_v1_20\Library\gccCyBLEStack_BLE_SOC_PERIPHERAL.a(CyBleStackMgr_StackTaskHandler.o) (hci_soft_transport_notify_data_received)
C:\Program Files (x86)\Cypress\PSoC Creator\3.1\PSoC Creator\psoc\content\cycomponentlibrary\CyComponentLibrary.cylib\BLE_v1_20\Library\gccCyBLEStack_BLE_SOC_PERIPHERAL.a(CyBleStackMgr_PSoCHal.o)
[...]
Memory Configuration

Name             Origin             Length             Attributes
rom              0x00000000         0x00020000         xr
ram              0x20000000         0x00004000         xrw
*default*        0x00000000         0xffffffff

Linker script and memory map

LOAD c:/program files (x86)/cypress/psoc creator/3.1/psoc creator/import/gnu_cs/arm/4.8.4/bin/../lib/gcc/arm-none-eabi/4.8.4/armv6-m/crti.o
LOAD c:/program files (x86)/cypress/psoc creator/3.1/psoc creator/import/gnu_cs/arm/4.8.4/bin/../lib/gcc/arm-none-eabi/4.8.4/armv6-m/crtbegin.o
LOAD c:/program files (x86)/cypress/psoc creator/3.1/psoc creator/import/gnu_cs/arm/4.8.4/bin/../lib/gcc/arm-none-eabi/4.8.4/../../../../arm-none-eabi/lib/armv6-m/crt0.o
START GROUP
LOAD .\CortexM0\ARM_GCC_484\Debug\main.o
LOAD .\CortexM0\ARM_GCC_484\Debug\BLEApplications.o
LOAD .\CortexM0\ARM_GCC_484\Debug\cymetadata.o
LOAD .\CortexM0\ARM_GCC_484\Debug\Cm0Start.o
LOAD .\CortexM0\ARM_GCC_484\Debug\BLE Lab 4.a
LOAD C:\Program Files (x86)\Cypress\PSoC Creator\3.1\PSoC Creator\psoc\content\cycomponentlibrary\CyComponentLibrary.cylib\BLE_v1_20\Library\gccCyBLEStack_BLE_SOC_PERIPHERAL.a
LOAD C:\Program Files (x86)\Cypress\PSoC Creator\3.1\PSoC Creator\psoc\content\cycomponentlibrary\CyComponentLibrary.cylib\CapSense_CSD_P4_v2_10\PSoC4\Library\CapsenseP4Library_GCC.a
LOAD C:\Program Files (x86)\Cypress\PSoC Creator\3.1\PSoC Creator\psoc\content\cycomponentlibrary\CyComponentLibrary.cylib\CortexM0\ARM_GCC_484\Debug\CyComponentLibrary.a
END GROUP
START GROUP
LOAD c:/program files (x86)/cypress/psoc creator/3.1/psoc creator/import/gnu_cs/arm/4.8.4/bin/../lib/gcc/arm-none-eabi/4.8.4/armv6-m\libgcc.a
LOAD c:/program files (x86)/cypress/psoc creator/3.1/psoc creator/import/gnu_cs/arm/4.8.4/bin/../lib/gcc/arm-none-eabi/4.8.4/../../../../arm-none-eabi/lib/armv6-m\libg_s.a
LOAD c:/program files (x86)/cypress/psoc creator/3.1/psoc creator/import/gnu_cs/arm/4.8.4/bin/../lib/gcc/arm-none-eabi/4.8.4/../../../../arm-none-eabi/lib/armv6-m\libc_s.a
END GROUP
START GROUP
LOAD c:/program files (x86)/cypress/psoc creator/3.1/psoc creator/import/gnu_cs/arm/4.8.4/bin/../lib/gcc/arm-none-eabi/4.8.4/armv6-m\libgcc.a
LOAD c:/program files (x86)/cypress/psoc creator/3.1/psoc creator/import/gnu_cs/arm/4.8.4/bin/../lib/gcc/arm-none-eabi/4.8.4/../../../../arm-none-eabi/lib/armv6-m\libc_s.a
END GROUP
LOAD c:/program files (x86)/cypress/psoc creator/3.1/psoc creator/import/gnu_cs/arm/4.8.4/bin/../lib/gcc/arm-none-eabi/4.8.4/armv6-m/crtend.o
LOAD c:/program files (x86)/cypress/psoc creator/3.1/psoc creator/import/gnu_cs/arm/4.8.4/bin/../lib/gcc/arm-none-eabi/4.8.4/armv6-m/crtn.o
START GROUP
LOAD c:/program files (x86)/cypress/psoc creator/3.1/psoc creator/import/gnu_cs/arm/4.8.4/bin/../lib/gcc/arm-none-eabi/4.8.4/armv6-m\libgcc.a
LOAD c:/program files (x86)/cypress/psoc creator/3.1/psoc creator/import/gnu_cs/arm/4.8.4/bin/../lib/gcc/arm-none-eabi/4.8.4/../../../../arm-none-eabi/lib/armv6-m\libc.a
LOAD c:/program files (x86)/cypress/psoc creator/3.1/psoc creator/import/gnu_cs/arm/4.8.4/bin/../lib/gcc/arm-none-eabi/4.8.4/../../../../arm-none-eabi/lib/armv6-m\libnosys.a
END GROUP
                0x00000000                CY_APPL_ORIGIN = 0x0
                0x00000080                CY_FLASH_ROW_SIZE = 0x80
                0x00000001                CY_APPL_NUM = 0x1
                0x00000040                CY_METADATA_SIZE = 0x40
                0x20002600                PROVIDE (__cy_heap_start, _end)
                0x00000001                PROVIDE (__cy_region_num, ((__cy_regions_end - __cy_regions) / 0x10))
                0x20004000                PROVIDE (__cy_stack, (ORIGIN (ram) + 0x4000))
                0x20003800                PROVIDE (__cy_heap_end, (__cy_stack - 0x800))

.cybootloader   0x00000000        0x0
 *(.cybootloader)
                0x00000000                appl1_start = CY_APPL_ORIGIN?CY_APPL_ORIGIN:ALIGN (CY_FLASH_ROW_SIZE)
                0x0000ff80                appl2_start = (appl1_start + ALIGN ((((0x20000 - appl1_start) - (0x2 * CY_FLASH_ROW_SIZE)) / 0x2), CY_FLASH_ROW_SIZE))
                0x00000000                appl_start = (CY_APPL_NUM == 0x1)?appl1_start:appl2_start

.text           0x00000000     0x3200
 CREATE_OBJECT_SYMBOLS
                0x00000000                PROVIDE (__cy_interrupt_vector, RomVectors)
 *(.romvectors)
 .romvectors    0x00000000       0x10 .\CortexM0\ARM_GCC_484\Debug\Cm0Start.o
                0x00000000                RomVectors
                0x00000001                ASSERT ((. != __cy_interrupt_vector), No interrupt vector)
                0x00000001                ASSERT (CY_APPL_ORIGIN?(SIZEOF (.cybootloader) <= CY_APPL_ORIGIN):0x1, Wrong image location)
                0x00000010                PROVIDE (__cy_reset, Reset)
 *(.text.Reset)
 .text.Reset    0x00000010        0x8 .\CortexM0\ARM_GCC_484\Debug\Cm0Start.o
                0x00000010                Reset
                0x00000001                ASSERT ((. != __cy_reset), No reset code)
 *(.psocinit)
 .psocinit      0x00000018      0x360 .\CortexM0\ARM_GCC_484\Debug\BLE Lab 4.a(cyfitter_cfg.o)
                0x000001c8                cyfitter_cfg
                0x00000378                . = MAX (., 0x100)
 *(.text .text.* .gnu.linkonce.t.*)
 .text          0x00000378       0x60 c:/program files (x86)/cypress/psoc creator/3.1/psoc creator/import/gnu_cs/arm/4.8.4/bin/../lib/gcc/arm-none-eabi/4.8.4/armv6-m/crtbegin.o
 .text.main     0x000003d8       0x30 .\CortexM0\ARM_GCC_484\Debug\main.o
                0x000003d8                main
 .text.InitializeSystem
                0x00000408       0x4c .\CortexM0\ARM_GCC_484\Debug\main.o
 .text.HandleCapSenseSlider
                0x00000454       0x68 .\CortexM0\ARM_GCC_484\Debug\main.o
 .text.CustomEventHandler
                0x000004bc      0x114 .\CortexM0\ARM_GCC_484\Debug\BLEApplications.o
                0x000004bc                CustomEventHandler
 .text.SendCapSenseNotification
                0x000005d0       0x50 .\CortexM0\ARM_GCC_484\Debug\BLEApplications.o
                0x000005d0                SendCapSenseNotification
 .text.UpdateRGBled
                0x00000620       0xc0 .\CortexM0\ARM_GCC_484\Debug\BLEApplications.o
                0x00000620                UpdateRGBled
 .text.UpdateNotificationCCCD
                0x000006e0       0x60 .\CortexM0\ARM_GCC_484\Debug\BLEApplications.o
                0x000006e0                UpdateNotificationCCCD
 .text.IntDefaultHandler
                0x00000740        0x8 .\CortexM0\ARM_GCC_484\Debug\Cm0Start.o
                0x00000740                IntDefaultHandler
 .text.Start_c  0x00000748       0x98 .\CortexM0\ARM_GCC_484\Debug\Cm0Start.o
                0x00000748                Start_c
 .text.initialize_psoc
                0x000007e0       0x70 .\CortexM0\ARM_GCC_484\Debug\Cm0Start.o
                0x000007e0                initialize_psoc
 .text.CYMEMZERO
                0x00000850       0x20 .\CortexM0\ARM_GCC_484\Debug\BLE Lab 4.a(cyfitter_cfg.o)
 .text.cfg_write_bytes32
                0x00000870       0x80 .\CortexM0\ARM_GCC_484\Debug\BLE Lab 4.a(cyfitter_cfg.o)
 .text.AnalogSetDefault
                0x000008f0       0x2c .\CortexM0\ARM_GCC_484\Debug\BLE Lab 4.a(cyfitter_cfg.o)
 .text.SetAnalogRoutingPumps
                0x0000091c       0x70 .\CortexM0\ARM_GCC_484\Debug\BLE Lab 4.a(cyfitter_cfg.o)
                0x0000091c                SetAnalogRoutingPumps
 .text.GREEN_SetDriveMode
                0x0000098c       0x30 .\CortexM0\ARM_GCC_484\Debug\BLE Lab 4.a(GREEN.o)
                0x0000098c                GREEN_SetDriveMode
 .text.RED_SetDriveMode
                0x000009bc       0x30 .\CortexM0\ARM_GCC_484\Debug\BLE Lab 4.a(RED.o)
                0x000009bc                RED_SetDriveMode
 .text.PRS_2_Start
                0x000009ec       0x24 .\CortexM0\ARM_GCC_484\Debug\BLE Lab 4.a(PRS_2.o)
                0x000009ec                PRS_2_Start
 .text.PRS_2_Init
                0x00000a10       0x70 .\CortexM0\ARM_GCC_484\Debug\BLE Lab 4.a(PRS_2.o)
                0x00000a10                PRS_2_Init
 .text.PRS_2_Enable
                0x00000a80       0x1c .\CortexM0\ARM_GCC_484\Debug\BLE Lab 4.a(PRS_2.o)
                0x00000a80                PRS_2_Enable
 .text.PRS_2_WriteSeed
                0x00000a9c       0x34 .\CortexM0\ARM_GCC_484\Debug\BLE Lab 4.a(PRS_2.o)
                0x00000a9c                PRS_2_WriteSeed
 .text.PRS_2_WritePolynomial
                0x00000ad0       0x20 .\CortexM0\ARM_GCC_484\Debug\BLE Lab 4.a(PRS_2.o)
                0x00000ad0                PRS_2_WritePolynomial
 .text.PRS_2_WritePulse0
                0x00000af0       0x20 .\CortexM0\ARM_GCC_484\Debug\BLE Lab 4.a(PRS_2.o)
                0x00000af0                PRS_2_WritePulse0
 .text.PRS_2_WritePulse1
                0x00000b10       0x20 .\CortexM0\ARM_GCC_484\Debug\BLE Lab 4.a(PRS_2.o)
                0x00000b10                PRS_2_WritePulse1
 .text.PRS_1_Start
                0x00000b30       0x24 .\CortexM0\ARM_GCC_484\Debug\BLE Lab 4.a(PRS_1.o)
                0x00000b30                PRS_1_Start
 .text.PRS_1_Init
                0x00000b54       0x70 .\CortexM0\ARM_GCC_484\Debug\BLE Lab 4.a(PRS_1.o)
                0x00000b54                PRS_1_Init
 .text.PRS_1_Enable
                0x00000bc4       0x1c .\CortexM0\ARM_GCC_484\Debug\BLE Lab 4.a(PRS_1.o)
                0x00000bc4                PRS_1_Enable
 .text.PRS_1_WriteSeed
                0x00000be0       0x34 .\CortexM0\ARM_GCC_484\Debug\BLE Lab 4.a(PRS_1.o)
                0x00000be0                PRS_1_WriteSeed
 .text.PRS_1_WritePolynomial
                0x00000c14       0x20 .\CortexM0\ARM_GCC_484\Debug\BLE Lab 4.a(PRS_1.o)
                0x00000c14                PRS_1_WritePolynomial
 .text.PRS_1_WritePulse0
                0x00000c34       0x20 .\CortexM0\ARM_GCC_484\Debug\BLE Lab 4.a(PRS_1.o)
                0x00000c34                PRS_1_WritePulse0
 .text.PRS_1_WritePulse1
                0x00000c54       0x20 .\CortexM0\ARM_GCC_484\Debug\BLE Lab 4.a(PRS_1.o)
                0x00000c54                PRS_1_WritePulse1
 .text.BLUE_SetDriveMode
                0x00000c74       0x30 .\CortexM0\ARM_GCC_484\Debug\BLE Lab 4.a(BLUE.o)
                0x00000c74                BLUE_SetDriveMode
 .text.CyBle_Init
                0x00000ca4       0x2c .\CortexM0\ARM_GCC_484\Debug\BLE Lab 4.a(BLE_1.o)
                0x00000ca4                CyBle_Init
 .text.CyBle_ServiceInit
                0x00000cd0        0x8 .\CortexM0\ARM_GCC_484\Debug\BLE Lab 4.a(BLE_1.o)
                0x00000cd0                CyBle_ServiceInit
 .text.CyBle_Start
                0x00000cd8       0x90 .\CortexM0\ARM_GCC_484\Debug\BLE Lab 4.a(BLE_1.o)
                0x00000cd8                CyBle_Start
 .text.CyBle_GappStartAdvertisement
                0x00000d68       0xc4 .\CortexM0\ARM_GCC_484\Debug\BLE Lab 4.a(BLE_1.o)
                0x00000d68                CyBle_GappStartAdvertisement
 .text.CyBle_ChangeAdDeviceAddress
                0x00000e2c       0x60 .\CortexM0\ARM_GCC_484\Debug\BLE Lab 4.a(BLE_1.o)
                0x00000e2c                CyBle_ChangeAdDeviceAddress
 .text.CyBle_Get16ByPtr
                0x00000e8c       0x24 .\CortexM0\ARM_GCC_484\Debug\BLE Lab 4.a(BLE_1.o)
                0x00000e8c                CyBle_Get16ByPtr
 .text.CyBle_GattsWriteEventHandler
                0x00000eb0       0xa0 .\CortexM0\ARM_GCC_484\Debug\BLE Lab 4.a(BLE_1_gatt.o)
                0x00000eb0                CyBle_GattsWriteEventHandler
 .text.CyBle_WriteReqHandler
                0x00000f50       0x70 .\CortexM0\ARM_GCC_484\Debug\BLE Lab 4.a(BLE_1_eventHandler.o)
 .text.CyBle_ValueConfirmation
                0x00000fc0       0x10 .\CortexM0\ARM_GCC_484\Debug\BLE Lab 4.a(BLE_1_eventHandler.o)
 .text.CyBle_GattDisconnectEventHandler
                0x00000fd0       0x18 .\CortexM0\ARM_GCC_484\Debug\BLE Lab 4.a(BLE_1_eventHandler.o)
 .text.CyBle_TimeOutEventHandler
                0x00000fe8       0x10 .\CortexM0\ARM_GCC_484\Debug\BLE Lab 4.a(BLE_1_eventHandler.o)
 .text.CyBle_GattConnectReqHandler
                0x00000ff8        0x8 .\CortexM0\ARM_GCC_484\Debug\BLE Lab 4.a(BLE_1_eventHandler.o)
 .text.CyBle_IsDeviceAddressValid
                0x00001000       0x60 .\CortexM0\ARM_GCC_484\Debug\BLE Lab 4.a(BLE_1_eventHandler.o)
 .text.CyBle_L2Cap_ConnParamUpdateRspEventHandler
                0x00001060       0x14 .\CortexM0\ARM_GCC_484\Debug\BLE Lab 4.a(BLE_1_eventHandler.o)
 .text.CyBle_GapConnUpdateCompleteEventHandler
                0x00001074       0x10 .\CortexM0\ARM_GCC_484\Debug\BLE Lab 4.a(BLE_1_eventHandler.o)
 .text.CyBle_EventHandler
                0x00001084      0x2d8 .\CortexM0\ARM_GCC_484\Debug\BLE Lab 4.a(BLE_1_eventHandler.o)
                0x00001084                CyBle_EventHandler
 .text.CapSense_Init
                0x0000135c       0x3c .\CortexM0\ARM_GCC_484\Debug\BLE Lab 4.a(CapSense.o)
                0x0000135c                CapSense_Init
 .text.CapSense_CsdHwBlockInit
                0x00001398       0xbc .\CortexM0\ARM_GCC_484\Debug\BLE Lab 4.a(CapSense.o)
                0x00001398                CapSense_CsdHwBlockInit
 .text.CapSense_Enable
                0x00001454       0x54 .\CortexM0\ARM_GCC_484\Debug\BLE Lab 4.a(CapSense.o)
                0x00001454                CapSense_Enable
 .text.CapSense_Start
                0x000014a8       0x44 .\CortexM0\ARM_GCC_484\Debug\BLE Lab 4.a(CapSense.o)
                0x000014a8                CapSense_Start
 .text.CapSense_FindNextSensor
                0x000014ec       0x48 .\CortexM0\ARM_GCC_484\Debug\BLE Lab 4.a(CapSense.o)
                0x000014ec                CapSense_FindNextSensor
 .text.CapSense_ScanSensor
                0x00001534       0x34 .\CortexM0\ARM_GCC_484\Debug\BLE Lab 4.a(CapSense.o)
                0x00001534                CapSense_ScanSensor
 .text.CapSense_ScanEnabledWidgets
                0x00001568       0x58 .\CortexM0\ARM_GCC_484\Debug\BLE Lab 4.a(CapSense.o)
                0x00001568                CapSense_ScanEnabledWidgets
 .text.CapSense_IsBusy
                0x000015c0       0x1c .\CortexM0\ARM_GCC_484\Debug\BLE Lab 4.a(CapSense.o)
                0x000015c0                CapSense_IsBusy
 .text.CapSense_ReadSensorRaw
                0x000015dc       0x1c .\CortexM0\ARM_GCC_484\Debug\BLE Lab 4.a(CapSense.o)
                0x000015dc                CapSense_ReadSensorRaw
 .text.CapSense_ClearSensors
                0x000015f8       0x28 .\CortexM0\ARM_GCC_484\Debug\BLE Lab 4.a(CapSense.o)
                0x000015f8                CapSense_ClearSensors
 .text.CapSense_EnableSensor
                0x00001620       0xcc .\CortexM0\ARM_GCC_484\Debug\BLE Lab 4.a(CapSense.o)
                0x00001620                CapSense_EnableSensor
 .text.CapSense_DisableSensor
                0x000016ec      0x120 .\CortexM0\ARM_GCC_484\Debug\BLE Lab 4.a(CapSense.o)
                0x000016ec                CapSense_DisableSensor
 .text.CapSense_PreScan
                0x0000180c      0x180 .\CortexM0\ARM_GCC_484\Debug\BLE Lab 4.a(CapSense.o)
                0x0000180c                CapSense_PreScan
 .text.CapSense_PostScan
                0x0000198c       0xc8 .\CortexM0\ARM_GCC_484\Debug\BLE Lab 4.a(CapSense.o)
                0x0000198c                CapSense_PostScan
 .text.CapSense_SetShieldDelay
                0x00001a54       0x30 .\CortexM0\ARM_GCC_484\Debug\BLE Lab 4.a(CapSense.o)
                0x00001a54                CapSense_SetShieldDelay
 .text.CapSense_GetBitValue
                0x00001a84       0x44 .\CortexM0\ARM_GCC_484\Debug\BLE Lab 4.a(CapSense.o)
                0x00001a84                CapSense_GetBitValue
 .text.CapSense_SetBitValue
                0x00001ac8       0x68 .\CortexM0\ARM_GCC_484\Debug\BLE Lab 4.a(CapSense.o)
                0x00001ac8                CapSense_SetBitValue
 .text.CapSense_GetSensorRaw
                0x00001b30       0x50 .\CortexM0\ARM_GCC_484\Debug\BLE Lab 4.a(CapSense.o)
                0x00001b30                CapSense_GetSensorRaw
 .text.CapSense_NormalizeWidgets
                0x00001b80       0x9c .\CortexM0\ARM_GCC_484\Debug\BLE Lab 4.a(CapSense.o)
                0x00001b80                CapSense_NormalizeWidgets
 .text.CapSense_BaseInit
                0x00001c1c       0x58 .\CortexM0\ARM_GCC_484\Debug\BLE Lab 4.a(CapSense_CSHL.o)
                0x00001c1c                CapSense_BaseInit
 .text.CapSense_InitializeSensorBaseline
                0x00001c74       0x2c .\CortexM0\ARM_GCC_484\Debug\BLE Lab 4.a(CapSense_CSHL.o)
                0x00001c74                CapSense_InitializeSensorBaseline
 .text.CapSense_InitializeAllBaselines
                0x00001ca0       0x28 .\CortexM0\ARM_GCC_484\Debug\BLE Lab 4.a(CapSense_CSHL.o)
                0x00001ca0                CapSense_InitializeAllBaselines
 .text.CapSense_UpdateBaselineNoThreshold
                0x00001cc8      0x228 .\CortexM0\ARM_GCC_484\Debug\BLE Lab 4.a(CapSense_CSHL.o)
                0x00001cc8                CapSense_UpdateBaselineNoThreshold
 .text.CapSense_UpdateSensorBaseline
                0x00001ef0       0x20 .\CortexM0\ARM_GCC_484\Debug\BLE Lab 4.a(CapSense_CSHL.o)
                0x00001ef0                CapSense_UpdateSensorBaseline
 .text.CapSense_UpdateEnabledBaselines
                0x00001f10       0x40 .\CortexM0\ARM_GCC_484\Debug\BLE Lab 4.a(CapSense_CSHL.o)
                0x00001f10                CapSense_UpdateEnabledBaselines
 .text.CapSense_FindMaximum
                0x00001f50       0xac .\CortexM0\ARM_GCC_484\Debug\BLE Lab 4.a(CapSense_CSHL.o)
                0x00001f50                CapSense_FindMaximum
 .text.CapSense_CalcCentroid
                0x00001ffc      0x194 .\CortexM0\ARM_GCC_484\Debug\BLE Lab 4.a(CapSense_CSHL.o)
                0x00001ffc                CapSense_CalcCentroid
 .text.CapSense_GetCentroidPos
                0x00002190      0x15c .\CortexM0\ARM_GCC_484\Debug\BLE Lab 4.a(CapSense_CSHL.o)
                0x00002190                CapSense_GetCentroidPos
 .text.CapSense_IIR4Filter
                0x000022ec       0x3c .\CortexM0\ARM_GCC_484\Debug\BLE Lab 4.a(CapSense_CSHL.o)
                0x000022ec                CapSense_IIR4Filter
 .text.CapSense_ISR
                0x00002328       0xd4 .\CortexM0\ARM_GCC_484\Debug\BLE Lab 4.a(CapSense_INT.o)
                0x00002328                CapSense_ISR
 .text.CapSense_AutoTune
                0x000023fc      0x104 .\CortexM0\ARM_GCC_484\Debug\BLE Lab 4.a(CapSense_SMS.o)
                0x000023fc                CapSense_AutoTune
 .text.CapSense_UpdateThresholds
                0x00002500       0xec .\CortexM0\ARM_GCC_484\Debug\BLE Lab 4.a(CapSense_SMS.o)
                0x00002500                CapSense_UpdateThresholds
 .text.CapSense_SetAnalogSwitchesSrcDirect
                0x000025ec       0x18 .\CortexM0\ARM_GCC_484\Debug\BLE Lab 4.a(CapSense_SMS.o)
                0x000025ec                CapSense_SetAnalogSwitchesSrcDirect
 .text.CapSense_DisableBaselineIDAC
                0x00002604       0x34 .\CortexM0\ARM_GCC_484\Debug\BLE Lab 4.a(CapSense_SMS.o)
                0x00002604                CapSense_DisableBaselineIDAC
 .text.CapSense_EnableBaselineIDAC
                0x00002638       0x8c .\CortexM0\ARM_GCC_484\Debug\BLE Lab 4.a(CapSense_SMS.o)
                0x00002638                CapSense_EnableBaselineIDAC
 .text.CapSense_SampleClk_StartEx
                0x000026c4       0x2c .\CortexM0\ARM_GCC_484\Debug\BLE Lab 4.a(CapSense_SampleClk.o)
                0x000026c4                CapSense_SampleClk_StartEx
 .text.CapSense_SampleClk_Stop
                0x000026f0       0x20 .\CortexM0\ARM_GCC_484\Debug\BLE Lab 4.a(CapSense_SampleClk.o)
                0x000026f0                CapSense_SampleClk_Stop
 .text.CapSense_SampleClk_SetFractionalDividerRegister
                0x00002710       0x44 .\CortexM0\ARM_GCC_484\Debug\BLE Lab 4.a(CapSense_SampleClk.o)
                0x00002710                CapSense_SampleClk_SetFractionalDividerRegister
 .text.CapSense_SenseClk_StartEx
                0x00002754       0x2c .\CortexM0\ARM_GCC_484\Debug\BLE Lab 4.a(CapSense_SenseClk.o)
                0x00002754                CapSense_SenseClk_StartEx
 .text.CapSense_SenseClk_Stop
                0x00002780       0x20 .\CortexM0\ARM_GCC_484\Debug\BLE Lab 4.a(CapSense_SenseClk.o)
                0x00002780                CapSense_SenseClk_Stop
 .text.CapSense_SenseClk_SetFractionalDividerRegister
                0x000027a0       0x44 .\CortexM0\ARM_GCC_484\Debug\BLE Lab 4.a(CapSense_SenseClk.o)
                0x000027a0                CapSense_SenseClk_SetFractionalDividerRegister
 *fill*         0x000027e4        0x4 
 .text          0x000027e8       0x20 .\CortexM0\ARM_GCC_484\Debug\BLE Lab 4.a(CyBootAsmGnu.o)
                0x000027e8                CyDelayCycles
                0x000027fa                CyEnterCriticalSection
                0x00002802                CyExitCriticalSection
 .text.CySysClkWcoSetHighPowerMode
                0x00002808       0x3c .\CortexM0\ARM_GCC_484\Debug\BLE Lab 4.a(CyLib.o)
 .text.CySysClkWcoSetLowPowerMode
                0x00002844       0x48 .\CortexM0\ARM_GCC_484\Debug\BLE Lab 4.a(CyLib.o)
 .text.CySysClkEcoStart
                0x0000288c       0x74 .\CortexM0\ARM_GCC_484\Debug\BLE Lab 4.a(CyLib.o)
                0x0000288c                CySysClkEcoStart
 .text.CySysClkEcoReadStatus
                0x00002900       0x18 .\CortexM0\ARM_GCC_484\Debug\BLE Lab 4.a(CyLib.o)
                0x00002900                CySysClkEcoReadStatus
 .text.CySysClkWcoStart
                0x00002918       0x20 .\CortexM0\ARM_GCC_484\Debug\BLE Lab 4.a(CyLib.o)
                0x00002918                CySysClkWcoStart
 .text.CySysClkWcoSetPowerMode
                0x00002938       0x40 .\CortexM0\ARM_GCC_484\Debug\BLE Lab 4.a(CyLib.o)
                0x00002938                CySysClkWcoSetPowerMode
 .text.CyIntSetVector
                0x00002978       0x4c .\CortexM0\ARM_GCC_484\Debug\BLE Lab 4.a(CyLib.o)
                0x00002978                CyIntSetVector
 .text.CyIntSetPriority
                0x000029c4       0xa8 .\CortexM0\ARM_GCC_484\Debug\BLE Lab 4.a(CyLib.o)
                0x000029c4                CyIntSetPriority
 .text.CyIntEnable
                0x00002a6c       0x2c .\CortexM0\ARM_GCC_484\Debug\BLE Lab 4.a(CyLib.o)
                0x00002a6c                CyIntEnable
 .text.CyIntDisable
                0x00002a98       0x2c .\CortexM0\ARM_GCC_484\Debug\BLE Lab 4.a(CyLib.o)
                0x00002a98                CyIntDisable
 .text.CyIntClearPending
                0x00002ac4       0x2c .\CortexM0\ARM_GCC_484\Debug\BLE Lab 4.a(CyLib.o)
                0x00002ac4                CyIntClearPending
 .text.CyHalt   0x00002af0       0x14 .\CortexM0\ARM_GCC_484\Debug\BLE Lab 4.a(CyLib.o)
                0x00002af0                CyHalt
 .text.CyDelay  0x00002b04       0x48 .\CortexM0\ARM_GCC_484\Debug\BLE Lab 4.a(CyLib.o)
                0x00002b04                CyDelay
 .text.CyDelayUs
                0x00002b4c       0x28 .\CortexM0\ARM_GCC_484\Debug\BLE Lab 4.a(CyLib.o)
                0x00002b4c                CyDelayUs
 .text.CalibrateOneDAC_P4_v2_10
                0x00002b74       0x44 C:\Program Files (x86)\Cypress\PSoC Creator\3.1\PSoC Creator\psoc\content\cycomponentlibrary\CyComponentLibrary.cylib\CapSense_CSD_P4_v2_10\PSoC4\Library\CapsenseP4Library_GCC.a(CSD_P4_SmartSense_v2_10.o)
                0x00002b74                CalibrateOneDAC_P4_v2_10
 .text.CalibrateSensors_P4_v2_10
                0x00002bb8       0x22 C:\Program Files (x86)\Cypress\PSoC Creator\3.1\PSoC Creator\psoc\content\cycomponentlibrary\CyComponentLibrary.cylib\CapSense_CSD_P4_v2_10\PSoC4\Library\CapsenseP4Library_GCC.a(CSD_P4_SmartSense_v2_10.o)
                0x00002bb8                CalibrateSensors_P4_v2_10
 *fill*         0x00002bda        0x2 
 .text.TunePrescalers_P4_v2_10
                0x00002bdc       0x48 C:\Program Files (x86)\Cypress\PSoC Creator\3.1\PSoC Creator\psoc\content\cycomponentlibrary\CyComponentLibrary.cylib\CapSense_CSD_P4_v2_10\PSoC4\Library\CapsenseP4Library_GCC.a(CSD_P4_SmartSense_v2_10.o)
                0x00002bdc                TunePrescalers_P4_v2_10
 .text.TuneSensitivity_P4_v2_10
                0x00002c24      0x100 C:\Program Files (x86)\Cypress\PSoC Creator\3.1\PSoC Creator\psoc\content\cycomponentlibrary\CyComponentLibrary.cylib\CapSense_CSD_P4_v2_10\PSoC4\Library\CapsenseP4Library_GCC.a(CSD_P4_SmartSense_v2_10.o)
                0x00002c24                TuneSensitivity_P4_v2_10
 .text.MeasureNoiseEnvelope_P4_v2_10
                0x00002d24      0x118 C:\Program Files (x86)\Cypress\PSoC Creator\3.1\PSoC Creator\psoc\content\cycomponentlibrary\CyComponentLibrary.cylib\CapSense_CSD_P4_v2_10\PSoC4\Library\CapsenseP4Library_GCC.a(CSD_P4_SmartSense_v2_10.o)
                0x00002d24                MeasureNoiseEnvelope_P4_v2_10
 .text.CalculateThresholds_P4_v2_10
                0x00002e3c       0x44 C:\Program Files (x86)\Cypress\PSoC Creator\3.1\PSoC Creator\psoc\content\cycomponentlibrary\CyComponentLibrary.cylib\CapSense_CSD_P4_v2_10\PSoC4\Library\CapsenseP4Library_GCC.a(CSD_P4_SmartSense_v2_10.o)
                0x00002e3c                CalculateThresholds_P4_v2_10
 .text.CyBLE_Bless_LlRegWrite
                0x00002e80       0x1c .\CortexM0\ARM_GCC_484\Debug\BLE Lab 4.a(BLE_1_HAL_PVT.o)
                0x00002e80                CyBLE_Bless_LlRegWrite
 .text.CyBLE_Bless_RfRegWrite
                0x00002e9c       0x1c .\CortexM0\ARM_GCC_484\Debug\BLE Lab 4.a(BLE_1_HAL_PVT.o)
                0x00002e9c                CyBLE_Bless_RfRegWrite
 .text.CyBleHal_DelayUs
                0x00002eb8       0x1c .\CortexM0\ARM_GCC_484\Debug\BLE Lab 4.a(BLE_1_HAL_PVT.o)
                0x00002eb8                CyBleHal_DelayUs
 .text.CyBleHal_EnableGlobalInterrupts
                0x00002ed4        0xc .\CortexM0\ARM_GCC_484\Debug\BLE Lab 4.a(BLE_1_HAL_PVT.o)
                0x00002ed4                CyBleHal_EnableGlobalInterrupts
 .text.CyBleHal_DisableGlobalInterrupts
                0x00002ee0        0xc .\CortexM0\ARM_GCC_484\Debug\BLE Lab 4.a(BLE_1_HAL_PVT.o)
                0x00002ee0                CyBleHal_DisableGlobalInterrupts
 .text.CyBle_HalInit
                0x00002eec       0x20 .\CortexM0\ARM_GCC_484\Debug\BLE Lab 4.a(BLE_1_HAL_PVT.o)
                0x00002eec                CyBle_HalInit
 .text.CYBLE_BlessStart
                0x00002f0c       0x14 .\CortexM0\ARM_GCC_484\Debug\BLE Lab 4.a(BLE_1_HAL_PVT.o)
                0x00002f0c                CYBLE_BlessStart
 .text.BLE_1_bless_isr_StartEx
                0x00002f20       0x24 .\CortexM0\ARM_GCC_484\Debug\BLE Lab 4.a(BLE_1_bless_isr.o)
                0x00002f20                BLE_1_bless_isr_StartEx
 .text.BLE_1_bless_isr_SetVector
                0x00002f44       0x18 .\CortexM0\ARM_GCC_484\Debug\BLE Lab 4.a(BLE_1_bless_isr.o)
                0x00002f44                BLE_1_bless_isr_SetVector
 .text.BLE_1_bless_isr_SetPriority
                0x00002f5c       0x50 .\CortexM0\ARM_GCC_484\Debug\BLE Lab 4.a(BLE_1_bless_isr.o)
                0x00002f5c                BLE_1_bless_isr_SetPriority
 .text.BLE_1_bless_isr_Enable
                0x00002fac       0x14 .\CortexM0\ARM_GCC_484\Debug\BLE Lab 4.a(BLE_1_bless_isr.o)
                0x00002fac                BLE_1_bless_isr_Enable
 .text.BLE_1_bless_isr_Disable
                0x00002fc0       0x14 .\CortexM0\ARM_GCC_484\Debug\BLE Lab 4.a(BLE_1_bless_isr.o)
                0x00002fc0                BLE_1_bless_isr_Disable
 .text.CySysPmSleep
                0x00002fd4       0x34 .\CortexM0\ARM_GCC_484\Debug\BLE Lab 4.a(cyPm.o)
                0x00002fd4                CySysPmSleep
 .text.CyBLE_Bless_Interrupt
                0x00003008        0xc .\CortexM0\ARM_GCC_484\Debug\BLE Lab 4.a(BLE_1_HAL_INT.o)
                0x00003008                CyBLE_Bless_Interrupt
 .text          0x00003014       0x9c c:/program files (x86)/cypress/psoc creator/3.1/psoc creator/import/gnu_cs/arm/4.8.4/bin/../lib/gcc/arm-none-eabi/4.8.4/armv6-m\libgcc.a(_udivsi3.o)
                0x00003014                __aeabi_uidiv
                0x00003014                __udivsi3
                0x0000309c                __aeabi_uidivmod
 .text          0x000030b0       0xc0 c:/program files (x86)/cypress/psoc creator/3.1/psoc creator/import/gnu_cs/arm/4.8.4/bin/../lib/gcc/arm-none-eabi/4.8.4/armv6-m\libgcc.a(_divsi3.o)
                0x000030b0                __divsi3
                0x000030b0                __aeabi_idiv
                0x0000315c                __aeabi_idivmod
 .text          0x00003170        0x4 c:/program files (x86)/cypress/psoc creator/3.1/psoc creator/import/gnu_cs/arm/4.8.4/bin/../lib/gcc/arm-none-eabi/4.8.4/armv6-m\libgcc.a(_dvmd_tls.o)
                0x00003170                __aeabi_idiv0
                0x00003170                __aeabi_ldiv0
 .text.__libc_init_array
                0x00003174       0x4c c:/program files (x86)/cypress/psoc creator/3.1/psoc creator/import/gnu_cs/arm/4.8.4/bin/../lib/gcc/arm-none-eabi/4.8.4/../../../../arm-none-eabi/lib/armv6-m\libg_s.a(lib_a-init.o)
                0x00003174                __libc_init_array
 .text.memcmp   0x000031c0       0x1e c:/program files (x86)/cypress/psoc creator/3.1/psoc creator/import/gnu_cs/arm/4.8.4/bin/../lib/gcc/arm-none-eabi/4.8.4/../../../../arm-none-eabi/lib/armv6-m\libg_s.a(lib_a-memcmp.o)
                0x000031c0                memcmp
 .text.memcpy   0x000031de       0x12 c:/program files (x86)/cypress/psoc creator/3.1/psoc creator/import/gnu_cs/arm/4.8.4/bin/../lib/gcc/arm-none-eabi/4.8.4/../../../../arm-none-eabi/lib/armv6-m\libg_s.a(lib_a-memcpy-stub.o)
                0x000031de                memcpy
 .text.memset   0x000031f0       0x10 c:/program files (x86)/cypress/psoc creator/3.1/psoc creator/import/gnu_cs/arm/4.8.4/bin/../lib/gcc/arm-none-eabi/4.8.4/../../../../arm-none-eabi/lib/armv6-m\libg_s.a(lib_a-memset.o)
                0x000031f0                memset
 *(.plt)
 *(.gnu.warning)
 *(.glue_7t)
 .glue_7t       0x00000000        0x0 linker stubs
 *(.glue_7)
 .glue_7        0x00000000        0x0 linker stubs
 *(.vfp11_veneer)
 .vfp11_veneer  0x00000000        0x0 linker stubs
 *(.bootloader)
 *(.ARM.extab* .gnu.linkonce.armextab.*)
 *(.gcc_except_table)

.v4_bx          0x00003200        0x0
 .v4_bx         0x00000000        0x0 linker stubs

.iplt           0x00003200        0x0
 .iplt          0x00000000        0x0 c:/program files (x86)/cypress/psoc creator/3.1/psoc creator/import/gnu_cs/arm/4.8.4/bin/../lib/gcc/arm-none-eabi/4.8.4/armv6-m/crtbegin.o

i.CyBle_ExitLPM
                0x00003200        0x8
 i.CyBle_ExitLPM
                0x00003200        0x8 C:\Program Files (x86)\Cypress\PSoC Creator\3.1\PSoC Creator\psoc\content\cycomponentlibrary\CyComponentLibrary.cylib\BLE_v1_20\Library\gccCyBLEStack_BLE_SOC_PERIPHERAL.a(CyBle.o)
                0x00003200                CyBle_ExitLPM

i.CyBle_ProcessEvents
                0x00003208        0x8
 i.CyBle_ProcessEvents
                0x00003208        0x8 C:\Program Files (x86)\Cypress\PSoC Creator\3.1\PSoC Creator\psoc\content\cycomponentlibrary\CyComponentLibrary.cylib\BLE_v1_20\Library\gccCyBLEStack_BLE_SOC_PERIPHERAL.a(CyBle.o)
                0x00003208                CyBle_ProcessEvents

i.CyBle_SetDeviceAddress
                0x00003210       0x24
 i.CyBle_SetDeviceAddress
                0x00003210       0x24 C:\Program Files (x86)\Cypress\PSoC Creator\3.1\PSoC Creator\psoc\content\cycomponentlibrary\CyComponentLibrary.cylib\BLE_v1_20\Library\gccCyBLEStack_BLE_SOC_PERIPHERAL.a(CyBle.o)
                0x00003210                CyBle_SetDeviceAddress

i.CyBle_StackInit
                0x00003234       0x84
 i.CyBle_StackInit
                0x00003234       0x84 C:\Program Files (x86)\Cypress\PSoC Creator\3.1\PSoC Creator\psoc\content\cycomponentlibrary\CyComponentLibrary.cylib\BLE_v1_20\Library\gccCyBLEStack_BLE_SOC_PERIPHERAL.a(CyBle.o)
                0x00003234                CyBle_StackInit

i.CyBleStackMgr_BleGetConfigData
                0x000032b8        0x4
 i.CyBleStackMgr_BleGetConfigData
                0x000032b8        0x4 C:\Program Files (x86)\Cypress\PSoC Creator\3.1\PSoC Creator\psoc\content\cycomponentlibrary\CyComponentLibrary.cylib\BLE_v1_20\Library\gccCyBLEStack_BLE_SOC_PERIPHERAL.a(CyBleStackMgrIP_Interface.o)
                0x000032b8                CyBleStackMgr_BleGetConfigData

i.CyBleStackMgr_BleSetConfigData
                0x000032bc        0x4
 i.CyBleStackMgr_BleSetConfigData
                0x000032bc        0x4 C:\Program Files (x86)\Cypress\PSoC Creator\3.1\PSoC Creator\psoc\content\cycomponentlibrary\CyComponentLibrary.cylib\BLE_v1_20\Library\gccCyBLEStack_BLE_SOC_PERIPHERAL.a(CyBleStackMgrIP_Interface.o)
                0x000032bc                CyBleStackMgr_BleSetConfigData

i.CyBleStackMgr_Init
                0x000032c0      0x104
 i.CyBleStackMgr_Init
                0x000032c0      0x104 C:\Program Files (x86)\Cypress\PSoC Creator\3.1\PSoC Creator\psoc\content\cycomponentlibrary\CyComponentLibrary.cylib\BLE_v1_20\Library\gccCyBLEStack_BLE_SOC_PERIPHERAL.a(CyBleStackMgrIP_Interface.o)
                0x000032c0                CyBleStackMgr_Init

i.CyBleStackMgr_ProcessBleEvents
                0x000033c4       0x14
 i.CyBleStackMgr_ProcessBleEvents
                0x000033c4       0x14 C:\Program Files (x86)\Cypress\PSoC Creator\3.1\PSoC Creator\psoc\content\cycomponentlibrary\CyComponentLibrary.cylib\BLE_v1_20\Library\gccCyBLEStack_BLE_SOC_PERIPHERAL.a(CyBleStackMgrIP_Interface.o)
                0x000033c4                CyBleStackMgr_ProcessBleEvents

i.ble_stack_idle_task_callback
                0x000033d8        0x2
 i.ble_stack_idle_task_callback
                0x000033d8        0x2 C:\Program Files (x86)\Cypress\PSoC Creator\3.1\PSoC Creator\psoc\content\cycomponentlibrary\CyComponentLibrary.cylib\BLE_v1_20\Library\gccCyBLEStack_BLE_SOC_PERIPHERAL.a(CyBleStackMgrIP_Interface.o)
                0x000033d8                ble_stack_idle_task_callback

i.BT_OSFreeBuf  0x000033dc       0x18
 i.BT_OSFreeBuf
                0x000033dc       0x18 C:\Program Files (x86)\Cypress\PSoC Creator\3.1\PSoC Creator\psoc\content\cycomponentlibrary\CyComponentLibrary.cylib\BLE_v1_20\Library\gccCyBLEStack_BLE_SOC_PERIPHERAL.a(BT_os.o)
                0x000033dc                BT_OSFreeBuf

i.BT_OSGetBuF   0x000033f4       0x1c
 i.BT_OSGetBuF  0x000033f4       0x1c C:\Program Files (x86)\Cypress\PSoC Creator\3.1\PSoC Creator\psoc\content\cycomponentlibrary\CyComponentLibrary.cylib\BLE_v1_20\Library\gccCyBLEStack_BLE_SOC_PERIPHERAL.a(BT_os.o)
                0x000033f4                BT_OSGetBuF

i.BT_OSMemCreate
                0x00003410       0x1c
 i.BT_OSMemCreate
                0x00003410       0x1c C:\Program Files (x86)\Cypress\PSoC Creator\3.1\PSoC Creator\psoc\content\cycomponentlibrary\CyComponentLibrary.cylib\BLE_v1_20\Library\gccCyBLEStack_BLE_SOC_PERIPHERAL.a(BT_os.o)
                0x00003410                BT_OSMemCreate

i.BT_alloc_mem_ext
                0x0000342c       0x34
 i.BT_alloc_mem_ext
                0x0000342c       0x34 C:\Program Files (x86)\Cypress\PSoC Creator\3.1\PSoC Creator\psoc\content\cycomponentlibrary\CyComponentLibrary.cylib\BLE_v1_20\Library\gccCyBLEStack_BLE_SOC_PERIPHERAL.a(BT_os.o)
                0x0000342c                BT_alloc_mem_ext

i.BT_free_mem   0x00003460        0xc
 i.BT_free_mem  0x00003460        0xc C:\Program Files (x86)\Cypress\PSoC Creator\3.1\PSoC Creator\psoc\content\cycomponentlibrary\CyComponentLibrary.cylib\BLE_v1_20\Library\gccCyBLEStack_BLE_SOC_PERIPHERAL.a(BT_os.o)
                0x00003460                BT_free_mem

i.bt_stack_init_os
                0x0000346c       0x34
 i.bt_stack_init_os
                0x0000346c       0x34 C:\Program Files (x86)\Cypress\PSoC Creator\3.1\PSoC Creator\psoc\content\cycomponentlibrary\CyComponentLibrary.cylib\BLE_v1_20\Library\gccCyBLEStack_BLE_SOC_PERIPHERAL.a(BT_os.o)
                0x0000346c                bt_stack_init_os

i.CyBle_CheckBleStackTaskStatus
                0x000034a0        0x4
 i.CyBle_CheckBleStackTaskStatus
                0x000034a0        0x4 C:\Program Files (x86)\Cypress\PSoC Creator\3.1\PSoC Creator\psoc\content\cycomponentlibrary\CyComponentLibrary.cylib\BLE_v1_20\Library\gccCyBLEStack_BLE_SOC_PERIPHERAL.a(CyBleStackMgr_StackTaskHandler.o)
                0x000034a0                CyBle_CheckBleStackTaskStatus

i.CyBle_CreateBleStackTask
                0x000034a4       0x2c
 i.CyBle_CreateBleStackTask
                0x000034a4       0x2c C:\Program Files (x86)\Cypress\PSoC Creator\3.1\PSoC Creator\psoc\content\cycomponentlibrary\CyComponentLibrary.cylib\BLE_v1_20\Library\gccCyBLEStack_BLE_SOC_PERIPHERAL.a(CyBleStackMgr_StackTaskHandler.o)
                0x000034a4                CyBle_CreateBleStackTask

i.CyBle_SignalBleStackTask
                0x000034d0       0x50
 i.CyBle_SignalBleStackTask
                0x000034d0       0x50 C:\Program Files (x86)\Cypress\PSoC Creator\3.1\PSoC Creator\psoc\content\cycomponentlibrary\CyComponentLibrary.cylib\BLE_v1_20\Library\gccCyBLEStack_BLE_SOC_PERIPHERAL.a(CyBleStackMgr_StackTaskHandler.o)
                0x000034d0                CyBle_SignalBleStackTask

i.CyBle_StackTaskHandler
                0x00003520       0x5c
 i.CyBle_StackTaskHandler
                0x00003520       0x5c C:\Program Files (x86)\Cypress\PSoC Creator\3.1\PSoC Creator\psoc\content\cycomponentlibrary\CyComponentLibrary.cylib\BLE_v1_20\Library\gccCyBLEStack_BLE_SOC_PERIPHERAL.a(CyBleStackMgr_StackTaskHandler.o)
                0x00003520                CyBle_StackTaskHandler

i.__ARM_common_switch8
                0x0000357c       0x1a
 i.__ARM_common_switch8
                0x0000357c       0x1a C:\Program Files (x86)\Cypress\PSoC Creator\3.1\PSoC Creator\psoc\content\cycomponentlibrary\CyComponentLibrary.cylib\BLE_v1_20\Library\gccCyBLEStack_BLE_SOC_PERIPHERAL.a(CyBleStackMgr_StackTaskHandler.o)
                0x0000357c                __ARM_common_switch8

i.hci_soft_transport_notify_data_received
                0x00003598        0xc
 i.hci_soft_transport_notify_data_received
                0x00003598        0xc C:\Program Files (x86)\Cypress\PSoC Creator\3.1\PSoC Creator\psoc\content\cycomponentlibrary\CyComponentLibrary.cylib\BLE_v1_20\Library\gccCyBLEStack_BLE_SOC_PERIPHERAL.a(transport_sf.o)
                0x00003598                hci_soft_transport_notify_data_received

i.hci_soft_transport_rx_data
                0x000035a4       0x40
 i.hci_soft_transport_rx_data
                0x000035a4       0x40 C:\Program Files (x86)\Cypress\PSoC Creator\3.1\PSoC Creator\psoc\content\cycomponentlibrary\CyComponentLibrary.cylib\BLE_v1_20\Library\gccCyBLEStack_BLE_SOC_PERIPHERAL.a(transport_sf.o)
                0x000035a4                hci_soft_transport_rx_data

i.hci_transport_bt_init
                0x000035e4        0x2
 i.hci_transport_bt_init
                0x000035e4        0x2 C:\Program Files (x86)\Cypress\PSoC Creator\3.1\PSoC Creator\psoc\content\cycomponentlibrary\CyComponentLibrary.cylib\BLE_v1_20\Library\gccCyBLEStack_BLE_SOC_PERIPHERAL.a(transport_sf.o)
                0x000035e4                hci_transport_bt_init

i.hci_transport_init
                0x000035e8       0x10
 i.hci_transport_init
                0x000035e8       0x10 C:\Program Files (x86)\Cypress\PSoC Creator\3.1\PSoC Creator\psoc\content\cycomponentlibrary\CyComponentLibrary.cylib\BLE_v1_20\Library\gccCyBLEStack_BLE_SOC_PERIPHERAL.a(transport_sf.o)
                0x000035e8                hci_transport_init

i.hci_transport_write_data
                0x000035f8       0xd4
 i.hci_transport_write_data
                0x000035f8       0xd4 C:\Program Files (x86)\Cypress\PSoC Creator\3.1\PSoC Creator\psoc\content\cycomponentlibrary\CyComponentLibrary.cylib\BLE_v1_20\Library\gccCyBLEStack_BLE_SOC_PERIPHERAL.a(transport_sf.o)
                0x000035f8                hci_transport_write_data

i.pf_hci_soft_transport_write
                0x000036cc       0x44
 i.pf_hci_soft_transport_write
                0x000036cc       0x44 C:\Program Files (x86)\Cypress\PSoC Creator\3.1\PSoC Creator\psoc\content\cycomponentlibrary\CyComponentLibrary.cylib\BLE_v1_20\Library\gccCyBLEStack_BLE_SOC_PERIPHERAL.a(transport_sf.o)
                0x000036cc                pf_hci_soft_transport_write

i.pf_soft_hci_transport_init
                0x00003710        0xc
 i.pf_soft_hci_transport_init
                0x00003710        0xc C:\Program Files (x86)\Cypress\PSoC Creator\3.1\PSoC Creator\psoc\content\cycomponentlibrary\CyComponentLibrary.cylib\BLE_v1_20\Library\gccCyBLEStack_BLE_SOC_PERIPHERAL.a(transport_sf.o)
                0x00003710                pf_soft_hci_transport_init

i.CyBleStackMgr_GetTime
                0x0000371c       0x14
 i.CyBleStackMgr_GetTime
                0x0000371c       0x14 C:\Program Files (x86)\Cypress\PSoC Creator\3.1\PSoC Creator\psoc\content\cycomponentlibrary\CyComponentLibrary.cylib\BLE_v1_20\Library\gccCyBLEStack_BLE_SOC_PERIPHERAL.a(CyBleStackMgr_PSoCHal.o)
                0x0000371c                CyBleStackMgr_GetTime

i.CyBleStackMgr_HalInit
                0x00003730       0x24
 i.CyBleStackMgr_HalInit
                0x00003730       0x24 C:\Program Files (x86)\Cypress\PSoC Creator\3.1\PSoC Creator\psoc\content\cycomponentlibrary\CyComponentLibrary.cylib\BLE_v1_20\Library\gccCyBLEStack_BLE_SOC_PERIPHERAL.a(CyBleStackMgr_PSoCHal.o)
                0x00003730                CyBleStackMgr_HalInit

i.CyBleStackMgr_HalIntrEnable
                0x00003754        0x8
 i.CyBleStackMgr_HalIntrEnable
                0x00003754        0x8 C:\Program Files (x86)\Cypress\PSoC Creator\3.1\PSoC Creator\psoc\content\cycomponentlibrary\CyComponentLibrary.cylib\BLE_v1_20\Library\gccCyBLEStack_BLE_SOC_PERIPHERAL.a(CyBleStackMgr_PSoCHal.o)
                0x00003754                CyBleStackMgr_HalIntrEnable

i.CyBleStackMgr_HandleLinkLayerTick
                0x0000375c       0x5c
 i.CyBleStackMgr_HandleLinkLayerTick
                0x0000375c       0x5c C:\Program Files (x86)\Cypress\PSoC Creator\3.1\PSoC Creator\psoc\content\cycomponentlibrary\CyComponentLibrary.cylib\BLE_v1_20\Library\gccCyBLEStack_BLE_SOC_PERIPHERAL.a(CyBleStackMgr_PSoCHal.o)
                0x0000375c                CyBleStackMgr_HandleLinkLayerTick

i.CyBleStackMgr_HciPortInit
                0x000037b8        0xc
 i.CyBleStackMgr_HciPortInit
                0x000037b8        0xc C:\Program Files (x86)\Cypress\PSoC Creator\3.1\PSoC Creator\psoc\content\cycomponentlibrary\CyComponentLibrary.cylib\BLE_v1_20\Library\gccCyBLEStack_BLE_SOC_PERIPHERAL.a(CyBleStackMgr_PSoCHal.o)
                0x000037b8                CyBleStackMgr_HciPortInit

i.CyBleStackMgr_HciPortReset
                0x000037c4        0x2
 i.CyBleStackMgr_HciPortReset
                0x000037c4        0x2 C:\Program Files (x86)\Cypress\PSoC Creator\3.1\PSoC Creator\psoc\content\cycomponentlibrary\CyComponentLibrary.cylib\BLE_v1_20\Library\gccCyBLEStack_BLE_SOC_PERIPHERAL.a(CyBleStackMgr_PSoCHal.o)
                0x000037c4                CyBleStackMgr_HciPortReset

i.CyBleStackMgr_HciPortWrite
                0x000037c6        0x8
 i.CyBleStackMgr_HciPortWrite
                0x000037c6        0x8 C:\Program Files (x86)\Cypress\PSoC Creator\3.1\PSoC Creator\psoc\content\cycomponentlibrary\CyComponentLibrary.cylib\BLE_v1_20\Library\gccCyBLEStack_BLE_SOC_PERIPHERAL.a(CyBleStackMgr_PSoCHal.o)
                0x000037c6                CyBleStackMgr_HciPortWrite

i.CyBleStackMgr_ResetLinkLayerTimerEntity
                0x000037d0       0x14
 i.CyBleStackMgr_ResetLinkLayerTimerEntity
                0x000037d0       0x14 C:\Program Files (x86)\Cypress\PSoC Creator\3.1\PSoC Creator\psoc\content\cycomponentlibrary\CyComponentLibrary.cylib\BLE_v1_20\Library\gccCyBLEStack_BLE_SOC_PERIPHERAL.a(CyBleStackMgr_PSoCHal.o)
                0x000037d0                CyBleStackMgr_ResetLinkLayerTimerEntity

i.CyBleStackMgr_TimerStart
                0x000037e4       0x2c
 i.CyBleStackMgr_TimerStart
                0x000037e4       0x2c C:\Program Files (x86)\Cypress\PSoC Creator\3.1\PSoC Creator\psoc\content\cycomponentlibrary\CyComponentLibrary.cylib\BLE_v1_20\Library\gccCyBLEStack_BLE_SOC_PERIPHERAL.a(CyBleStackMgr_PSoCHal.o)
                0x000037e4                CyBleStackMgr_TimerStart

i.CyBleStackMgr_TimerStop
                0x00003810       0x18
 i.CyBleStackMgr_TimerStop
                0x00003810       0x18 C:\Program Files (x86)\Cypress\PSoC Creator\3.1\PSoC Creator\psoc\content\cycomponentlibrary\CyComponentLibrary.cylib\BLE_v1_20\Library\gccCyBLEStack_BLE_SOC_PERIPHERAL.a(CyBleStackMgr_PSoCHal.o)
                0x00003810                CyBleStackMgr_TimerStop

i.CyBleStackMgr_isTimerRunning
                0x00003828       0x10
 i.CyBleStackMgr_isTimerRunning
                0x00003828       0x10 C:\Program Files (x86)\Cypress\PSoC Creator\3.1\PSoC Creator\psoc\content\cycomponentlibrary\CyComponentLibrary.cylib\BLE_v1_20\Library\gccCyBLEStack_BLE_SOC_PERIPHERAL.a(CyBleStackMgr_PSoCHal.o)
                0x00003828                CyBleStackMgr_isTimerRunning

i.CyBleAtlantisRadioInit
                0x00003838      0x1ac
 i.CyBleAtlantisRadioInit
                0x00003838      0x1ac C:\Program Files (x86)\Cypress\PSoC Creator\3.1\PSoC Creator\psoc\content\cycomponentlibrary\CyComponentLibrary.cylib\BLE_v1_20\Library\gccCyBLEStack_BLE_SOC_PERIPHERAL.a(CyBleStackMgr_BleSSDriver.o)

i.CyBleStackMgr_BleSSFifoRead
                0x000039e4       0x38
 i.CyBleStackMgr_BleSSFifoRead
                0x000039e4       0x38 C:\Program Files (x86)\Cypress\PSoC Creator\3.1\PSoC Creator\psoc\content\cycomponentlibrary\CyComponentLibrary.cylib\BLE_v1_20\Library\gccCyBLEStack_BLE_SOC_PERIPHERAL.a(CyBleStackMgr_BleSSDriver.o)
                0x000039e4                CyBleStackMgr_BleSSFifoRead

i.CyBleStackMgr_BleSSFifoWrite
                0x00003a1c       0x30
 i.CyBleStackMgr_BleSSFifoWrite
                0x00003a1c       0x30 C:\Program Files (x86)\Cypress\PSoC Creator\3.1\PSoC Creator\psoc\content\cycomponentlibrary\CyComponentLibrary.cylib\BLE_v1_20\Library\gccCyBLEStack_BLE_SOC_PERIPHERAL.a(CyBleStackMgr_BleSSDriver.o)
                0x00003a1c                CyBleStackMgr_BleSSFifoWrite

i.CyBleStackMgr_BleSSInit
                0x00003a4c       0x50
 i.CyBleStackMgr_BleSSInit
                0x00003a4c       0x50 C:\Program Files (x86)\Cypress\PSoC Creator\3.1\PSoC Creator\psoc\content\cycomponentlibrary\CyComponentLibrary.cylib\BLE_v1_20\Library\gccCyBLEStack_BLE_SOC_PERIPHERAL.a(CyBleStackMgr_BleSSDriver.o)
                0x00003a4c                CyBleStackMgr_BleSSInit

i.CyBleStackMgr_BleSSMemRead
                0x00003a9c       0x26
 i.CyBleStackMgr_BleSSMemRead
                0x00003a9c       0x26 C:\Program Files (x86)\Cypress\PSoC Creator\3.1\PSoC Creator\psoc\content\cycomponentlibrary\CyComponentLibrary.cylib\BLE_v1_20\Library\gccCyBLEStack_BLE_SOC_PERIPHERAL.a(CyBleStackMgr_BleSSDriver.o)
                0x00003a9c                CyBleStackMgr_BleSSMemRead

i.CyBleStackMgr_BleSSMemWrite
                0x00003ac4       0x34
 i.CyBleStackMgr_BleSSMemWrite
                0x00003ac4       0x34 C:\Program Files (x86)\Cypress\PSoC Creator\3.1\PSoC Creator\psoc\content\cycomponentlibrary\CyComponentLibrary.cylib\BLE_v1_20\Library\gccCyBLEStack_BLE_SOC_PERIPHERAL.a(CyBleStackMgr_BleSSDriver.o)
                0x00003ac4                CyBleStackMgr_BleSSMemWrite

i.CyBleStackMgr_BleSSRegRead
                0x00003af8        0xc
 i.CyBleStackMgr_BleSSRegRead
                0x00003af8        0xc C:\Program Files (x86)\Cypress\PSoC Creator\3.1\PSoC Creator\psoc\content\cycomponentlibrary\CyComponentLibrary.cylib\BLE_v1_20\Library\gccCyBLEStack_BLE_SOC_PERIPHERAL.a(CyBleStackMgr_BleSSDriver.o)
                0x00003af8                CyBleStackMgr_BleSSRegRead

i.CyBleStackMgr_BleSSRegWrite
                0x00003b04        0xc
 i.CyBleStackMgr_BleSSRegWrite
                0x00003b04        0xc C:\Program Files (x86)\Cypress\PSoC Creator\3.1\PSoC Creator\psoc\content\cycomponentlibrary\CyComponentLibrary.cylib\BLE_v1_20\Library\gccCyBLEStack_BLE_SOC_PERIPHERAL.a(CyBleStackMgr_BleSSDriver.o)
                0x00003b04                CyBleStackMgr_BleSSRegWrite

i.CyBleStackMgr_BleSSReset
                0x00003b10       0x38
 i.CyBleStackMgr_BleSSReset
                0x00003b10       0x38 C:\Program Files (x86)\Cypress\PSoC Creator\3.1\PSoC Creator\psoc\content\cycomponentlibrary\CyComponentLibrary.cylib\BLE_v1_20\Library\gccCyBLEStack_BLE_SOC_PERIPHERAL.a(CyBleStackMgr_BleSSDriver.o)
                0x00003b10                CyBleStackMgr_BleSSReset

i.CyBleStackMgr_GenericIface
                0x00003b48       0x3c
 i.CyBleStackMgr_GenericIface
                0x00003b48       0x3c C:\Program Files (x86)\Cypress\PSoC Creator\3.1\PSoC Creator\psoc\content\cycomponentlibrary\CyComponentLibrary.cylib\BLE_v1_20\Library\gccCyBLEStack_BLE_SOC_PERIPHERAL.a(CyBleStackMgr_BleSSDriver.o)
                0x00003b48                CyBleStackMgr_GenericIface

i.CyBleStackMgr_HandleBleSSIntr
                0x00003b84       0x90
 i.CyBleStackMgr_HandleBleSSIntr
                0x00003b84       0x90 C:\Program Files (x86)\Cypress\PSoC Creator\3.1\PSoC Creator\psoc\content\cycomponentlibrary\CyComponentLibrary.cylib\BLE_v1_20\Library\gccCyBLEStack_BLE_SOC_PERIPHERAL.a(CyBleStackMgr_BleSSDriver.o)
                0x00003b84                CyBleStackMgr_HandleBleSSIntr

i.CyBleStackMgr_SetClockParam
                0x00003c14       0xb4
 i.CyBleStackMgr_SetClockParam
                0x00003c14       0xb4 C:\Program Files (x86)\Cypress\PSoC Creator\3.1\PSoC Creator\psoc\content\cycomponentlibrary\CyComponentLibrary.cylib\BLE_v1_20\Library\gccCyBLEStack_BLE_SOC_PERIPHERAL.a(CyBleStackMgr_BleSSDriver.o)

i.CyBle_ExitDsmMode
                0x00003cc8       0x2c
 i.CyBle_ExitDsmMode
                0x00003cc8       0x2c C:\Program Files (x86)\Cypress\PSoC Creator\3.1\PSoC Creator\psoc\content\cycomponentlibrary\CyComponentLibrary.cylib\BLE_v1_20\Library\gccCyBLEStack_BLE_SOC_PERIPHERAL.a(CyBleStackMgr_BleSSDriver.o)
                0x00003cc8                CyBle_ExitDsmMode

i.CyBle_GetBleSsOperationalMode
                0x00003cf4        0xc
 i.CyBle_GetBleSsOperationalMode
                0x00003cf4        0xc C:\Program Files (x86)\Cypress\PSoC Creator\3.1\PSoC Creator\psoc\content\cycomponentlibrary\CyComponentLibrary.cylib\BLE_v1_20\Library\gccCyBLEStack_BLE_SOC_PERIPHERAL.a(CyBleStackMgr_BleSSDriver.o)
                0x00003cf4                CyBle_GetBleSsOperationalMode

i.CyBle_GetLpMode
                0x00003d00       0x26
 i.CyBle_GetLpMode
                0x00003d00       0x26 C:\Program Files (x86)\Cypress\PSoC Creator\3.1\PSoC Creator\psoc\content\cycomponentlibrary\CyComponentLibrary.cylib\BLE_v1_20\Library\gccCyBLEStack_BLE_SOC_PERIPHERAL.a(CyBleStackMgr_BleSSDriver.o)
                0x00003d00                CyBle_GetLpMode

i.CyBle_GetTxGainMode
                0x00003d28       0x2c
 i.CyBle_GetTxGainMode
                0x00003d28       0x2c C:\Program Files (x86)\Cypress\PSoC Creator\3.1\PSoC Creator\psoc\content\cycomponentlibrary\CyComponentLibrary.cylib\BLE_v1_20\Library\gccCyBLEStack_BLE_SOC_PERIPHERAL.a(CyBleStackMgr_BleSSDriver.o)
                0x00003d28                CyBle_GetTxGainMode

i.CyBle_SetBleSsOperationalMode
                0x00003d54       0x20
 i.CyBle_SetBleSsOperationalMode
                0x00003d54       0x20 C:\Program Files (x86)\Cypress\PSoC Creator\3.1\PSoC Creator\psoc\content\cycomponentlibrary\CyComponentLibrary.cylib\BLE_v1_20\Library\gccCyBLEStack_BLE_SOC_PERIPHERAL.a(CyBleStackMgr_BleSSDriver.o)
                0x00003d54                CyBle_SetBleSsOperationalMode

i.CyBle_SetEventCloseState
                0x00003d74        0xc
 i.CyBle_SetEventCloseState
                0x00003d74        0xc C:\Program Files (x86)\Cypress\PSoC Creator\3.1\PSoC Creator\psoc\content\cycomponentlibrary\CyComponentLibrary.cylib\BLE_v1_20\Library\gccCyBLEStack_BLE_SOC_PERIPHERAL.a(CyBleStackMgr_BleSSDriver.o)
                0x00003d74                CyBle_SetEventCloseState

i.CyBle_SetRxGainMode
                0x00003d80       0x20
 i.CyBle_SetRxGainMode
                0x00003d80       0x20 C:\Program Files (x86)\Cypress\PSoC Creator\3.1\PSoC Creator\psoc\content\cycomponentlibrary\CyComponentLibrary.cylib\BLE_v1_20\Library\gccCyBLEStack_BLE_SOC_PERIPHERAL.a(CyBleStackMgr_BleSSDriver.o)
                0x00003d80                CyBle_SetRxGainMode

i.CyBle_SetTxGainMode
                0x00003da0       0x38
 i.CyBle_SetTxGainMode
                0x00003da0       0x38 C:\Program Files (x86)\Cypress\PSoC Creator\3.1\PSoC Creator\psoc\content\cycomponentlibrary\CyComponentLibrary.cylib\BLE_v1_20\Library\gccCyBLEStack_BLE_SOC_PERIPHERAL.a(CyBleStackMgr_BleSSDriver.o)
                0x00003da0                CyBle_SetTxGainMode

i.pf_rf_get_abs_rssi
                0x00003dd8       0x24
 i.pf_rf_get_abs_rssi
                0x00003dd8       0x24 C:\Program Files (x86)\Cypress\PSoC Creator\3.1\PSoC Creator\psoc\content\cycomponentlibrary\CyComponentLibrary.cylib\BLE_v1_20\Library\gccCyBLEStack_BLE_SOC_PERIPHERAL.a(CyBleStackMgr_BleSSDriver.o)
                0x00003dd8                pf_rf_get_abs_rssi

i.OS_init       0x00003dfc       0x64
 i.OS_init      0x00003dfc       0x64 C:\Program Files (x86)\Cypress\PSoC Creator\3.1\PSoC Creator\psoc\content\cycomponentlibrary\CyComponentLibrary.cylib\BLE_v1_20\Library\gccCyBLEStack_BLE_SOC_PERIPHERAL.a(mint_os.o)
                0x00003dfc                OS_init

i.mintos_malloc
                0x00003e60       0x34
 i.mintos_malloc
                0x00003e60       0x34 C:\Program Files (x86)\Cypress\PSoC Creator\3.1\PSoC Creator\psoc\content\cycomponentlibrary\CyComponentLibrary.cylib\BLE_v1_20\Library\gccCyBLEStack_BLE_SOC_PERIPHERAL.a(mint_os.o)
                0x00003e60                mintos_malloc

i.OS_create_queue
                0x00003e94       0x64
 i.OS_create_queue
                0x00003e94       0x64 C:\Program Files (x86)\Cypress\PSoC Creator\3.1\PSoC Creator\psoc\content\cycomponentlibrary\CyComponentLibrary.cylib\BLE_v1_20\Library\gccCyBLEStack_BLE_SOC_PERIPHERAL.a(mint_os_queue.o)
                0x00003e94                OS_create_queue

i.OS_enqueue_item
                0x00003ef8       0x8c
 i.OS_enqueue_item
                0x00003ef8       0x8c C:\Program Files (x86)\Cypress\PSoC Creator\3.1\PSoC Creator\psoc\content\cycomponentlibrary\CyComponentLibrary.cylib\BLE_v1_20\Library\gccCyBLEStack_BLE_SOC_PERIPHERAL.a(mint_os_queue.o)
                0x00003ef8                OS_enqueue_item

i.OS_queue_get_num_of_items
                0x00003f84       0x28
 i.OS_queue_get_num_of_items
                0x00003f84       0x28 C:\Program Files (x86)\Cypress\PSoC Creator\3.1\PSoC Creator\psoc\content\cycomponentlibrary\CyComponentLibrary.cylib\BLE_v1_20\Library\gccCyBLEStack_BLE_SOC_PERIPHERAL.a(mint_os_queue.o)
                0x00003f84                OS_queue_get_num_of_items

i.OS_queue_mgmt_init
                0x00003fac       0x40
 i.OS_queue_mgmt_init
                0x00003fac       0x40 C:\Program Files (x86)\Cypress\PSoC Creator\3.1\PSoC Creator\psoc\content\cycomponentlibrary\CyComponentLibrary.cylib\BLE_v1_20\Library\gccCyBLEStack_BLE_SOC_PERIPHERAL.a(mint_os_queue.o)
                0x00003fac                OS_queue_mgmt_init

i.OS_remove_item
                0x00003fec       0xa0
 i.OS_remove_item
                0x00003fec       0xa0 C:\Program Files (x86)\Cypress\PSoC Creator\3.1\PSoC Creator\psoc\content\cycomponentlibrary\CyComponentLibrary.cylib\BLE_v1_20\Library\gccCyBLEStack_BLE_SOC_PERIPHERAL.a(mint_os_queue.o)
                0x00003fec                OS_remove_item

i.OS_create_task
                0x0000408c       0x88
 i.OS_create_task
                0x0000408c       0x88 C:\Program Files (x86)\Cypress\PSoC Creator\3.1\PSoC Creator\psoc\content\cycomponentlibrary\CyComponentLibrary.cylib\BLE_v1_20\Library\gccCyBLEStack_BLE_SOC_PERIPHERAL.a(mint_os_task.o)
                0x0000408c                OS_create_task

i.OS_isr_send_signal_to_task
                0x00004114        0xc
 i.OS_isr_send_signal_to_task
                0x00004114        0xc C:\Program Files (x86)\Cypress\PSoC Creator\3.1\PSoC Creator\psoc\content\cycomponentlibrary\CyComponentLibrary.cylib\BLE_v1_20\Library\gccCyBLEStack_BLE_SOC_PERIPHERAL.a(mint_os_task.o)
                0x00004114                OS_isr_send_signal_to_task

i.OS_scheduler  0x00004120       0x64
 i.OS_scheduler
                0x00004120       0x64 C:\Program Files (x86)\Cypress\PSoC Creator\3.1\PSoC Creator\psoc\content\cycomponentlibrary\CyComponentLibrary.cylib\BLE_v1_20\Library\gccCyBLEStack_BLE_SOC_PERIPHERAL.a(mint_os_task.o)
                0x00004120                OS_scheduler

i.OS_send_signal_to_task
                0x00004184        0xc
 i.OS_send_signal_to_task
                0x00004184        0xc C:\Program Files (x86)\Cypress\PSoC Creator\3.1\PSoC Creator\psoc\content\cycomponentlibrary\CyComponentLibrary.cylib\BLE_v1_20\Library\gccCyBLEStack_BLE_SOC_PERIPHERAL.a(mint_os_task.o)
                0x00004184                OS_send_signal_to_task

i.OS_send_signal_to_task_context
                0x00004190       0x3c
 i.OS_send_signal_to_task_context
                0x00004190       0x3c C:\Program Files (x86)\Cypress\PSoC Creator\3.1\PSoC Creator\psoc\content\cycomponentlibrary\CyComponentLibrary.cylib\BLE_v1_20\Library\gccCyBLEStack_BLE_SOC_PERIPHERAL.a(mint_os_task.o)

i.OS_task_mgmt_init
                0x000041cc       0x50
 i.OS_task_mgmt_init
                0x000041cc       0x50 C:\Program Files (x86)\Cypress\PSoC Creator\3.1\PSoC Creator\psoc\content\cycomponentlibrary\CyComponentLibrary.cylib\BLE_v1_20\Library\gccCyBLEStack_BLE_SOC_PERIPHERAL.a(mint_os_task.o)
                0x000041cc                OS_task_mgmt_init

i.mint_buf_mgmt_allocate_buffer
                0x0000421c       0x4c
 i.mint_buf_mgmt_allocate_buffer
                0x0000421c       0x4c C:\Program Files (x86)\Cypress\PSoC Creator\3.1\PSoC Creator\psoc\content\cycomponentlibrary\CyComponentLibrary.cylib\BLE_v1_20\Library\gccCyBLEStack_BLE_SOC_PERIPHERAL.a(mint_buf_mgmt.o)
                0x0000421c                mint_buf_mgmt_allocate_buffer

i.mint_buf_mgmt_create_pool
                0x00004268       0xd8
 i.mint_buf_mgmt_create_pool
                0x00004268       0xd8 C:\Program Files (x86)\Cypress\PSoC Creator\3.1\PSoC Creator\psoc\content\cycomponentlibrary\CyComponentLibrary.cylib\BLE_v1_20\Library\gccCyBLEStack_BLE_SOC_PERIPHERAL.a(mint_buf_mgmt.o)
                0x00004268                mint_buf_mgmt_create_pool

i.mint_buf_mgmt_free_buffer
                0x00004340       0xa4
 i.mint_buf_mgmt_free_buffer
                0x00004340       0xa4 C:\Program Files (x86)\Cypress\PSoC Creator\3.1\PSoC Creator\psoc\content\cycomponentlibrary\CyComponentLibrary.cylib\BLE_v1_20\Library\gccCyBLEStack_BLE_SOC_PERIPHERAL.a(mint_buf_mgmt.o)
                0x00004340                mint_buf_mgmt_free_buffer

i.mint_buf_mgmt_get_free_heap
                0x000043e4       0x1c
 i.mint_buf_mgmt_get_free_heap
                0x000043e4       0x1c C:\Program Files (x86)\Cypress\PSoC Creator\3.1\PSoC Creator\psoc\content\cycomponentlibrary\CyComponentLibrary.cylib\BLE_v1_20\Library\gccCyBLEStack_BLE_SOC_PERIPHERAL.a(mint_buf_mgmt.o)
                0x000043e4                mint_buf_mgmt_get_free_heap

i.mint_buf_mgmt_init
                0x00004400       0x44
 i.mint_buf_mgmt_init
                0x00004400       0x44 C:\Program Files (x86)\Cypress\PSoC Creator\3.1\PSoC Creator\psoc\content\cycomponentlibrary\CyComponentLibrary.cylib\BLE_v1_20\Library\gccCyBLEStack_BLE_SOC_PERIPHERAL.a(mint_buf_mgmt.o)
                0x00004400                mint_buf_mgmt_init

i.mint_buf_mgmt_malloc
                0x00004444       0x2c
 i.mint_buf_mgmt_malloc
                0x00004444       0x2c C:\Program Files (x86)\Cypress\PSoC Creator\3.1\PSoC Creator\psoc\content\cycomponentlibrary\CyComponentLibrary.cylib\BLE_v1_20\Library\gccCyBLEStack_BLE_SOC_PERIPHERAL.a(mint_buf_mgmt.o)
                0x00004444                mint_buf_mgmt_malloc

i.mint_buf_mgmt_reset_pool
                0x00004470       0x70
 i.mint_buf_mgmt_reset_pool
                0x00004470       0x70 C:\Program Files (x86)\Cypress\PSoC Creator\3.1\PSoC Creator\psoc\content\cycomponentlibrary\CyComponentLibrary.cylib\BLE_v1_20\Library\gccCyBLEStack_BLE_SOC_PERIPHERAL.a(mint_buf_mgmt.o)
                0x00004470                mint_buf_mgmt_reset_pool

i.mint_buf_mgmt_stack_init
                0x000044e0       0x24
 i.mint_buf_mgmt_stack_init
                0x000044e0       0x24 C:\Program Files (x86)\Cypress\PSoC Creator\3.1\PSoC Creator\psoc\content\cycomponentlibrary\CyComponentLibrary.cylib\BLE_v1_20\Library\gccCyBLEStack_BLE_SOC_PERIPHERAL.a(mint_buf_mgmt.o)
                0x000044e0                mint_buf_mgmt_stack_init

i.mint_buf_mgmt_stack_pop
                0x00004504       0x36
 i.mint_buf_mgmt_stack_pop
                0x00004504       0x36 C:\Program Files (x86)\Cypress\PSoC Creator\3.1\PSoC Creator\psoc\content\cycomponentlibrary\CyComponentLibrary.cylib\BLE_v1_20\Library\gccCyBLEStack_BLE_SOC_PERIPHERAL.a(mint_buf_mgmt.o)
                0x00004504                mint_buf_mgmt_stack_pop

i.mint_buf_mgmt_stack_push
                0x0000453a       0x36
 i.mint_buf_mgmt_stack_push
                0x0000453a       0x36 C:\Program Files (x86)\Cypress\PSoC Creator\3.1\PSoC Creator\psoc\content\cycomponentlibrary\CyComponentLibrary.cylib\BLE_v1_20\Library\gccCyBLEStack_BLE_SOC_PERIPHERAL.a(mint_buf_mgmt.o)
                0x0000453a                mint_buf_mgmt_stack_push

i.mint_buf_mgmt_stack_reset
                0x00004570       0x1e
 i.mint_buf_mgmt_stack_reset
                0x00004570       0x1e C:\Program Files (x86)\Cypress\PSoC Creator\3.1\PSoC Creator\psoc\content\cycomponentlibrary\CyComponentLibrary.cylib\BLE_v1_20\Library\gccCyBLEStack_BLE_SOC_PERIPHERAL.a(mint_buf_mgmt.o)
                0x00004570                mint_buf_mgmt_stack_reset

i.mint_buf_mgmt_stack_search_item
                0x0000458e       0x30
 i.mint_buf_mgmt_stack_search_item
                0x0000458e       0x30 C:\Program Files (x86)\Cypress\PSoC Creator\3.1\PSoC Creator\psoc\content\cycomponentlibrary\CyComponentLibrary.cylib\BLE_v1_20\Library\gccCyBLEStack_BLE_SOC_PERIPHERAL.a(mint_buf_mgmt.o)
                0x0000458e                mint_buf_mgmt_stack_search_item

i.mint_buf_mgmt_pl_init
                0x000045c0       0x2c
 i.mint_buf_mgmt_pl_init
                0x000045c0       0x2c C:\Program Files (x86)\Cypress\PSoC Creator\3.1\PSoC Creator\psoc\content\cycomponentlibrary\CyComponentLibrary.cylib\BLE_v1_20\Library\gccCyBLEStack_BLE_SOC_PERIPHERAL.a(mint_buf_mgmt_pl.o)
                0x000045c0                mint_buf_mgmt_pl_init

i.CyBleControllerIP_GetPingState
                0x000045ec        0xc
 i.CyBleControllerIP_GetPingState
                0x000045ec        0xc C:\Program Files (x86)\Cypress\PSoC Creator\3.1\PSoC Creator\psoc\content\cycomponentlibrary\CyComponentLibrary.cylib\BLE_v1_20\Library\gccCyBLEStack_BLE_SOC_PERIPHERAL.a(CyBleControllerIP_Interface.o)
                0x000045ec                CyBleControllerIP_GetPingState

i.CyBleController_AddDeviceToWhiteList
                0x000045f8       0x40
 i.CyBleController_AddDeviceToWhiteList
                0x000045f8       0x40 C:\Program Files (x86)\Cypress\PSoC Creator\3.1\PSoC Creator\psoc\content\cycomponentlibrary\CyComponentLibrary.cylib\BLE_v1_20\Library\gccCyBLEStack_BLE_SOC_PERIPHERAL.a(CyBleControllerIP_Interface.o)
                0x000045f8                CyBleController_AddDeviceToWhiteList

i.CyBleController_ExitLowPowerMode
                0x00004638       0x10
 i.CyBleController_ExitLowPowerMode
                0x00004638       0x10 C:\Program Files (x86)\Cypress\PSoC Creator\3.1\PSoC Creator\psoc\content\cycomponentlibrary\CyComponentLibrary.cylib\BLE_v1_20\Library\gccCyBLEStack_BLE_SOC_PERIPHERAL.a(CyBleControllerIP_Interface.o)
                0x00004638                CyBleController_ExitLowPowerMode

i.CyBleController_Init
                0x00004648       0x3c
 i.CyBleController_Init
                0x00004648       0x3c C:\Program Files (x86)\Cypress\PSoC Creator\3.1\PSoC Creator\psoc\content\cycomponentlibrary\CyComponentLibrary.cylib\BLE_v1_20\Library\gccCyBLEStack_BLE_SOC_PERIPHERAL.a(CyBleControllerIP_Interface.o)
                0x00004648                CyBleController_Init

i.CyBleController_SetDeviceAddress
                0x00004684       0x2e
 i.CyBleController_SetDeviceAddress
                0x00004684       0x2e C:\Program Files (x86)\Cypress\PSoC Creator\3.1\PSoC Creator\psoc\content\cycomponentlibrary\CyComponentLibrary.cylib\BLE_v1_20\Library\gccCyBLEStack_BLE_SOC_PERIPHERAL.a(CyBleControllerIP_Interface.o)
                0x00004684                CyBleController_SetDeviceAddress

i.CyBle_GetTxPowerLevel
                0x000046b2       0x4e
 i.CyBle_GetTxPowerLevel
                0x000046b2       0x4e C:\Program Files (x86)\Cypress\PSoC Creator\3.1\PSoC Creator\psoc\content\cycomponentlibrary\CyComponentLibrary.cylib\BLE_v1_20\Library\gccCyBLEStack_BLE_SOC_PERIPHERAL.a(CyBleControllerIP_Interface.o)
                0x000046b2                CyBle_GetTxPowerLevel

i.CyBle_SetTxPowerLevel
                0x00004700       0x56
 i.CyBle_SetTxPowerLevel
                0x00004700       0x56 C:\Program Files (x86)\Cypress\PSoC Creator\3.1\PSoC Creator\psoc\content\cycomponentlibrary\CyComponentLibrary.cylib\BLE_v1_20\Library\gccCyBLEStack_BLE_SOC_PERIPHERAL.a(CyBleControllerIP_Interface.o)
                0x00004700                CyBle_SetTxPowerLevel

i.ll_check_and_mark_packet_ready_for_transmission
                0x00004758       0x28
 i.ll_check_and_mark_packet_ready_for_transmission
                0x00004758       0x28 C:\Program Files (x86)\Cypress\PSoC Creator\3.1\PSoC Creator\psoc\content\cycomponentlibrary\CyComponentLibrary.cylib\BLE_v1_20\Library\gccCyBLEStack_BLE_SOC_PERIPHERAL.a(ll.o)
                0x00004758                ll_check_and_mark_packet_ready_for_transmission

i.ll_cleanup_pending_data_pdu
                0x00004780       0x38
 i.ll_cleanup_pending_data_pdu
                0x00004780       0x38 C:\Program Files (x86)\Cypress\PSoC Creator\3.1\PSoC Creator\psoc\content\cycomponentlibrary\CyComponentLibrary.cylib\BLE_v1_20\Library\gccCyBLEStack_BLE_SOC_PERIPHERAL.a(ll.o)
                0x00004780                ll_cleanup_pending_data_pdu

i.ll_exit_low_power_mode
                0x000047b8       0xac
 i.ll_exit_low_power_mode
                0x000047b8       0xac C:\Program Files (x86)\Cypress\PSoC Creator\3.1\PSoC Creator\psoc\content\cycomponentlibrary\CyComponentLibrary.cylib\BLE_v1_20\Library\gccCyBLEStack_BLE_SOC_PERIPHERAL.a(ll.o)
                0x000047b8                ll_exit_low_power_mode

i.ll_get_ack_status
                0x00004864       0x3c
 i.ll_get_ack_status
                0x00004864       0x3c C:\Program Files (x86)\Cypress\PSoC Creator\3.1\PSoC Creator\psoc\content\cycomponentlibrary\CyComponentLibrary.cylib\BLE_v1_20\Library\gccCyBLEStack_BLE_SOC_PERIPHERAL.a(ll.o)
                0x00004864                ll_get_ack_status

i.ll_get_adv_ch_tx_power
                0x000048a0       0x20
 i.ll_get_adv_ch_tx_power
                0x000048a0       0x20 C:\Program Files (x86)\Cypress\PSoC Creator\3.1\PSoC Creator\psoc\content\cycomponentlibrary\CyComponentLibrary.cylib\BLE_v1_20\Library\gccCyBLEStack_BLE_SOC_PERIPHERAL.a(ll.o)
                0x000048a0                ll_get_adv_ch_tx_power

i.ll_get_data_channel_map
                0x000048c0       0x24
 i.ll_get_data_channel_map
                0x000048c0       0x24 C:\Program Files (x86)\Cypress\PSoC Creator\3.1\PSoC Creator\psoc\content\cycomponentlibrary\CyComponentLibrary.cylib\BLE_v1_20\Library\gccCyBLEStack_BLE_SOC_PERIPHERAL.a(ll.o)
                0x000048c0                ll_get_data_channel_map

i.ll_get_max_white_list_size
                0x000048e4        0xc
 i.ll_get_max_white_list_size
                0x000048e4        0xc C:\Program Files (x86)\Cypress\PSoC Creator\3.1\PSoC Creator\psoc\content\cycomponentlibrary\CyComponentLibrary.cylib\BLE_v1_20\Library\gccCyBLEStack_BLE_SOC_PERIPHERAL.a(ll.o)
                0x000048e4                ll_get_max_white_list_size

i.ll_get_my_role
                0x000048f0        0xc
 i.ll_get_my_role
                0x000048f0        0xc C:\Program Files (x86)\Cypress\PSoC Creator\3.1\PSoC Creator\psoc\content\cycomponentlibrary\CyComponentLibrary.cylib\BLE_v1_20\Library\gccCyBLEStack_BLE_SOC_PERIPHERAL.a(ll.o)
                0x000048f0                ll_get_my_role

i.ll_get_next_available_fifo_for_data_pdu
                0x000048fc        0x8
 i.ll_get_next_available_fifo_for_data_pdu
                0x000048fc        0x8 C:\Program Files (x86)\Cypress\PSoC Creator\3.1\PSoC Creator\psoc\content\cycomponentlibrary\CyComponentLibrary.cylib\BLE_v1_20\Library\gccCyBLEStack_BLE_SOC_PERIPHERAL.a(ll.o)
                0x000048fc                ll_get_next_available_fifo_for_data_pdu

i.ll_get_next_available_fifo_for_ll_pdu
                0x00004904       0x24
 i.ll_get_next_available_fifo_for_ll_pdu
                0x00004904       0x24 C:\Program Files (x86)\Cypress\PSoC Creator\3.1\PSoC Creator\psoc\content\cycomponentlibrary\CyComponentLibrary.cylib\BLE_v1_20\Library\gccCyBLEStack_BLE_SOC_PERIPHERAL.a(ll.o)
                0x00004904                ll_get_next_available_fifo_for_ll_pdu

i.ll_get_rssi_value
                0x00004928       0x26
 i.ll_get_rssi_value
                0x00004928       0x26 C:\Program Files (x86)\Cypress\PSoC Creator\3.1\PSoC Creator\psoc\content\cycomponentlibrary\CyComponentLibrary.cylib\BLE_v1_20\Library\gccCyBLEStack_BLE_SOC_PERIPHERAL.a(ll.o)
                0x00004928                ll_get_rssi_value

i.ll_get_transmit_power_level
                0x00004950       0x2c
 i.ll_get_transmit_power_level
                0x00004950       0x2c C:\Program Files (x86)\Cypress\PSoC Creator\3.1\PSoC Creator\psoc\content\cycomponentlibrary\CyComponentLibrary.cylib\BLE_v1_20\Library\gccCyBLEStack_BLE_SOC_PERIPHERAL.a(ll.o)
                0x00004950                ll_get_transmit_power_level

i.ll_handle_ack_received
                0x0000497c       0x74
 i.ll_handle_ack_received
                0x0000497c       0x74 C:\Program Files (x86)\Cypress\PSoC Creator\3.1\PSoC Creator\psoc\content\cycomponentlibrary\CyComponentLibrary.cylib\BLE_v1_20\Library\gccCyBLEStack_BLE_SOC_PERIPHERAL.a(ll.o)
                0x0000497c                ll_handle_ack_received

i.ll_handle_add_device_in_whitelist
                0x000049f0       0x3a
 i.ll_handle_add_device_in_whitelist
                0x000049f0       0x3a C:\Program Files (x86)\Cypress\PSoC Creator\3.1\PSoC Creator\psoc\content\cycomponentlibrary\CyComponentLibrary.cylib\BLE_v1_20\Library\gccCyBLEStack_BLE_SOC_PERIPHERAL.a(ll.o)
                0x000049f0                ll_handle_add_device_in_whitelist

i.ll_handle_clear_whitelist
                0x00004a2a       0x16
 i.ll_handle_clear_whitelist
                0x00004a2a       0x16 C:\Program Files (x86)\Cypress\PSoC Creator\3.1\PSoC Creator\psoc\content\cycomponentlibrary\CyComponentLibrary.cylib\BLE_v1_20\Library\gccCyBLEStack_BLE_SOC_PERIPHERAL.a(ll.o)
                0x00004a2a                ll_handle_clear_whitelist

i.ll_handle_encrypt_host_data
                0x00004a40       0x36
 i.ll_handle_encrypt_host_data
                0x00004a40       0x36 C:\Program Files (x86)\Cypress\PSoC Creator\3.1\PSoC Creator\psoc\content\cycomponentlibrary\CyComponentLibrary.cylib\BLE_v1_20\Library\gccCyBLEStack_BLE_SOC_PERIPHERAL.a(ll.o)
                0x00004a40                ll_handle_encrypt_host_data

i.ll_handle_host_data_packet
                0x00004a76       0x54
 i.ll_handle_host_data_packet
                0x00004a76       0x54 C:\Program Files (x86)\Cypress\PSoC Creator\3.1\PSoC Creator\psoc\content\cycomponentlibrary\CyComponentLibrary.cylib\BLE_v1_20\Library\gccCyBLEStack_BLE_SOC_PERIPHERAL.a(ll.o)
                0x00004a76                ll_handle_host_data_packet

i.ll_handle_read_host_channel_map
                0x00004aca        0x4
 i.ll_handle_read_host_channel_map
                0x00004aca        0x4 C:\Program Files (x86)\Cypress\PSoC Creator\3.1\PSoC Creator\psoc\content\cycomponentlibrary\CyComponentLibrary.cylib\BLE_v1_20\Library\gccCyBLEStack_BLE_SOC_PERIPHERAL.a(ll.o)
                0x00004aca                ll_handle_read_host_channel_map

i.ll_handle_remove_device_in_whitelist
                0x00004ace       0x2a
 i.ll_handle_remove_device_in_whitelist
                0x00004ace       0x2a C:\Program Files (x86)\Cypress\PSoC Creator\3.1\PSoC Creator\psoc\content\cycomponentlibrary\CyComponentLibrary.cylib\BLE_v1_20\Library\gccCyBLEStack_BLE_SOC_PERIPHERAL.a(ll.o)
                0x00004ace                ll_handle_remove_device_in_whitelist

i.ll_handle_reset
                0x00004af8        0xe
 i.ll_handle_reset
                0x00004af8        0xe C:\Program Files (x86)\Cypress\PSoC Creator\3.1\PSoC Creator\psoc\content\cycomponentlibrary\CyComponentLibrary.cylib\BLE_v1_20\Library\gccCyBLEStack_BLE_SOC_PERIPHERAL.a(ll.o)
                0x00004af8                ll_handle_reset

i.ll_handle_set_random_address
                0x00004b06       0x36
 i.ll_handle_set_random_address
                0x00004b06       0x36 C:\Program Files (x86)\Cypress\PSoC Creator\3.1\PSoC Creator\psoc\content\cycomponentlibrary\CyComponentLibrary.cylib\BLE_v1_20\Library\gccCyBLEStack_BLE_SOC_PERIPHERAL.a(ll.o)
                0x00004b06                ll_handle_set_random_address

i.ll_init       0x00004b3c       0x18
 i.ll_init      0x00004b3c       0x18 C:\Program Files (x86)\Cypress\PSoC Creator\3.1\PSoC Creator\psoc\content\cycomponentlibrary\CyComponentLibrary.cylib\BLE_v1_20\Library\gccCyBLEStack_BLE_SOC_PERIPHERAL.a(ll.o)
                0x00004b3c                ll_init

i.ll_initialize_device_attributes
                0x00004b54       0x4c
 i.ll_initialize_device_attributes
                0x00004b54       0x4c C:\Program Files (x86)\Cypress\PSoC Creator\3.1\PSoC Creator\psoc\content\cycomponentlibrary\CyComponentLibrary.cylib\BLE_v1_20\Library\gccCyBLEStack_BLE_SOC_PERIPHERAL.a(ll.o)
                0x00004b54                ll_initialize_device_attributes

i.ll_is_pkt_pending
                0x00004ba0       0x2a
 i.ll_is_pkt_pending
                0x00004ba0       0x2a C:\Program Files (x86)\Cypress\PSoC Creator\3.1\PSoC Creator\psoc\content\cycomponentlibrary\CyComponentLibrary.cylib\BLE_v1_20\Library\gccCyBLEStack_BLE_SOC_PERIPHERAL.a(ll.o)
                0x00004ba0                ll_is_pkt_pending

i.ll_is_sent_pkt_pending
                0x00004bca       0x1a
 i.ll_is_sent_pkt_pending
                0x00004bca       0x1a C:\Program Files (x86)\Cypress\PSoC Creator\3.1\PSoC Creator\psoc\content\cycomponentlibrary\CyComponentLibrary.cylib\BLE_v1_20\Library\gccCyBLEStack_BLE_SOC_PERIPHERAL.a(ll.o)
                0x00004bca                ll_is_sent_pkt_pending

i.ll_isr_exit_low_power_mode
                0x00004be4       0x16
 i.ll_isr_exit_low_power_mode
                0x00004be4       0x16 C:\Program Files (x86)\Cypress\PSoC Creator\3.1\PSoC Creator\psoc\content\cycomponentlibrary\CyComponentLibrary.cylib\BLE_v1_20\Library\gccCyBLEStack_BLE_SOC_PERIPHERAL.a(ll.o)
                0x00004be4                ll_isr_exit_low_power_mode

i.ll_load_host_data_packet
                0x00004bfa       0x4a
 i.ll_load_host_data_packet
                0x00004bfa       0x4a C:\Program Files (x86)\Cypress\PSoC Creator\3.1\PSoC Creator\psoc\content\cycomponentlibrary\CyComponentLibrary.cylib\BLE_v1_20\Library\gccCyBLEStack_BLE_SOC_PERIPHERAL.a(ll.o)
                0x00004bfa                ll_load_host_data_packet

i.ll_load_packet_to_fifo
                0x00004c44       0x6e
 i.ll_load_packet_to_fifo
                0x00004c44       0x6e C:\Program Files (x86)\Cypress\PSoC Creator\3.1\PSoC Creator\psoc\content\cycomponentlibrary\CyComponentLibrary.cylib\BLE_v1_20\Library\gccCyBLEStack_BLE_SOC_PERIPHERAL.a(ll.o)
                0x00004c44                ll_load_packet_to_fifo

i.ll_process_acks
                0x00004cb2       0x3c
 i.ll_process_acks
                0x00004cb2       0x3c C:\Program Files (x86)\Cypress\PSoC Creator\3.1\PSoC Creator\psoc\content\cycomponentlibrary\CyComponentLibrary.cylib\BLE_v1_20\Library\gccCyBLEStack_BLE_SOC_PERIPHERAL.a(ll.o)
                0x00004cb2                ll_process_acks

i.ll_reset      0x00004cee       0x12
 i.ll_reset     0x00004cee       0x12 C:\Program Files (x86)\Cypress\PSoC Creator\3.1\PSoC Creator\psoc\content\cycomponentlibrary\CyComponentLibrary.cylib\BLE_v1_20\Library\gccCyBLEStack_BLE_SOC_PERIPHERAL.a(ll.o)
                0x00004cee                ll_reset

i.ll_update_active_features
                0x00004d00       0x58
 i.ll_update_active_features
                0x00004d00       0x58 C:\Program Files (x86)\Cypress\PSoC Creator\3.1\PSoC Creator\psoc\content\cycomponentlibrary\CyComponentLibrary.cylib\BLE_v1_20\Library\gccCyBLEStack_BLE_SOC_PERIPHERAL.a(ll.o)
                0x00004d00                ll_update_active_features

i.ll_update_device_fsm
                0x00004d58        0x8
 i.ll_update_device_fsm
                0x00004d58        0x8 C:\Program Files (x86)\Cypress\PSoC Creator\3.1\PSoC Creator\psoc\content\cycomponentlibrary\CyComponentLibrary.cylib\BLE_v1_20\Library\gccCyBLEStack_BLE_SOC_PERIPHERAL.a(ll.o)
                0x00004d58                ll_update_device_fsm

i.pf_le_start_timer
                0x00004d60       0x16
 i.pf_le_start_timer
                0x00004d60       0x16 C:\Program Files (x86)\Cypress\PSoC Creator\3.1\PSoC Creator\psoc\content\cycomponentlibrary\CyComponentLibrary.cylib\BLE_v1_20\Library\gccCyBLEStack_BLE_SOC_PERIPHERAL.a(ll.o)
                0x00004d60                pf_le_start_timer

i.pf_le_stop_timer
                0x00004d76       0x12
 i.pf_le_stop_timer
                0x00004d76       0x12 C:\Program Files (x86)\Cypress\PSoC Creator\3.1\PSoC Creator\psoc\content\cycomponentlibrary\CyComponentLibrary.cylib\BLE_v1_20\Library\gccCyBLEStack_BLE_SOC_PERIPHERAL.a(ll.o)
                0x00004d76                pf_le_stop_timer

i.CyBleControllerIP_TuneAdvEventInterPktSlots
                0x00004d88       0x44
 i.CyBleControllerIP_TuneAdvEventInterPktSlots
                0x00004d88       0x44 C:\Program Files (x86)\Cypress\PSoC Creator\3.1\PSoC Creator\psoc\content\cycomponentlibrary\CyComponentLibrary.cylib\BLE_v1_20\Library\gccCyBLEStack_BLE_SOC_PERIPHERAL.a(ll_advertiser.o)
                0x00004d88                CyBleControllerIP_TuneAdvEventInterPktSlots

i.ll_adv_is_configured_connection_adv
                0x00004dcc       0x1e
 i.ll_adv_is_configured_connection_adv
                0x00004dcc       0x1e C:\Program Files (x86)\Cypress\PSoC Creator\3.1\PSoC Creator\psoc\content\cycomponentlibrary\CyComponentLibrary.cylib\BLE_v1_20\Library\gccCyBLEStack_BLE_SOC_PERIPHERAL.a(ll_advertiser.o)
                0x00004dcc                ll_adv_is_configured_connection_adv

i.ll_check_random_address_in_use_by_advertiser
                0x00004dea       0x10
 i.ll_check_random_address_in_use_by_advertiser
                0x00004dea       0x10 C:\Program Files (x86)\Cypress\PSoC Creator\3.1\PSoC Creator\psoc\content\cycomponentlibrary\CyComponentLibrary.cylib\BLE_v1_20\Library\gccCyBLEStack_BLE_SOC_PERIPHERAL.a(ll_advertiser.o)
                0x00004dea                ll_check_random_address_in_use_by_advertiser

i.ll_check_whitelist_in_use_by_advertiser
                0x00004dfa       0x10
 i.ll_check_whitelist_in_use_by_advertiser
                0x00004dfa       0x10 C:\Program Files (x86)\Cypress\PSoC Creator\3.1\PSoC Creator\psoc\content\cycomponentlibrary\CyComponentLibrary.cylib\BLE_v1_20\Library\gccCyBLEStack_BLE_SOC_PERIPHERAL.a(ll_advertiser.o)
                0x00004dfa                ll_check_whitelist_in_use_by_advertiser

i.ll_get_adv_status
                0x00004e0a        0xc
 i.ll_get_adv_status
                0x00004e0a        0xc C:\Program Files (x86)\Cypress\PSoC Creator\3.1\PSoC Creator\psoc\content\cycomponentlibrary\CyComponentLibrary.cylib\BLE_v1_20\Library\gccCyBLEStack_BLE_SOC_PERIPHERAL.a(ll_advertiser.o)
                0x00004e0a                ll_get_adv_status

i.ll_get_adv_type
                0x00004e16       0x16
 i.ll_get_adv_type
                0x00004e16       0x16 C:\Program Files (x86)\Cypress\PSoC Creator\3.1\PSoC Creator\psoc\content\cycomponentlibrary\CyComponentLibrary.cylib\BLE_v1_20\Library\gccCyBLEStack_BLE_SOC_PERIPHERAL.a(ll_advertiser.o)
                0x00004e16                ll_get_adv_type

i.ll_handle_adv_intr
                0x00004e2c       0x50
 i.ll_handle_adv_intr
                0x00004e2c       0x50 C:\Program Files (x86)\Cypress\PSoC Creator\3.1\PSoC Creator\psoc\content\cycomponentlibrary\CyComponentLibrary.cylib\BLE_v1_20\Library\gccCyBLEStack_BLE_SOC_PERIPHERAL.a(ll_advertiser.o)
                0x00004e2c                ll_handle_adv_intr

i.ll_handle_set_adv_data
                0x00004e7c       0x14
 i.ll_handle_set_adv_data
                0x00004e7c       0x14 C:\Program Files (x86)\Cypress\PSoC Creator\3.1\PSoC Creator\psoc\content\cycomponentlibrary\CyComponentLibrary.cylib\BLE_v1_20\Library\gccCyBLEStack_BLE_SOC_PERIPHERAL.a(ll_advertiser.o)
                0x00004e7c                ll_handle_set_adv_data

i.ll_handle_set_adv_parameters
                0x00004e90       0x84
 i.ll_handle_set_adv_parameters
                0x00004e90       0x84 C:\Program Files (x86)\Cypress\PSoC Creator\3.1\PSoC Creator\psoc\content\cycomponentlibrary\CyComponentLibrary.cylib\BLE_v1_20\Library\gccCyBLEStack_BLE_SOC_PERIPHERAL.a(ll_advertiser.o)
                0x00004e90                ll_handle_set_adv_parameters

i.ll_handle_set_advertise_enable
                0x00004f14       0x70
 i.ll_handle_set_advertise_enable
                0x00004f14       0x70 C:\Program Files (x86)\Cypress\PSoC Creator\3.1\PSoC Creator\psoc\content\cycomponentlibrary\CyComponentLibrary.cylib\BLE_v1_20\Library\gccCyBLEStack_BLE_SOC_PERIPHERAL.a(ll_advertiser.o)
                0x00004f14                ll_handle_set_advertise_enable

i.ll_handle_set_scan_resp_data
                0x00004f84       0x14
 i.ll_handle_set_scan_resp_data
                0x00004f84       0x14 C:\Program Files (x86)\Cypress\PSoC Creator\3.1\PSoC Creator\psoc\content\cycomponentlibrary\CyComponentLibrary.cylib\BLE_v1_20\Library\gccCyBLEStack_BLE_SOC_PERIPHERAL.a(ll_advertiser.o)
                0x00004f84                ll_handle_set_scan_resp_data

i.ll_init_advertiser
                0x00004f98       0x68
 i.ll_init_advertiser
                0x00004f98       0x68 C:\Program Files (x86)\Cypress\PSoC Creator\3.1\PSoC Creator\psoc\content\cycomponentlibrary\CyComponentLibrary.cylib\BLE_v1_20\Library\gccCyBLEStack_BLE_SOC_PERIPHERAL.a(ll_advertiser.o)
                0x00004f98                ll_init_advertiser

i.is_le_connection_handle
                0x00005000       0x28
 i.is_le_connection_handle
                0x00005000       0x28 C:\Program Files (x86)\Cypress\PSoC Creator\3.1\PSoC Creator\psoc\content\cycomponentlibrary\CyComponentLibrary.cylib\BLE_v1_20\Library\gccCyBLEStack_BLE_SOC_PERIPHERAL.a(ll_connection.o)
                0x00005000                is_le_connection_handle

i.le_assign_connection_handle
                0x00005028       0x28
 i.le_assign_connection_handle
                0x00005028       0x28 C:\Program Files (x86)\Cypress\PSoC Creator\3.1\PSoC Creator\psoc\content\cycomponentlibrary\CyComponentLibrary.cylib\BLE_v1_20\Library\gccCyBLEStack_BLE_SOC_PERIPHERAL.a(ll_connection.o)
                0x00005028                le_assign_connection_handle

i.le_get_connection_index
                0x00005050        0x6
 i.le_get_connection_index
                0x00005050        0x6 C:\Program Files (x86)\Cypress\PSoC Creator\3.1\PSoC Creator\psoc\content\cycomponentlibrary\CyComponentLibrary.cylib\BLE_v1_20\Library\gccCyBLEStack_BLE_SOC_PERIPHERAL.a(ll_connection.o)
                0x00005050                le_get_connection_index

i.ll_allocate_connection
                0x00005058       0x44
 i.ll_allocate_connection
                0x00005058       0x44 C:\Program Files (x86)\Cypress\PSoC Creator\3.1\PSoC Creator\psoc\content\cycomponentlibrary\CyComponentLibrary.cylib\BLE_v1_20\Library\gccCyBLEStack_BLE_SOC_PERIPHERAL.a(ll_connection.o)
                0x00005058                ll_allocate_connection

i.ll_calculate_and_program_def_win_widen_drift
                0x0000509c       0x14
 i.ll_calculate_and_program_def_win_widen_drift
                0x0000509c       0x14 C:\Program Files (x86)\Cypress\PSoC Creator\3.1\PSoC Creator\psoc\content\cycomponentlibrary\CyComponentLibrary.cylib\BLE_v1_20\Library\gccCyBLEStack_BLE_SOC_PERIPHERAL.a(ll_connection.o)
                0x0000509c                ll_calculate_and_program_def_win_widen_drift

i.ll_calculate_drift
                0x000050b0       0x2c
 i.ll_calculate_drift
                0x000050b0       0x2c C:\Program Files (x86)\Cypress\PSoC Creator\3.1\PSoC Creator\psoc\content\cycomponentlibrary\CyComponentLibrary.cylib\BLE_v1_20\Library\gccCyBLEStack_BLE_SOC_PERIPHERAL.a(ll_connection.o)
                0x000050b0                ll_calculate_drift

i.ll_check_and_decrypt_ll_pdu
                0x000050dc       0x68
 i.ll_check_and_decrypt_ll_pdu
                0x000050dc       0x68 C:\Program Files (x86)\Cypress\PSoC Creator\3.1\PSoC Creator\psoc\content\cycomponentlibrary\CyComponentLibrary.cylib\BLE_v1_20\Library\gccCyBLEStack_BLE_SOC_PERIPHERAL.a(ll_connection.o)
                0x000050dc                ll_check_and_decrypt_ll_pdu

i.ll_check_and_decrypt_packet
                0x00005144       0x6a
 i.ll_check_and_decrypt_packet
                0x00005144       0x6a C:\Program Files (x86)\Cypress\PSoC Creator\3.1\PSoC Creator\psoc\content\cycomponentlibrary\CyComponentLibrary.cylib\BLE_v1_20\Library\gccCyBLEStack_BLE_SOC_PERIPHERAL.a(ll_connection.o)
                0x00005144                ll_check_and_decrypt_packet

i.ll_check_and_encrypt_ll_pdu
                0x000051ae       0x72
 i.ll_check_and_encrypt_ll_pdu
                0x000051ae       0x72 C:\Program Files (x86)\Cypress\PSoC Creator\3.1\PSoC Creator\psoc\content\cycomponentlibrary\CyComponentLibrary.cylib\BLE_v1_20\Library\gccCyBLEStack_BLE_SOC_PERIPHERAL.a(ll_connection.o)
                0x000051ae                ll_check_and_encrypt_ll_pdu

i.ll_check_and_encrypt_packet
                0x00005220       0x8a
 i.ll_check_and_encrypt_packet
                0x00005220       0x8a C:\Program Files (x86)\Cypress\PSoC Creator\3.1\PSoC Creator\psoc\content\cycomponentlibrary\CyComponentLibrary.cylib\BLE_v1_20\Library\gccCyBLEStack_BLE_SOC_PERIPHERAL.a(ll_connection.o)
                0x00005220                ll_check_and_encrypt_packet

i.ll_check_for_allowing_incoming_connection_update
                0x000052aa       0x42
 i.ll_check_for_allowing_incoming_connection_update
                0x000052aa       0x42 C:\Program Files (x86)\Cypress\PSoC Creator\3.1\PSoC Creator\psoc\content\cycomponentlibrary\CyComponentLibrary.cylib\BLE_v1_20\Library\gccCyBLEStack_BLE_SOC_PERIPHERAL.a(ll_connection.o)
                0x000052aa                ll_check_for_allowing_incoming_connection_update

i.ll_check_if_pdu_is_loaded_to_hardware
                0x000052ec       0x1c
 i.ll_check_if_pdu_is_loaded_to_hardware
                0x000052ec       0x1c C:\Program Files (x86)\Cypress\PSoC Creator\3.1\PSoC Creator\psoc\content\cycomponentlibrary\CyComponentLibrary.cylib\BLE_v1_20\Library\gccCyBLEStack_BLE_SOC_PERIPHERAL.a(ll_connection.o)
                0x000052ec                ll_check_if_pdu_is_loaded_to_hardware

i.ll_check_random_address_in_use_by_initiator
                0x00005308       0x30
 i.ll_check_random_address_in_use_by_initiator
                0x00005308       0x30 C:\Program Files (x86)\Cypress\PSoC Creator\3.1\PSoC Creator\psoc\content\cycomponentlibrary\CyComponentLibrary.cylib\BLE_v1_20\Library\gccCyBLEStack_BLE_SOC_PERIPHERAL.a(ll_connection.o)
                0x00005308                ll_check_random_address_in_use_by_initiator

i.ll_check_white_list_in_use_by_initiator
                0x00005338       0x30
 i.ll_check_white_list_in_use_by_initiator
                0x00005338       0x30 C:\Program Files (x86)\Cypress\PSoC Creator\3.1\PSoC Creator\psoc\content\cycomponentlibrary\CyComponentLibrary.cylib\BLE_v1_20\Library\gccCyBLEStack_BLE_SOC_PERIPHERAL.a(ll_connection.o)
                0x00005338                ll_check_white_list_in_use_by_initiator

i.ll_conn_free_enc_txn_buffer
                0x00005368       0x16
 i.ll_conn_free_enc_txn_buffer
                0x00005368       0x16 C:\Program Files (x86)\Cypress\PSoC Creator\3.1\PSoC Creator\psoc\content\cycomponentlibrary\CyComponentLibrary.cylib\BLE_v1_20\Library\gccCyBLEStack_BLE_SOC_PERIPHERAL.a(ll_connection.o)
                0x00005368                ll_conn_free_enc_txn_buffer

i.ll_conn_fsm_update_channel_state
                0x0000537e        0x6
 i.ll_conn_fsm_update_channel_state
                0x0000537e        0x6 C:\Program Files (x86)\Cypress\PSoC Creator\3.1\PSoC Creator\psoc\content\cycomponentlibrary\CyComponentLibrary.cylib\BLE_v1_20\Library\gccCyBLEStack_BLE_SOC_PERIPHERAL.a(ll_connection.o)
                0x0000537e                ll_conn_fsm_update_channel_state

i.ll_conn_fsm_update_conn_update_state
                0x00005384        0x6
 i.ll_conn_fsm_update_conn_update_state
                0x00005384        0x6 C:\Program Files (x86)\Cypress\PSoC Creator\3.1\PSoC Creator\psoc\content\cycomponentlibrary\CyComponentLibrary.cylib\BLE_v1_20\Library\gccCyBLEStack_BLE_SOC_PERIPHERAL.a(ll_connection.o)
                0x00005384                ll_conn_fsm_update_conn_update_state

i.ll_conn_fsm_update_enc_state
                0x0000538a        0x6
 i.ll_conn_fsm_update_enc_state
                0x0000538a        0x6 C:\Program Files (x86)\Cypress\PSoC Creator\3.1\PSoC Creator\psoc\content\cycomponentlibrary\CyComponentLibrary.cylib\BLE_v1_20\Library\gccCyBLEStack_BLE_SOC_PERIPHERAL.a(ll_connection.o)
                0x0000538a                ll_conn_fsm_update_enc_state

i.ll_conn_fsm_update_state
                0x00005390        0x4
 i.ll_conn_fsm_update_state
                0x00005390        0x4 C:\Program Files (x86)\Cypress\PSoC Creator\3.1\PSoC Creator\psoc\content\cycomponentlibrary\CyComponentLibrary.cylib\BLE_v1_20\Library\gccCyBLEStack_BLE_SOC_PERIPHERAL.a(ll_connection.o)
                0x00005390                ll_conn_fsm_update_state

i.ll_conn_handle_data_pdu_from_host_when_data_paused
                0x00005394        0x8
 i.ll_conn_handle_data_pdu_from_host_when_data_paused
                0x00005394        0x8 C:\Program Files (x86)\Cypress\PSoC Creator\3.1\PSoC Creator\psoc\content\cycomponentlibrary\CyComponentLibrary.cylib\BLE_v1_20\Library\gccCyBLEStack_BLE_SOC_PERIPHERAL.a(ll_connection.o)
                0x00005394                ll_conn_handle_data_pdu_from_host_when_data_paused

i.ll_conn_handle_direct_adv_timeout
                0x0000539c       0x2a
 i.ll_conn_handle_direct_adv_timeout
                0x0000539c       0x2a C:\Program Files (x86)\Cypress\PSoC Creator\3.1\PSoC Creator\psoc\content\cycomponentlibrary\CyComponentLibrary.cylib\BLE_v1_20\Library\gccCyBLEStack_BLE_SOC_PERIPHERAL.a(ll_connection.o)
                0x0000539c                ll_conn_handle_direct_adv_timeout

i.ll_conn_handle_ping_timer_expired_interrupt
                0x000053c8       0x1c
 i.ll_conn_handle_ping_timer_expired_interrupt
                0x000053c8       0x1c C:\Program Files (x86)\Cypress\PSoC Creator\3.1\PSoC Creator\psoc\content\cycomponentlibrary\CyComponentLibrary.cylib\BLE_v1_20\Library\gccCyBLEStack_BLE_SOC_PERIPHERAL.a(ll_connection.o)
                0x000053c8                ll_conn_handle_ping_timer_expired_interrupt

i.ll_conn_handle_ping_timer_nearly_expired_interrupt
                0x000053e4       0x20
 i.ll_conn_handle_ping_timer_nearly_expired_interrupt
                0x000053e4       0x20 C:\Program Files (x86)\Cypress\PSoC Creator\3.1\PSoC Creator\psoc\content\cycomponentlibrary\CyComponentLibrary.cylib\BLE_v1_20\Library\gccCyBLEStack_BLE_SOC_PERIPHERAL.a(ll_connection.o)
                0x000053e4                ll_conn_handle_ping_timer_nearly_expired_interrupt

i.ll_conn_handle_stop_connectable_adv
                0x00005404       0x12
 i.ll_conn_handle_stop_connectable_adv
                0x00005404       0x12 C:\Program Files (x86)\Cypress\PSoC Creator\3.1\PSoC Creator\psoc\content\cycomponentlibrary\CyComponentLibrary.cylib\BLE_v1_20\Library\gccCyBLEStack_BLE_SOC_PERIPHERAL.a(ll_connection.o)
                0x00005404                ll_conn_handle_stop_connectable_adv

i.ll_conn_process_pending_transactions
                0x00005416        0x4
 i.ll_conn_process_pending_transactions
                0x00005416        0x4 C:\Program Files (x86)\Cypress\PSoC Creator\3.1\PSoC Creator\psoc\content\cycomponentlibrary\CyComponentLibrary.cylib\BLE_v1_20\Library\gccCyBLEStack_BLE_SOC_PERIPHERAL.a(ll_connection.o)
                0x00005416                ll_conn_process_pending_transactions

i.ll_conn_program_authenticated_payload_timer
                0x0000541c       0x50
 i.ll_conn_program_authenticated_payload_timer
                0x0000541c       0x50 C:\Program Files (x86)\Cypress\PSoC Creator\3.1\PSoC Creator\psoc\content\cycomponentlibrary\CyComponentLibrary.cylib\BLE_v1_20\Library\gccCyBLEStack_BLE_SOC_PERIPHERAL.a(ll_connection.o)
                0x0000541c                ll_conn_program_authenticated_payload_timer

i.ll_conn_read_data_pdu_from_hardware
                0x0000546c       0x14
 i.ll_conn_read_data_pdu_from_hardware
                0x0000546c       0x14 C:\Program Files (x86)\Cypress\PSoC Creator\3.1\PSoC Creator\psoc\content\cycomponentlibrary\CyComponentLibrary.cylib\BLE_v1_20\Library\gccCyBLEStack_BLE_SOC_PERIPHERAL.a(ll_connection.o)