Archive member included because of file (symbol)

.\CortexM0\ARM_GCC_484\Debug\BLE Lab 4.a(cyfitter_cfg.o)
                              .\CortexM0\ARM_GCC_484\Debug\Cm0Start.o (cyfitter_cfg)
.\CortexM0\ARM_GCC_484\Debug\BLE Lab 4.a(GREEN.o)
                              .\CortexM0\ARM_GCC_484\Debug\main.o (GREEN_SetDriveMode)
.\CortexM0\ARM_GCC_484\Debug\BLE Lab 4.a(RED.o)
                              .\CortexM0\ARM_GCC_484\Debug\main.o (RED_SetDriveMode)
.\CortexM0\ARM_GCC_484\Debug\BLE Lab 4.a(PRS_2.o)
                              .\CortexM0\ARM_GCC_484\Debug\main.o (PRS_2_Start)
.\CortexM0\ARM_GCC_484\Debug\BLE Lab 4.a(PRS_1.o)
                              .\CortexM0\ARM_GCC_484\Debug\main.o (PRS_1_Start)
.\CortexM0\ARM_GCC_484\Debug\BLE Lab 4.a(BLUE.o)
                              .\CortexM0\ARM_GCC_484\Debug\main.o (BLUE_SetDriveMode)
.\CortexM0\ARM_GCC_484\Debug\BLE Lab 4.a(BLE_1.o)
                              .\CortexM0\ARM_GCC_484\Debug\main.o (CyBle_Start)
.\CortexM0\ARM_GCC_484\Debug\BLE Lab 4.a(BLE_1_gatt.o)
                              .\CortexM0\ARM_GCC_484\Debug\BLEApplications.o (cyBle_state)
.\CortexM0\ARM_GCC_484\Debug\BLE Lab 4.a(BLE_1_eventHandler.o)
                              .\CortexM0\ARM_GCC_484\Debug\BLEApplications.o (cyBle_connHandle)
.\CortexM0\ARM_GCC_484\Debug\BLE Lab 4.a(BLE_1_custom.o)
                              .\CortexM0\ARM_GCC_484\Debug\BLEApplications.o (cyBle_customs)
.\CortexM0\ARM_GCC_484\Debug\BLE Lab 4.a(CapSense.o)
                              .\CortexM0\ARM_GCC_484\Debug\main.o (CapSense_Start)
.\CortexM0\ARM_GCC_484\Debug\BLE Lab 4.a(CapSense_CSHL.o)
                              .\CortexM0\ARM_GCC_484\Debug\BLE Lab 4.a(CapSense.o) (CapSense_rawDataIndex)
.\CortexM0\ARM_GCC_484\Debug\BLE Lab 4.a(CapSense_INT.o)
                              .\CortexM0\ARM_GCC_484\Debug\BLE Lab 4.a(CapSense.o) (CapSense_ISR)
.\CortexM0\ARM_GCC_484\Debug\BLE Lab 4.a(CapSense_SMS.o)
                              .\CortexM0\ARM_GCC_484\Debug\BLE Lab 4.a(CapSense_CSHL.o) (CapSense_config)
.\CortexM0\ARM_GCC_484\Debug\BLE Lab 4.a(CapSense_SampleClk.o)
                              .\CortexM0\ARM_GCC_484\Debug\BLE Lab 4.a(CapSense.o) (CapSense_SampleClk_StartEx)
.\CortexM0\ARM_GCC_484\Debug\BLE Lab 4.a(CapSense_SenseClk.o)
                              .\CortexM0\ARM_GCC_484\Debug\BLE Lab 4.a(CapSense.o) (CapSense_SenseClk_StartEx)
.\CortexM0\ARM_GCC_484\Debug\BLE Lab 4.a(CyBootAsmGnu.o)
                              .\CortexM0\ARM_GCC_484\Debug\BLE Lab 4.a(cyfitter_cfg.o) (CyDelayCycles)
.\CortexM0\ARM_GCC_484\Debug\BLE Lab 4.a(CyLib.o)
                              .\CortexM0\ARM_GCC_484\Debug\BLE Lab 4.a(cyfitter_cfg.o) (CyDelayUs)
C:\Program Files (x86)\Cypress\PSoC Creator\3.1\PSoC Creator\psoc\content\cycomponentlibrary\CyComponentLibrary.cylib\BLE_v1_20\Library\gccCyBLEStack_BLE_SOC_PERIPHERAL.a(CyBle.o)
                              .\CortexM0\ARM_GCC_484\Debug\main.o (CyBle_ProcessEvents)
C:\Program Files (x86)\Cypress\PSoC Creator\3.1\PSoC Creator\psoc\content\cycomponentlibrary\CyComponentLibrary.cylib\BLE_v1_20\Library\gccCyBLEStack_BLE_SOC_PERIPHERAL.a(CyBleStackMgrIP_Interface.o)
                              C:\Program Files (x86)\Cypress\PSoC Creator\3.1\PSoC Creator\psoc\content\cycomponentlibrary\CyComponentLibrary.cylib\BLE_v1_20\Library\gccCyBLEStack_BLE_SOC_PERIPHERAL.a(CyBle.o) (CyBleStackMgr_BleGetConfigData)
C:\Program Files (x86)\Cypress\PSoC Creator\3.1\PSoC Creator\psoc\content\cycomponentlibrary\CyComponentLibrary.cylib\BLE_v1_20\Library\gccCyBLEStack_BLE_SOC_PERIPHERAL.a(BT_os.o)
                              C:\Program Files (x86)\Cypress\PSoC Creator\3.1\PSoC Creator\psoc\content\cycomponentlibrary\CyComponentLibrary.cylib\BLE_v1_20\Library\gccCyBLEStack_BLE_SOC_PERIPHERAL.a(CyBleStackMgrIP_Interface.o) (bt_stack_init_os)
C:\Program Files (x86)\Cypress\PSoC Creator\3.1\PSoC Creator\psoc\content\cycomponentlibrary\CyComponentLibrary.cylib\BLE_v1_20\Library\gccCyBLEStack_BLE_SOC_PERIPHERAL.a(CyBleStackMgr_StackTaskHandler.o)
                              C:\Program Files (x86)\Cypress\PSoC Creator\3.1\PSoC Creator\psoc\content\cycomponentlibrary\CyComponentLibrary.cylib\BLE_v1_20\Library\gccCyBLEStack_BLE_SOC_PERIPHERAL.a(CyBleStackMgrIP_Interface.o) (CyBle_CreateBleStackTask)
C:\Program Files (x86)\Cypress\PSoC Creator\3.1\PSoC Creator\psoc\content\cycomponentlibrary\CyComponentLibrary.cylib\BLE_v1_20\Library\gccCyBLEStack_BLE_SOC_PERIPHERAL.a(transport_sf.o)
                              C:\Program Files (x86)\Cypress\PSoC Creator\3.1\PSoC Creator\psoc\content\cycomponentlibrary\CyComponentLibrary.cylib\BLE_v1_20\Library\gccCyBLEStack_BLE_SOC_PERIPHERAL.a(CyBleStackMgr_StackTaskHandler.o) (hci_soft_transport_notify_data_received)
C:\Program Files (x86)\Cypress\PSoC Creator\3.1\PSoC Creator\psoc\content\cycomponentlibrary\CyComponentLibrary.cylib\BLE_v1_20\Library\gccCyBLEStack_BLE_SOC_PERIPHERAL.a(CyBleStackMgr_PSoCHal.o)
[...]
Memory Configuration

Name             Origin             Length             Attributes
rom              0x00000000         0x00020000         xr
ram              0x20000000         0x00004000         xrw
*default*        0x00000000         0xffffffff

Linker script and memory map

LOAD c:/program files (x86)/cypress/psoc creator/3.1/psoc creator/import/gnu_cs/arm/4.8.4/bin/../lib/gcc/arm-none-eabi/4.8.4/armv6-m/crti.o
LOAD c:/program files (x86)/cypress/psoc creator/3.1/psoc creator/import/gnu_cs/arm/4.8.4/bin/../lib/gcc/arm-none-eabi/4.8.4/armv6-m/crtbegin.o
LOAD c:/program files (x86)/cypress/psoc creator/3.1/psoc creator/import/gnu_cs/arm/4.8.4/bin/../lib/gcc/arm-none-eabi/4.8.4/../../../../arm-none-eabi/lib/armv6-m/crt0.o
START GROUP
LOAD .\CortexM0\ARM_GCC_484\Debug\main.o
LOAD .\CortexM0\ARM_GCC_484\Debug\BLEApplications.o
LOAD .\CortexM0\ARM_GCC_484\Debug\cymetadata.o
LOAD .\CortexM0\ARM_GCC_484\Debug\Cm0Start.o
LOAD .\CortexM0\ARM_GCC_484\Debug\BLE Lab 4.a
LOAD C:\Program Files (x86)\Cypress\PSoC Creator\3.1\PSoC Creator\psoc\content\cycomponentlibrary\CyComponentLibrary.cylib\BLE_v1_20\Library\gccCyBLEStack_BLE_SOC_PERIPHERAL.a
LOAD C:\Program Files (x86)\Cypress\PSoC Creator\3.1\PSoC Creator\psoc\content\cycomponentlibrary\CyComponentLibrary.cylib\CapSense_CSD_P4_v2_10\PSoC4\Library\CapsenseP4Library_GCC.a
LOAD C:\Program Files (x86)\Cypress\PSoC Creator\3.1\PSoC Creator\psoc\content\cycomponentlibrary\CyComponentLibrary.cylib\CortexM0\ARM_GCC_484\Debug\CyComponentLibrary.a
END GROUP
START GROUP
LOAD c:/program files (x86)/cypress/psoc creator/3.1/psoc creator/import/gnu_cs/arm/4.8.4/bin/../lib/gcc/arm-none-eabi/4.8.4/armv6-m\libgcc.a
LOAD c:/program files (x86)/cypress/psoc creator/3.1/psoc creator/import/gnu_cs/arm/4.8.4/bin/../lib/gcc/arm-none-eabi/4.8.4/../../../../arm-none-eabi/lib/armv6-m\libg_s.a
LOAD c:/program files (x86)/cypress/psoc creator/3.1/psoc creator/import/gnu_cs/arm/4.8.4/bin/../lib/gcc/arm-none-eabi/4.8.4/../../../../arm-none-eabi/lib/armv6-m\libc_s.a
END GROUP
START GROUP
LOAD c:/program files (x86)/cypress/psoc creator/3.1/psoc creator/import/gnu_cs/arm/4.8.4/bin/../lib/gcc/arm-none-eabi/4.8.4/armv6-m\libgcc.a
LOAD c:/program files (x86)/cypress/psoc creator/3.1/psoc creator/import/gnu_cs/arm/4.8.4/bin/../lib/gcc/arm-none-eabi/4.8.4/../../../../arm-none-eabi/lib/armv6-m\libc_s.a
END GROUP
LOAD c:/program files (x86)/cypress/psoc creator/3.1/psoc creator/import/gnu_cs/arm/4.8.4/bin/../lib/gcc/arm-none-eabi/4.8.4/armv6-m/crtend.o
LOAD c:/program files (x86)/cypress/psoc creator/3.1/psoc creator/import/gnu_cs/arm/4.8.4/bin/../lib/gcc/arm-none-eabi/4.8.4/armv6-m/crtn.o
START GROUP
LOAD c:/program files (x86)/cypress/psoc creator/3.1/psoc creator/import/gnu_cs/arm/4.8.4/bin/../lib/gcc/arm-none-eabi/4.8.4/armv6-m\libgcc.a
LOAD c:/program files (x86)/cypress/psoc creator/3.1/psoc creator/import/gnu_cs/arm/4.8.4/bin/../lib/gcc/arm-none-eabi/4.8.4/../../../../arm-none-eabi/lib/armv6-m\libc.a
LOAD c:/program files (x86)/cypress/psoc creator/3.1/psoc creator/import/gnu_cs/arm/4.8.4/bin/../lib/gcc/arm-none-eabi/4.8.4/../../../../arm-none-eabi/lib/armv6-m\libnosys.a
END GROUP
                0x00000000                CY_APPL_ORIGIN = 0x0
                0x00000080                CY_FLASH_ROW_SIZE = 0x80
                0x00000001                CY_APPL_NUM = 0x1
                0x00000040                CY_METADATA_SIZE = 0x40
                0x20002570                PROVIDE (__cy_heap_start, _end)
                0x00000001                PROVIDE (__cy_region_num, ((__cy_regions_end - __cy_regions) / 0x10))
                0x20004000                PROVIDE (__cy_stack, (ORIGIN (ram) + 0x4000))
                0x20003800                PROVIDE (__cy_heap_end, (__cy_stack - 0x800))

.cybootloader   0x00000000        0x0
 *(.cybootloader)
                0x00000000                appl1_start = CY_APPL_ORIGIN?CY_APPL_ORIGIN:ALIGN (CY_FLASH_ROW_SIZE)
                0x0000ff80                appl2_start = (appl1_start + ALIGN ((((0x20000 - appl1_start) - (0x2 * CY_FLASH_ROW_SIZE)) / 0x2), CY_FLASH_ROW_SIZE))
                0x00000000                appl_start = (CY_APPL_NUM == 0x1)?appl1_start:appl2_start

.text           0x00000000     0x2dd8
 CREATE_OBJECT_SYMBOLS
                0x00000000                PROVIDE (__cy_interrupt_vector, RomVectors)
 *(.romvectors)
 .romvectors    0x00000000       0x10 .\CortexM0\ARM_GCC_484\Debug\Cm0Start.o
                0x00000000                RomVectors
                0x00000001                ASSERT ((. != __cy_interrupt_vector), No interrupt vector)
                0x00000001                ASSERT (CY_APPL_ORIGIN?(SIZEOF (.cybootloader) <= CY_APPL_ORIGIN):0x1, Wrong image location)
                0x00000010                PROVIDE (__cy_reset, Reset)
 *(.text.Reset)
 .text.Reset    0x00000010        0x8 .\CortexM0\ARM_GCC_484\Debug\Cm0Start.o
                0x00000010                Reset
                0x00000001                ASSERT ((. != __cy_reset), No reset code)
 *(.psocinit)
 .psocinit      0x00000018      0x340 .\CortexM0\ARM_GCC_484\Debug\BLE Lab 4.a(cyfitter_cfg.o)
                0x000001c8                cyfitter_cfg
                0x00000358                . = MAX (., 0x100)
 *(.text .text.* .gnu.linkonce.t.*)
 .text          0x00000358       0x60 c:/program files (x86)/cypress/psoc creator/3.1/psoc creator/import/gnu_cs/arm/4.8.4/bin/../lib/gcc/arm-none-eabi/4.8.4/armv6-m/crtbegin.o
 .text.main     0x000003b8       0x3c .\CortexM0\ARM_GCC_484\Debug\main.o
                0x000003b8                main
 .text.InitializeSystem
                0x000003f4       0x4c .\CortexM0\ARM_GCC_484\Debug\main.o
 .text.HandleCapSenseSlider
                0x00000440       0x68 .\CortexM0\ARM_GCC_484\Debug\main.o
 .text.CustomEventHandler
                0x000004a8      0x114 .\CortexM0\ARM_GCC_484\Debug\BLEApplications.o
                0x000004a8                CustomEventHandler
 .text.SendCapSenseNotification
                0x000005bc       0x50 .\CortexM0\ARM_GCC_484\Debug\BLEApplications.o
                0x000005bc                SendCapSenseNotification
 .text.UpdateRGBled
                0x0000060c       0xc0 .\CortexM0\ARM_GCC_484\Debug\BLEApplications.o
                0x0000060c                UpdateRGBled
 .text.UpdateNotificationCCCD
                0x000006cc       0x60 .\CortexM0\ARM_GCC_484\Debug\BLEApplications.o
                0x000006cc                UpdateNotificationCCCD
 .text.IntDefaultHandler
                0x0000072c        0x8 .\CortexM0\ARM_GCC_484\Debug\Cm0Start.o
                0x0000072c                IntDefaultHandler
 .text.Start_c  0x00000734       0x98 .\CortexM0\ARM_GCC_484\Debug\Cm0Start.o
                0x00000734                Start_c
 .text.initialize_psoc
                0x000007cc       0x70 .\CortexM0\ARM_GCC_484\Debug\Cm0Start.o
                0x000007cc                initialize_psoc
 .text.CYMEMZERO
                0x0000083c       0x20 .\CortexM0\ARM_GCC_484\Debug\BLE Lab 4.a(cyfitter_cfg.o)
 .text.cfg_write_bytes32
                0x0000085c       0x80 .\CortexM0\ARM_GCC_484\Debug\BLE Lab 4.a(cyfitter_cfg.o)
 .text.AnalogSetDefault
                0x000008dc       0x2c .\CortexM0\ARM_GCC_484\Debug\BLE Lab 4.a(cyfitter_cfg.o)
 .text.SetAnalogRoutingPumps
                0x00000908       0x70 .\CortexM0\ARM_GCC_484\Debug\BLE Lab 4.a(cyfitter_cfg.o)
                0x00000908                SetAnalogRoutingPumps
 .text.GREEN_SetDriveMode
                0x00000978       0x30 .\CortexM0\ARM_GCC_484\Debug\BLE Lab 4.a(GREEN.o)
                0x00000978                GREEN_SetDriveMode
 .text.RED_SetDriveMode
                0x000009a8       0x30 .\CortexM0\ARM_GCC_484\Debug\BLE Lab 4.a(RED.o)
                0x000009a8                RED_SetDriveMode
 .text.PRS_2_Start
                0x000009d8       0x24 .\CortexM0\ARM_GCC_484\Debug\BLE Lab 4.a(PRS_2.o)
                0x000009d8                PRS_2_Start
 .text.PRS_2_Init
                0x000009fc       0x70 .\CortexM0\ARM_GCC_484\Debug\BLE Lab 4.a(PRS_2.o)
                0x000009fc                PRS_2_Init
 .text.PRS_2_Enable
                0x00000a6c       0x1c .\CortexM0\ARM_GCC_484\Debug\BLE Lab 4.a(PRS_2.o)
                0x00000a6c                PRS_2_Enable
 .text.PRS_2_WriteSeed
                0x00000a88       0x34 .\CortexM0\ARM_GCC_484\Debug\BLE Lab 4.a(PRS_2.o)
                0x00000a88                PRS_2_WriteSeed
 .text.PRS_2_WritePolynomial
                0x00000abc       0x20 .\CortexM0\ARM_GCC_484\Debug\BLE Lab 4.a(PRS_2.o)
                0x00000abc                PRS_2_WritePolynomial
 .text.PRS_2_WritePulse0
                0x00000adc       0x20 .\CortexM0\ARM_GCC_484\Debug\BLE Lab 4.a(PRS_2.o)
                0x00000adc                PRS_2_WritePulse0
 .text.PRS_2_WritePulse1
                0x00000afc       0x20 .\CortexM0\ARM_GCC_484\Debug\BLE Lab 4.a(PRS_2.o)
                0x00000afc                PRS_2_WritePulse1
 .text.PRS_1_Start
                0x00000b1c       0x24 .\CortexM0\ARM_GCC_484\Debug\BLE Lab 4.a(PRS_1.o)
                0x00000b1c                PRS_1_Start
 .text.PRS_1_Init
                0x00000b40       0x70 .\CortexM0\ARM_GCC_484\Debug\BLE Lab 4.a(PRS_1.o)
                0x00000b40                PRS_1_Init
 .text.PRS_1_Enable
                0x00000bb0       0x1c .\CortexM0\ARM_GCC_484\Debug\BLE Lab 4.a(PRS_1.o)
                0x00000bb0                PRS_1_Enable
 .text.PRS_1_WriteSeed
                0x00000bcc       0x34 .\CortexM0\ARM_GCC_484\Debug\BLE Lab 4.a(PRS_1.o)
                0x00000bcc                PRS_1_WriteSeed
 .text.PRS_1_WritePolynomial
                0x00000c00       0x20 .\CortexM0\ARM_GCC_484\Debug\BLE Lab 4.a(PRS_1.o)
                0x00000c00                PRS_1_WritePolynomial
 .text.PRS_1_WritePulse0
                0x00000c20       0x20 .\CortexM0\ARM_GCC_484\Debug\BLE Lab 4.a(PRS_1.o)
                0x00000c20                PRS_1_WritePulse0
 .text.PRS_1_WritePulse1
                0x00000c40       0x20 .\CortexM0\ARM_GCC_484\Debug\BLE Lab 4.a(PRS_1.o)
                0x00000c40                PRS_1_WritePulse1
 .text.BLUE_SetDriveMode
                0x00000c60       0x30 .\CortexM0\ARM_GCC_484\Debug\BLE Lab 4.a(BLUE.o)
                0x00000c60                BLUE_SetDriveMode
 .text.CyBle_Init
                0x00000c90       0x2c .\CortexM0\ARM_GCC_484\Debug\BLE Lab 4.a(BLE_1.o)
                0x00000c90                CyBle_Init
 .text.CyBle_ServiceInit
                0x00000cbc        0x8 .\CortexM0\ARM_GCC_484\Debug\BLE Lab 4.a(BLE_1.o)
                0x00000cbc                CyBle_ServiceInit
 .text.CyBle_Start
                0x00000cc4       0x90 .\CortexM0\ARM_GCC_484\Debug\BLE Lab 4.a(BLE_1.o)
                0x00000cc4                CyBle_Start
 .text.CyBle_GappStartAdvertisement
                0x00000d54       0xc8 .\CortexM0\ARM_GCC_484\Debug\BLE Lab 4.a(BLE_1.o)
                0x00000d54                CyBle_GappStartAdvertisement
 .text.CyBle_ChangeAdDeviceAddress
                0x00000e1c       0x60 .\CortexM0\ARM_GCC_484\Debug\BLE Lab 4.a(BLE_1.o)
                0x00000e1c                CyBle_ChangeAdDeviceAddress
 .text.CyBle_Get16ByPtr
                0x00000e7c       0x24 .\CortexM0\ARM_GCC_484\Debug\BLE Lab 4.a(BLE_1.o)
                0x00000e7c                CyBle_Get16ByPtr
 .text.CyBle_GattsWriteEventHandler
                0x00000ea0       0xa0 .\CortexM0\ARM_GCC_484\Debug\BLE Lab 4.a(BLE_1_gatt.o)
                0x00000ea0                CyBle_GattsWriteEventHandler
 .text.CyBle_WriteReqHandler
                0x00000f40       0x70 .\CortexM0\ARM_GCC_484\Debug\BLE Lab 4.a(BLE_1_eventHandler.o)
 .text.CyBle_ValueConfirmation
                0x00000fb0       0x10 .\CortexM0\ARM_GCC_484\Debug\BLE Lab 4.a(BLE_1_eventHandler.o)
 .text.CyBle_GattDisconnectEventHandler
                0x00000fc0       0x18 .\CortexM0\ARM_GCC_484\Debug\BLE Lab 4.a(BLE_1_eventHandler.o)
 .text.CyBle_TimeOutEventHandler
                0x00000fd8       0x10 .\CortexM0\ARM_GCC_484\Debug\BLE Lab 4.a(BLE_1_eventHandler.o)
 .text.CyBle_GattConnectReqHandler
                0x00000fe8        0x8 .\CortexM0\ARM_GCC_484\Debug\BLE Lab 4.a(BLE_1_eventHandler.o)
 .text.CyBle_IsDeviceAddressValid
                0x00000ff0       0x60 .\CortexM0\ARM_GCC_484\Debug\BLE Lab 4.a(BLE_1_eventHandler.o)
 .text.CyBle_L2Cap_ConnParamUpdateRspEventHandler
                0x00001050       0x14 .\CortexM0\ARM_GCC_484\Debug\BLE Lab 4.a(BLE_1_eventHandler.o)
 .text.CyBle_GapConnUpdateCompleteEventHandler
                0x00001064       0x10 .\CortexM0\ARM_GCC_484\Debug\BLE Lab 4.a(BLE_1_eventHandler.o)
 .text.CyBle_EventHandler
                0x00001074      0x2bc .\CortexM0\ARM_GCC_484\Debug\BLE Lab 4.a(BLE_1_eventHandler.o)
                0x00001074                CyBle_EventHandler
 .text.CapSense_Init
                0x00001330       0x3c .\CortexM0\ARM_GCC_484\Debug\BLE Lab 4.a(CapSense.o)
                0x00001330                CapSense_Init
 .text.CapSense_CsdHwBlockInit
                0x0000136c       0xbc .\CortexM0\ARM_GCC_484\Debug\BLE Lab 4.a(CapSense.o)
                0x0000136c                CapSense_CsdHwBlockInit
 .text.CapSense_Enable
                0x00001428       0x54 .\CortexM0\ARM_GCC_484\Debug\BLE Lab 4.a(CapSense.o)
                0x00001428                CapSense_Enable
 .text.CapSense_Start
                0x0000147c       0x44 .\CortexM0\ARM_GCC_484\Debug\BLE Lab 4.a(CapSense.o)
                0x0000147c                CapSense_Start
 .text.CapSense_FindNextSensor
                0x000014c0       0x48 .\CortexM0\ARM_GCC_484\Debug\BLE Lab 4.a(CapSense.o)
                0x000014c0                CapSense_FindNextSensor
 .text.CapSense_ScanSensor
                0x00001508       0x34 .\CortexM0\ARM_GCC_484\Debug\BLE Lab 4.a(CapSense.o)
                0x00001508                CapSense_ScanSensor
 .text.CapSense_ScanEnabledWidgets
                0x0000153c       0x58 .\CortexM0\ARM_GCC_484\Debug\BLE Lab 4.a(CapSense.o)
                0x0000153c                CapSense_ScanEnabledWidgets
 .text.CapSense_IsBusy
                0x00001594       0x1c .\CortexM0\ARM_GCC_484\Debug\BLE Lab 4.a(CapSense.o)
                0x00001594                CapSense_IsBusy
 .text.CapSense_ReadSensorRaw
                0x000015b0       0x1c .\CortexM0\ARM_GCC_484\Debug\BLE Lab 4.a(CapSense.o)
                0x000015b0                CapSense_ReadSensorRaw
 .text.CapSense_ClearSensors
                0x000015cc       0x28 .\CortexM0\ARM_GCC_484\Debug\BLE Lab 4.a(CapSense.o)
                0x000015cc                CapSense_ClearSensors
 .text.CapSense_EnableSensor
                0x000015f4       0xb4 .\CortexM0\ARM_GCC_484\Debug\BLE Lab 4.a(CapSense.o)
                0x000015f4                CapSense_EnableSensor
 .text.CapSense_DisableSensor
                0x000016a8      0x100 .\CortexM0\ARM_GCC_484\Debug\BLE Lab 4.a(CapSense.o)
                0x000016a8                CapSense_DisableSensor
 .text.CapSense_PreScan
                0x000017a8      0x178 .\CortexM0\ARM_GCC_484\Debug\BLE Lab 4.a(CapSense.o)
                0x000017a8                CapSense_PreScan
 .text.CapSense_PostScan
                0x00001920       0xbc .\CortexM0\ARM_GCC_484\Debug\BLE Lab 4.a(CapSense.o)
                0x00001920                CapSense_PostScan
 .text.CapSense_SetShieldDelay
                0x000019dc       0x30 .\CortexM0\ARM_GCC_484\Debug\BLE Lab 4.a(CapSense.o)
                0x000019dc                CapSense_SetShieldDelay
 .text.CapSense_GetBitValue
                0x00001a0c       0x44 .\CortexM0\ARM_GCC_484\Debug\BLE Lab 4.a(CapSense.o)
                0x00001a0c                CapSense_GetBitValue
 .text.CapSense_SetBitValue
                0x00001a50       0x68 .\CortexM0\ARM_GCC_484\Debug\BLE Lab 4.a(CapSense.o)
                0x00001a50                CapSense_SetBitValue
 .text.CapSense_GetSensorRaw
                0x00001ab8       0x50 .\CortexM0\ARM_GCC_484\Debug\BLE Lab 4.a(CapSense.o)
                0x00001ab8                CapSense_GetSensorRaw
 .text.CapSense_BaseInit
                0x00001b08       0x84 .\CortexM0\ARM_GCC_484\Debug\BLE Lab 4.a(CapSense_CSHL.o)
                0x00001b08                CapSense_BaseInit
 .text.CapSense_InitializeSensorBaseline
                0x00001b8c       0x2c .\CortexM0\ARM_GCC_484\Debug\BLE Lab 4.a(CapSense_CSHL.o)
                0x00001b8c                CapSense_InitializeSensorBaseline
 .text.CapSense_InitializeAllBaselines
                0x00001bb8       0x28 .\CortexM0\ARM_GCC_484\Debug\BLE Lab 4.a(CapSense_CSHL.o)
                0x00001bb8                CapSense_InitializeAllBaselines
 .text.CapSense_UpdateBaselineNoThreshold
                0x00001be0      0x228 .\CortexM0\ARM_GCC_484\Debug\BLE Lab 4.a(CapSense_CSHL.o)
                0x00001be0                CapSense_UpdateBaselineNoThreshold
 .text.CapSense_UpdateSensorBaseline
                0x00001e08       0x20 .\CortexM0\ARM_GCC_484\Debug\BLE Lab 4.a(CapSense_CSHL.o)
                0x00001e08                CapSense_UpdateSensorBaseline
 .text.CapSense_UpdateEnabledBaselines
                0x00001e28       0x40 .\CortexM0\ARM_GCC_484\Debug\BLE Lab 4.a(CapSense_CSHL.o)
                0x00001e28                CapSense_UpdateEnabledBaselines
 .text.CapSense_GetDiffCountData
                0x00001e68       0x1c .\CortexM0\ARM_GCC_484\Debug\BLE Lab 4.a(CapSense_CSHL.o)
                0x00001e68                CapSense_GetDiffCountData
 .text.CapSense_EnableWidget
                0x00001e84       0x5c .\CortexM0\ARM_GCC_484\Debug\BLE Lab 4.a(CapSense_CSHL.o)
                0x00001e84                CapSense_EnableWidget
 .text.CapSense_IIR4Filter
                0x00001ee0       0x3c .\CortexM0\ARM_GCC_484\Debug\BLE Lab 4.a(CapSense_CSHL.o)
                0x00001ee0                CapSense_IIR4Filter
 .text.CapSense_ISR
                0x00001f1c       0xd4 .\CortexM0\ARM_GCC_484\Debug\BLE Lab 4.a(CapSense_INT.o)
                0x00001f1c                CapSense_ISR
 .text.CapSense_AutoTune
                0x00001ff0       0xec .\CortexM0\ARM_GCC_484\Debug\BLE Lab 4.a(CapSense_SMS.o)
                0x00001ff0                CapSense_AutoTune
 .text.CapSense_UpdateThresholds
                0x000020dc       0xec .\CortexM0\ARM_GCC_484\Debug\BLE Lab 4.a(CapSense_SMS.o)
                0x000020dc                CapSense_UpdateThresholds
 .text.CapSense_SetAnalogSwitchesSrcDirect
                0x000021c8       0x18 .\CortexM0\ARM_GCC_484\Debug\BLE Lab 4.a(CapSense_SMS.o)
                0x000021c8                CapSense_SetAnalogSwitchesSrcDirect
 .text.CapSense_DisableBaselineIDAC
                0x000021e0       0x34 .\CortexM0\ARM_GCC_484\Debug\BLE Lab 4.a(CapSense_SMS.o)
                0x000021e0                CapSense_DisableBaselineIDAC
 .text.CapSense_EnableBaselineIDAC
                0x00002214       0x8c .\CortexM0\ARM_GCC_484\Debug\BLE Lab 4.a(CapSense_SMS.o)
                0x00002214                CapSense_EnableBaselineIDAC
 .text.CapSense_SampleClk_StartEx
                0x000022a0       0x2c .\CortexM0\ARM_GCC_484\Debug\BLE Lab 4.a(CapSense_SampleClk.o)
                0x000022a0                CapSense_SampleClk_StartEx
 .text.CapSense_SampleClk_Stop
                0x000022cc       0x20 .\CortexM0\ARM_GCC_484\Debug\BLE Lab 4.a(CapSense_SampleClk.o)
                0x000022cc                CapSense_SampleClk_Stop
 .text.CapSense_SampleClk_SetFractionalDividerRegister
                0x000022ec       0x44 .\CortexM0\ARM_GCC_484\Debug\BLE Lab 4.a(CapSense_SampleClk.o)
                0x000022ec                CapSense_SampleClk_SetFractionalDividerRegister
 .text.CapSense_SenseClk_StartEx
                0x00002330       0x2c .\CortexM0\ARM_GCC_484\Debug\BLE Lab 4.a(CapSense_SenseClk.o)
                0x00002330                CapSense_SenseClk_StartEx
 .text.CapSense_SenseClk_Stop
                0x0000235c       0x20 .\CortexM0\ARM_GCC_484\Debug\BLE Lab 4.a(CapSense_SenseClk.o)
                0x0000235c                CapSense_SenseClk_Stop
 .text.CapSense_SenseClk_SetFractionalDividerRegister
                0x0000237c       0x44 .\CortexM0\ARM_GCC_484\Debug\BLE Lab 4.a(CapSense_SenseClk.o)
                0x0000237c                CapSense_SenseClk_SetFractionalDividerRegister
 .text          0x000023c0       0x20 .\CortexM0\ARM_GCC_484\Debug\BLE Lab 4.a(CyBootAsmGnu.o)
                0x000023c0                CyDelayCycles
                0x000023d2                CyEnterCriticalSection
                0x000023da                CyExitCriticalSection
 .text.CySysClkWcoSetHighPowerMode
                0x000023e0       0x3c .\CortexM0\ARM_GCC_484\Debug\BLE Lab 4.a(CyLib.o)
 .text.CySysClkWcoSetLowPowerMode
                0x0000241c       0x48 .\CortexM0\ARM_GCC_484\Debug\BLE Lab 4.a(CyLib.o)
 .text.CySysClkEcoStart
                0x00002464       0x74 .\CortexM0\ARM_GCC_484\Debug\BLE Lab 4.a(CyLib.o)
                0x00002464                CySysClkEcoStart
 .text.CySysClkEcoReadStatus
                0x000024d8       0x18 .\CortexM0\ARM_GCC_484\Debug\BLE Lab 4.a(CyLib.o)
                0x000024d8                CySysClkEcoReadStatus
 .text.CySysClkWcoStart
                0x000024f0       0x20 .\CortexM0\ARM_GCC_484\Debug\BLE Lab 4.a(CyLib.o)
                0x000024f0                CySysClkWcoStart
 .text.CySysClkWcoSetPowerMode
                0x00002510       0x40 .\CortexM0\ARM_GCC_484\Debug\BLE Lab 4.a(CyLib.o)
                0x00002510                CySysClkWcoSetPowerMode
 .text.CyIntSetVector
                0x00002550       0x4c .\CortexM0\ARM_GCC_484\Debug\BLE Lab 4.a(CyLib.o)
                0x00002550                CyIntSetVector
 .text.CyIntSetPriority
                0x0000259c       0xa8 .\CortexM0\ARM_GCC_484\Debug\BLE Lab 4.a(CyLib.o)
                0x0000259c                CyIntSetPriority
 .text.CyIntEnable
                0x00002644       0x2c .\CortexM0\ARM_GCC_484\Debug\BLE Lab 4.a(CyLib.o)
                0x00002644                CyIntEnable
 .text.CyIntDisable
                0x00002670       0x2c .\CortexM0\ARM_GCC_484\Debug\BLE Lab 4.a(CyLib.o)
                0x00002670                CyIntDisable
 .text.CyIntClearPending
                0x0000269c       0x2c .\CortexM0\ARM_GCC_484\Debug\BLE Lab 4.a(CyLib.o)
                0x0000269c                CyIntClearPending
 .text.CyHalt   0x000026c8       0x14 .\CortexM0\ARM_GCC_484\Debug\BLE Lab 4.a(CyLib.o)
                0x000026c8                CyHalt
 .text.CyDelay  0x000026dc       0x48 .\CortexM0\ARM_GCC_484\Debug\BLE Lab 4.a(CyLib.o)
                0x000026dc                CyDelay
 .text.CyDelayUs
                0x00002724       0x28 .\CortexM0\ARM_GCC_484\Debug\BLE Lab 4.a(CyLib.o)
                0x00002724                CyDelayUs
 .text.CalibrateOneDAC_P4_v2_10
                0x0000274c       0x44 C:\Program Files (x86)\Cypress\PSoC Creator\3.1\PSoC Creator\psoc\content\cycomponentlibrary\CyComponentLibrary.cylib\CapSense_CSD_P4_v2_10\PSoC4\Library\CapsenseP4Library_GCC.a(CSD_P4_SmartSense_v2_10.o)
                0x0000274c                CalibrateOneDAC_P4_v2_10
 .text.CalibrateSensors_P4_v2_10
                0x00002790       0x22 C:\Program Files (x86)\Cypress\PSoC Creator\3.1\PSoC Creator\psoc\content\cycomponentlibrary\CyComponentLibrary.cylib\CapSense_CSD_P4_v2_10\PSoC4\Library\CapsenseP4Library_GCC.a(CSD_P4_SmartSense_v2_10.o)
                0x00002790                CalibrateSensors_P4_v2_10
 *fill*         0x000027b2        0x2 
 .text.TunePrescalers_P4_v2_10
                0x000027b4       0x48 C:\Program Files (x86)\Cypress\PSoC Creator\3.1\PSoC Creator\psoc\content\cycomponentlibrary\CyComponentLibrary.cylib\CapSense_CSD_P4_v2_10\PSoC4\Library\CapsenseP4Library_GCC.a(CSD_P4_SmartSense_v2_10.o)
                0x000027b4                TunePrescalers_P4_v2_10
 .text.TuneSensitivity_P4_v2_10
                0x000027fc      0x100 C:\Program Files (x86)\Cypress\PSoC Creator\3.1\PSoC Creator\psoc\content\cycomponentlibrary\CyComponentLibrary.cylib\CapSense_CSD_P4_v2_10\PSoC4\Library\CapsenseP4Library_GCC.a(CSD_P4_SmartSense_v2_10.o)
                0x000027fc                TuneSensitivity_P4_v2_10
 .text.MeasureNoiseEnvelope_P4_v2_10
                0x000028fc      0x118 C:\Program Files (x86)\Cypress\PSoC Creator\3.1\PSoC Creator\psoc\content\cycomponentlibrary\CyComponentLibrary.cylib\CapSense_CSD_P4_v2_10\PSoC4\Library\CapsenseP4Library_GCC.a(CSD_P4_SmartSense_v2_10.o)
                0x000028fc                MeasureNoiseEnvelope_P4_v2_10
 .text.CalculateThresholds_P4_v2_10
                0x00002a14       0x44 C:\Program Files (x86)\Cypress\PSoC Creator\3.1\PSoC Creator\psoc\content\cycomponentlibrary\CyComponentLibrary.cylib\CapSense_CSD_P4_v2_10\PSoC4\Library\CapsenseP4Library_GCC.a(CSD_P4_SmartSense_v2_10.o)
                0x00002a14                CalculateThresholds_P4_v2_10
 .text.CyBLE_Bless_LlRegWrite
                0x00002a58       0x1c .\CortexM0\ARM_GCC_484\Debug\BLE Lab 4.a(BLE_1_HAL_PVT.o)
                0x00002a58                CyBLE_Bless_LlRegWrite
 .text.CyBLE_Bless_RfRegWrite
                0x00002a74       0x1c .\CortexM0\ARM_GCC_484\Debug\BLE Lab 4.a(BLE_1_HAL_PVT.o)
                0x00002a74                CyBLE_Bless_RfRegWrite
 .text.CyBleHal_DelayUs
                0x00002a90       0x1c .\CortexM0\ARM_GCC_484\Debug\BLE Lab 4.a(BLE_1_HAL_PVT.o)
                0x00002a90                CyBleHal_DelayUs
 .text.CyBleHal_EnableGlobalInterrupts
                0x00002aac        0xc .\CortexM0\ARM_GCC_484\Debug\BLE Lab 4.a(BLE_1_HAL_PVT.o)
                0x00002aac                CyBleHal_EnableGlobalInterrupts
 .text.CyBleHal_DisableGlobalInterrupts
                0x00002ab8        0xc .\CortexM0\ARM_GCC_484\Debug\BLE Lab 4.a(BLE_1_HAL_PVT.o)
                0x00002ab8                CyBleHal_DisableGlobalInterrupts
 .text.CyBle_HalInit
                0x00002ac4       0x20 .\CortexM0\ARM_GCC_484\Debug\BLE Lab 4.a(BLE_1_HAL_PVT.o)
                0x00002ac4                CyBle_HalInit
 .text.CYBLE_BlessStart
                0x00002ae4       0x14 .\CortexM0\ARM_GCC_484\Debug\BLE Lab 4.a(BLE_1_HAL_PVT.o)
                0x00002ae4                CYBLE_BlessStart
 .text.BLE_1_bless_isr_StartEx
                0x00002af8       0x24 .\CortexM0\ARM_GCC_484\Debug\BLE Lab 4.a(BLE_1_bless_isr.o)
                0x00002af8                BLE_1_bless_isr_StartEx
 .text.BLE_1_bless_isr_SetVector
                0x00002b1c       0x18 .\CortexM0\ARM_GCC_484\Debug\BLE Lab 4.a(BLE_1_bless_isr.o)
                0x00002b1c                BLE_1_bless_isr_SetVector
 .text.BLE_1_bless_isr_SetPriority
                0x00002b34       0x50 .\CortexM0\ARM_GCC_484\Debug\BLE Lab 4.a(BLE_1_bless_isr.o)
                0x00002b34                BLE_1_bless_isr_SetPriority
 .text.BLE_1_bless_isr_Enable
                0x00002b84       0x14 .\CortexM0\ARM_GCC_484\Debug\BLE Lab 4.a(BLE_1_bless_isr.o)
                0x00002b84                BLE_1_bless_isr_Enable
 .text.BLE_1_bless_isr_Disable
                0x00002b98       0x14 .\CortexM0\ARM_GCC_484\Debug\BLE Lab 4.a(BLE_1_bless_isr.o)
                0x00002b98                BLE_1_bless_isr_Disable
 .text.CySysPmSleep
                0x00002bac       0x34 .\CortexM0\ARM_GCC_484\Debug\BLE Lab 4.a(cyPm.o)
                0x00002bac                CySysPmSleep
 .text.CyBLE_Bless_Interrupt
                0x00002be0        0xc .\CortexM0\ARM_GCC_484\Debug\BLE Lab 4.a(BLE_1_HAL_INT.o)
                0x00002be0                CyBLE_Bless_Interrupt
 .text          0x00002bec       0x9c c:/program files (x86)/cypress/psoc creator/3.1/psoc creator/import/gnu_cs/arm/4.8.4/bin/../lib/gcc/arm-none-eabi/4.8.4/armv6-m\libgcc.a(_udivsi3.o)
                0x00002bec                __aeabi_uidiv
                0x00002bec                __udivsi3
                0x00002c74                __aeabi_uidivmod
 .text          0x00002c88       0xc0 c:/program files (x86)/cypress/psoc creator/3.1/psoc creator/import/gnu_cs/arm/4.8.4/bin/../lib/gcc/arm-none-eabi/4.8.4/armv6-m\libgcc.a(_divsi3.o)
                0x00002c88                __divsi3
                0x00002c88                __aeabi_idiv
                0x00002d34                __aeabi_idivmod
 .text          0x00002d48        0x4 c:/program files (x86)/cypress/psoc creator/3.1/psoc creator/import/gnu_cs/arm/4.8.4/bin/../lib/gcc/arm-none-eabi/4.8.4/armv6-m\libgcc.a(_dvmd_tls.o)
                0x00002d48                __aeabi_idiv0
                0x00002d48                __aeabi_ldiv0
 .text.__libc_init_array
                0x00002d4c       0x4c c:/program files (x86)/cypress/psoc creator/3.1/psoc creator/import/gnu_cs/arm/4.8.4/bin/../lib/gcc/arm-none-eabi/4.8.4/../../../../arm-none-eabi/lib/armv6-m\libg_s.a(lib_a-init.o)
                0x00002d4c                __libc_init_array
 .text.memcmp   0x00002d98       0x1e c:/program files (x86)/cypress/psoc creator/3.1/psoc creator/import/gnu_cs/arm/4.8.4/bin/../lib/gcc/arm-none-eabi/4.8.4/../../../../arm-none-eabi/lib/armv6-m\libg_s.a(lib_a-memcmp.o)
                0x00002d98                memcmp
 .text.memcpy   0x00002db6       0x12 c:/program files (x86)/cypress/psoc creator/3.1/psoc creator/import/gnu_cs/arm/4.8.4/bin/../lib/gcc/arm-none-eabi/4.8.4/../../../../arm-none-eabi/lib/armv6-m\libg_s.a(lib_a-memcpy-stub.o)
                0x00002db6                memcpy
 .text.memset   0x00002dc8       0x10 c:/program files (x86)/cypress/psoc creator/3.1/psoc creator/import/gnu_cs/arm/4.8.4/bin/../lib/gcc/arm-none-eabi/4.8.4/../../../../arm-none-eabi/lib/armv6-m\libg_s.a(lib_a-memset.o)
                0x00002dc8                memset
 *(.plt)
 *(.gnu.warning)
 *(.glue_7t)
 .glue_7t       0x00000000        0x0 linker stubs
 *(.glue_7)
 .glue_7        0x00000000        0x0 linker stubs
 *(.vfp11_veneer)
 .vfp11_veneer  0x00000000        0x0 linker stubs
 *(.bootloader)
 *(.ARM.extab* .gnu.linkonce.armextab.*)
 *(.gcc_except_table)

.v4_bx          0x00002dd8        0x0
 .v4_bx         0x00000000        0x0 linker stubs

.iplt           0x00002dd8        0x0
 .iplt          0x00000000        0x0 c:/program files (x86)/cypress/psoc creator/3.1/psoc creator/import/gnu_cs/arm/4.8.4/bin/../lib/gcc/arm-none-eabi/4.8.4/armv6-m/crtbegin.o

i.CyBle_ExitLPM
                0x00002dd8        0x8
 i.CyBle_ExitLPM
                0x00002dd8        0x8 C:\Program Files (x86)\Cypress\PSoC Creator\3.1\PSoC Creator\psoc\content\cycomponentlibrary\CyComponentLibrary.cylib\BLE_v1_20\Library\gccCyBLEStack_BLE_SOC_PERIPHERAL.a(CyBle.o)
                0x00002dd8                CyBle_ExitLPM

i.CyBle_ProcessEvents
                0x00002de0        0x8
 i.CyBle_ProcessEvents
                0x00002de0        0x8 C:\Program Files (x86)\Cypress\PSoC Creator\3.1\PSoC Creator\psoc\content\cycomponentlibrary\CyComponentLibrary.cylib\BLE_v1_20\Library\gccCyBLEStack_BLE_SOC_PERIPHERAL.a(CyBle.o)
                0x00002de0                CyBle_ProcessEvents

i.CyBle_SetDeviceAddress
                0x00002de8       0x24
 i.CyBle_SetDeviceAddress
                0x00002de8       0x24 C:\Program Files (x86)\Cypress\PSoC Creator\3.1\PSoC Creator\psoc\content\cycomponentlibrary\CyComponentLibrary.cylib\BLE_v1_20\Library\gccCyBLEStack_BLE_SOC_PERIPHERAL.a(CyBle.o)
                0x00002de8                CyBle_SetDeviceAddress

i.CyBle_StackInit
                0x00002e0c       0x84
 i.CyBle_StackInit
                0x00002e0c       0x84 C:\Program Files (x86)\Cypress\PSoC Creator\3.1\PSoC Creator\psoc\content\cycomponentlibrary\CyComponentLibrary.cylib\BLE_v1_20\Library\gccCyBLEStack_BLE_SOC_PERIPHERAL.a(CyBle.o)
                0x00002e0c                CyBle_StackInit

i.CyBleStackMgr_BleGetConfigData
                0x00002e90        0x4
 i.CyBleStackMgr_BleGetConfigData
                0x00002e90        0x4 C:\Program Files (x86)\Cypress\PSoC Creator\3.1\PSoC Creator\psoc\content\cycomponentlibrary\CyComponentLibrary.cylib\BLE_v1_20\Library\gccCyBLEStack_BLE_SOC_PERIPHERAL.a(CyBleStackMgrIP_Interface.o)
                0x00002e90                CyBleStackMgr_BleGetConfigData

i.CyBleStackMgr_BleSetConfigData
                0x00002e94        0x4
 i.CyBleStackMgr_BleSetConfigData
                0x00002e94        0x4 C:\Program Files (x86)\Cypress\PSoC Creator\3.1\PSoC Creator\psoc\content\cycomponentlibrary\CyComponentLibrary.cylib\BLE_v1_20\Library\gccCyBLEStack_BLE_SOC_PERIPHERAL.a(CyBleStackMgrIP_Interface.o)
                0x00002e94                CyBleStackMgr_BleSetConfigData

i.CyBleStackMgr_Init
                0x00002e98      0x104
 i.CyBleStackMgr_Init
                0x00002e98      0x104 C:\Program Files (x86)\Cypress\PSoC Creator\3.1\PSoC Creator\psoc\content\cycomponentlibrary\CyComponentLibrary.cylib\BLE_v1_20\Library\gccCyBLEStack_BLE_SOC_PERIPHERAL.a(CyBleStackMgrIP_Interface.o)
                0x00002e98                CyBleStackMgr_Init

i.CyBleStackMgr_ProcessBleEvents
                0x00002f9c       0x14
 i.CyBleStackMgr_ProcessBleEvents
                0x00002f9c       0x14 C:\Program Files (x86)\Cypress\PSoC Creator\3.1\PSoC Creator\psoc\content\cycomponentlibrary\CyComponentLibrary.cylib\BLE_v1_20\Library\gccCyBLEStack_BLE_SOC_PERIPHERAL.a(CyBleStackMgrIP_Interface.o)
                0x00002f9c                CyBleStackMgr_ProcessBleEvents

i.ble_stack_idle_task_callback
                0x00002fb0        0x2
 i.ble_stack_idle_task_callback
                0x00002fb0        0x2 C:\Program Files (x86)\Cypress\PSoC Creator\3.1\PSoC Creator\psoc\content\cycomponentlibrary\CyComponentLibrary.cylib\BLE_v1_20\Library\gccCyBLEStack_BLE_SOC_PERIPHERAL.a(CyBleStackMgrIP_Interface.o)
                0x00002fb0                ble_stack_idle_task_callback

i.BT_OSFreeBuf  0x00002fb4       0x18
 i.BT_OSFreeBuf
                0x00002fb4       0x18 C:\Program Files (x86)\Cypress\PSoC Creator\3.1\PSoC Creator\psoc\content\cycomponentlibrary\CyComponentLibrary.cylib\BLE_v1_20\Library\gccCyBLEStack_BLE_SOC_PERIPHERAL.a(BT_os.o)
                0x00002fb4                BT_OSFreeBuf

i.BT_OSGetBuF   0x00002fcc       0x1c
 i.BT_OSGetBuF  0x00002fcc       0x1c C:\Program Files (x86)\Cypress\PSoC Creator\3.1\PSoC Creator\psoc\content\cycomponentlibrary\CyComponentLibrary.cylib\BLE_v1_20\Library\gccCyBLEStack_BLE_SOC_PERIPHERAL.a(BT_os.o)
                0x00002fcc                BT_OSGetBuF

i.BT_OSMemCreate
                0x00002fe8       0x1c
 i.BT_OSMemCreate
                0x00002fe8       0x1c C:\Program Files (x86)\Cypress\PSoC Creator\3.1\PSoC Creator\psoc\content\cycomponentlibrary\CyComponentLibrary.cylib\BLE_v1_20\Library\gccCyBLEStack_BLE_SOC_PERIPHERAL.a(BT_os.o)
                0x00002fe8                BT_OSMemCreate

i.BT_alloc_mem_ext
                0x00003004       0x34
 i.BT_alloc_mem_ext
                0x00003004       0x34 C:\Program Files (x86)\Cypress\PSoC Creator\3.1\PSoC Creator\psoc\content\cycomponentlibrary\CyComponentLibrary.cylib\BLE_v1_20\Library\gccCyBLEStack_BLE_SOC_PERIPHERAL.a(BT_os.o)
                0x00003004                BT_alloc_mem_ext

i.BT_free_mem   0x00003038        0xc
 i.BT_free_mem  0x00003038        0xc C:\Program Files (x86)\Cypress\PSoC Creator\3.1\PSoC Creator\psoc\content\cycomponentlibrary\CyComponentLibrary.cylib\BLE_v1_20\Library\gccCyBLEStack_BLE_SOC_PERIPHERAL.a(BT_os.o)
                0x00003038                BT_free_mem

i.bt_stack_init_os
                0x00003044       0x34
 i.bt_stack_init_os
                0x00003044       0x34 C:\Program Files (x86)\Cypress\PSoC Creator\3.1\PSoC Creator\psoc\content\cycomponentlibrary\CyComponentLibrary.cylib\BLE_v1_20\Library\gccCyBLEStack_BLE_SOC_PERIPHERAL.a(BT_os.o)
                0x00003044                bt_stack_init_os

i.CyBle_CheckBleStackTaskStatus
                0x00003078        0x4
 i.CyBle_CheckBleStackTaskStatus
                0x00003078        0x4 C:\Program Files (x86)\Cypress\PSoC Creator\3.1\PSoC Creator\psoc\content\cycomponentlibrary\CyComponentLibrary.cylib\BLE_v1_20\Library\gccCyBLEStack_BLE_SOC_PERIPHERAL.a(CyBleStackMgr_StackTaskHandler.o)
                0x00003078                CyBle_CheckBleStackTaskStatus

i.CyBle_CreateBleStackTask
                0x0000307c       0x2c
 i.CyBle_CreateBleStackTask
                0x0000307c       0x2c C:\Program Files (x86)\Cypress\PSoC Creator\3.1\PSoC Creator\psoc\content\cycomponentlibrary\CyComponentLibrary.cylib\BLE_v1_20\Library\gccCyBLEStack_BLE_SOC_PERIPHERAL.a(CyBleStackMgr_StackTaskHandler.o)
                0x0000307c                CyBle_CreateBleStackTask

i.CyBle_SignalBleStackTask
                0x000030a8       0x50
 i.CyBle_SignalBleStackTask
                0x000030a8       0x50 C:\Program Files (x86)\Cypress\PSoC Creator\3.1\PSoC Creator\psoc\content\cycomponentlibrary\CyComponentLibrary.cylib\BLE_v1_20\Library\gccCyBLEStack_BLE_SOC_PERIPHERAL.a(CyBleStackMgr_StackTaskHandler.o)
                0x000030a8                CyBle_SignalBleStackTask

i.CyBle_StackTaskHandler
                0x000030f8       0x5c
 i.CyBle_StackTaskHandler
                0x000030f8       0x5c C:\Program Files (x86)\Cypress\PSoC Creator\3.1\PSoC Creator\psoc\content\cycomponentlibrary\CyComponentLibrary.cylib\BLE_v1_20\Library\gccCyBLEStack_BLE_SOC_PERIPHERAL.a(CyBleStackMgr_StackTaskHandler.o)
                0x000030f8                CyBle_StackTaskHandler

i.__ARM_common_switch8
                0x00003154       0x1a
 i.__ARM_common_switch8
                0x00003154       0x1a C:\Program Files (x86)\Cypress\PSoC Creator\3.1\PSoC Creator\psoc\content\cycomponentlibrary\CyComponentLibrary.cylib\BLE_v1_20\Library\gccCyBLEStack_BLE_SOC_PERIPHERAL.a(CyBleStackMgr_StackTaskHandler.o)
                0x00003154                __ARM_common_switch8

i.hci_soft_transport_notify_data_received
                0x00003170        0xc
 i.hci_soft_transport_notify_data_received
                0x00003170        0xc C:\Program Files (x86)\Cypress\PSoC Creator\3.1\PSoC Creator\psoc\content\cycomponentlibrary\CyComponentLibrary.cylib\BLE_v1_20\Library\gccCyBLEStack_BLE_SOC_PERIPHERAL.a(transport_sf.o)
                0x00003170                hci_soft_transport_notify_data_received

i.hci_soft_transport_rx_data
                0x0000317c       0x40
 i.hci_soft_transport_rx_data
                0x0000317c       0x40 C:\Program Files (x86)\Cypress\PSoC Creator\3.1\PSoC Creator\psoc\content\cycomponentlibrary\CyComponentLibrary.cylib\BLE_v1_20\Library\gccCyBLEStack_BLE_SOC_PERIPHERAL.a(transport_sf.o)
                0x0000317c                hci_soft_transport_rx_data

i.hci_transport_bt_init
                0x000031bc        0x2
 i.hci_transport_bt_init
                0x000031bc        0x2 C:\Program Files (x86)\Cypress\PSoC Creator\3.1\PSoC Creator\psoc\content\cycomponentlibrary\CyComponentLibrary.cylib\BLE_v1_20\Library\gccCyBLEStack_BLE_SOC_PERIPHERAL.a(transport_sf.o)
                0x000031bc                hci_transport_bt_init

i.hci_transport_init
                0x000031c0       0x10
 i.hci_transport_init
                0x000031c0       0x10 C:\Program Files (x86)\Cypress\PSoC Creator\3.1\PSoC Creator\psoc\content\cycomponentlibrary\CyComponentLibrary.cylib\BLE_v1_20\Library\gccCyBLEStack_BLE_SOC_PERIPHERAL.a(transport_sf.o)
                0x000031c0                hci_transport_init

i.hci_transport_write_data
                0x000031d0       0xd4
 i.hci_transport_write_data
                0x000031d0       0xd4 C:\Program Files (x86)\Cypress\PSoC Creator\3.1\PSoC Creator\psoc\content\cycomponentlibrary\CyComponentLibrary.cylib\BLE_v1_20\Library\gccCyBLEStack_BLE_SOC_PERIPHERAL.a(transport_sf.o)
                0x000031d0                hci_transport_write_data

i.pf_hci_soft_transport_write
                0x000032a4       0x44
 i.pf_hci_soft_transport_write
                0x000032a4       0x44 C:\Program Files (x86)\Cypress\PSoC Creator\3.1\PSoC Creator\psoc\content\cycomponentlibrary\CyComponentLibrary.cylib\BLE_v1_20\Library\gccCyBLEStack_BLE_SOC_PERIPHERAL.a(transport_sf.o)
                0x000032a4                pf_hci_soft_transport_write

i.pf_soft_hci_transport_init
                0x000032e8        0xc
 i.pf_soft_hci_transport_init
                0x000032e8        0xc C:\Program Files (x86)\Cypress\PSoC Creator\3.1\PSoC Creator\psoc\content\cycomponentlibrary\CyComponentLibrary.cylib\BLE_v1_20\Library\gccCyBLEStack_BLE_SOC_PERIPHERAL.a(transport_sf.o)
                0x000032e8                pf_soft_hci_transport_init

i.CyBleStackMgr_GetTime
                0x000032f4       0x14
 i.CyBleStackMgr_GetTime
                0x000032f4       0x14 C:\Program Files (x86)\Cypress\PSoC Creator\3.1\PSoC Creator\psoc\content\cycomponentlibrary\CyComponentLibrary.cylib\BLE_v1_20\Library\gccCyBLEStack_BLE_SOC_PERIPHERAL.a(CyBleStackMgr_PSoCHal.o)
                0x000032f4                CyBleStackMgr_GetTime

i.CyBleStackMgr_HalInit
                0x00003308       0x24
 i.CyBleStackMgr_HalInit
                0x00003308       0x24 C:\Program Files (x86)\Cypress\PSoC Creator\3.1\PSoC Creator\psoc\content\cycomponentlibrary\CyComponentLibrary.cylib\BLE_v1_20\Library\gccCyBLEStack_BLE_SOC_PERIPHERAL.a(CyBleStackMgr_PSoCHal.o)
                0x00003308                CyBleStackMgr_HalInit

i.CyBleStackMgr_HalIntrEnable
                0x0000332c        0x8
 i.CyBleStackMgr_HalIntrEnable
                0x0000332c        0x8 C:\Program Files (x86)\Cypress\PSoC Creator\3.1\PSoC Creator\psoc\content\cycomponentlibrary\CyComponentLibrary.cylib\BLE_v1_20\Library\gccCyBLEStack_BLE_SOC_PERIPHERAL.a(CyBleStackMgr_PSoCHal.o)
                0x0000332c                CyBleStackMgr_HalIntrEnable

i.CyBleStackMgr_HandleLinkLayerTick
                0x00003334       0x5c
 i.CyBleStackMgr_HandleLinkLayerTick
                0x00003334       0x5c C:\Program Files (x86)\Cypress\PSoC Creator\3.1\PSoC Creator\psoc\content\cycomponentlibrary\CyComponentLibrary.cylib\BLE_v1_20\Library\gccCyBLEStack_BLE_SOC_PERIPHERAL.a(CyBleStackMgr_PSoCHal.o)
                0x00003334                CyBleStackMgr_HandleLinkLayerTick

i.CyBleStackMgr_HciPortInit
                0x00003390        0xc
 i.CyBleStackMgr_HciPortInit
                0x00003390        0xc C:\Program Files (x86)\Cypress\PSoC Creator\3.1\PSoC Creator\psoc\content\cycomponentlibrary\CyComponentLibrary.cylib\BLE_v1_20\Library\gccCyBLEStack_BLE_SOC_PERIPHERAL.a(CyBleStackMgr_PSoCHal.o)
                0x00003390                CyBleStackMgr_HciPortInit

i.CyBleStackMgr_HciPortReset
                0x0000339c        0x2
 i.CyBleStackMgr_HciPortReset
                0x0000339c        0x2 C:\Program Files (x86)\Cypress\PSoC Creator\3.1\PSoC Creator\psoc\content\cycomponentlibrary\CyComponentLibrary.cylib\BLE_v1_20\Library\gccCyBLEStack_BLE_SOC_PERIPHERAL.a(CyBleStackMgr_PSoCHal.o)
                0x0000339c                CyBleStackMgr_HciPortReset

i.CyBleStackMgr_HciPortWrite
                0x0000339e        0x8
 i.CyBleStackMgr_HciPortWrite
                0x0000339e        0x8 C:\Program Files (x86)\Cypress\PSoC Creator\3.1\PSoC Creator\psoc\content\cycomponentlibrary\CyComponentLibrary.cylib\BLE_v1_20\Library\gccCyBLEStack_BLE_SOC_PERIPHERAL.a(CyBleStackMgr_PSoCHal.o)
                0x0000339e                CyBleStackMgr_HciPortWrite

i.CyBleStackMgr_ResetLinkLayerTimerEntity
                0x000033a8       0x14
 i.CyBleStackMgr_ResetLinkLayerTimerEntity
                0x000033a8       0x14 C:\Program Files (x86)\Cypress\PSoC Creator\3.1\PSoC Creator\psoc\content\cycomponentlibrary\CyComponentLibrary.cylib\BLE_v1_20\Library\gccCyBLEStack_BLE_SOC_PERIPHERAL.a(CyBleStackMgr_PSoCHal.o)
                0x000033a8                CyBleStackMgr_ResetLinkLayerTimerEntity

i.CyBleStackMgr_TimerStart
                0x000033bc       0x2c
 i.CyBleStackMgr_TimerStart
                0x000033bc       0x2c C:\Program Files (x86)\Cypress\PSoC Creator\3.1\PSoC Creator\psoc\content\cycomponentlibrary\CyComponentLibrary.cylib\BLE_v1_20\Library\gccCyBLEStack_BLE_SOC_PERIPHERAL.a(CyBleStackMgr_PSoCHal.o)
                0x000033bc                CyBleStackMgr_TimerStart

i.CyBleStackMgr_TimerStop
                0x000033e8       0x18
 i.CyBleStackMgr_TimerStop
                0x000033e8       0x18 C:\Program Files (x86)\Cypress\PSoC Creator\3.1\PSoC Creator\psoc\content\cycomponentlibrary\CyComponentLibrary.cylib\BLE_v1_20\Library\gccCyBLEStack_BLE_SOC_PERIPHERAL.a(CyBleStackMgr_PSoCHal.o)
                0x000033e8                CyBleStackMgr_TimerStop

i.CyBleStackMgr_isTimerRunning
                0x00003400       0x10
 i.CyBleStackMgr_isTimerRunning
                0x00003400       0x10 C:\Program Files (x86)\Cypress\PSoC Creator\3.1\PSoC Creator\psoc\content\cycomponentlibrary\CyComponentLibrary.cylib\BLE_v1_20\Library\gccCyBLEStack_BLE_SOC_PERIPHERAL.a(CyBleStackMgr_PSoCHal.o)
                0x00003400                CyBleStackMgr_isTimerRunning

i.CyBleAtlantisRadioInit
                0x00003410      0x1ac
 i.CyBleAtlantisRadioInit
                0x00003410      0x1ac C:\Program Files (x86)\Cypress\PSoC Creator\3.1\PSoC Creator\psoc\content\cycomponentlibrary\CyComponentLibrary.cylib\BLE_v1_20\Library\gccCyBLEStack_BLE_SOC_PERIPHERAL.a(CyBleStackMgr_BleSSDriver.o)

i.CyBleStackMgr_BleSSFifoRead
                0x000035bc       0x38
 i.CyBleStackMgr_BleSSFifoRead
                0x000035bc       0x38 C:\Program Files (x86)\Cypress\PSoC Creator\3.1\PSoC Creator\psoc\content\cycomponentlibrary\CyComponentLibrary.cylib\BLE_v1_20\Library\gccCyBLEStack_BLE_SOC_PERIPHERAL.a(CyBleStackMgr_BleSSDriver.o)
                0x000035bc                CyBleStackMgr_BleSSFifoRead

i.CyBleStackMgr_BleSSFifoWrite
                0x000035f4       0x30
 i.CyBleStackMgr_BleSSFifoWrite
                0x000035f4       0x30 C:\Program Files (x86)\Cypress\PSoC Creator\3.1\PSoC Creator\psoc\content\cycomponentlibrary\CyComponentLibrary.cylib\BLE_v1_20\Library\gccCyBLEStack_BLE_SOC_PERIPHERAL.a(CyBleStackMgr_BleSSDriver.o)
                0x000035f4                CyBleStackMgr_BleSSFifoWrite

i.CyBleStackMgr_BleSSInit
                0x00003624       0x50
 i.CyBleStackMgr_BleSSInit
                0x00003624       0x50 C:\Program Files (x86)\Cypress\PSoC Creator\3.1\PSoC Creator\psoc\content\cycomponentlibrary\CyComponentLibrary.cylib\BLE_v1_20\Library\gccCyBLEStack_BLE_SOC_PERIPHERAL.a(CyBleStackMgr_BleSSDriver.o)
                0x00003624                CyBleStackMgr_BleSSInit

i.CyBleStackMgr_BleSSMemRead
                0x00003674       0x26
 i.CyBleStackMgr_BleSSMemRead
                0x00003674       0x26 C:\Program Files (x86)\Cypress\PSoC Creator\3.1\PSoC Creator\psoc\content\cycomponentlibrary\CyComponentLibrary.cylib\BLE_v1_20\Library\gccCyBLEStack_BLE_SOC_PERIPHERAL.a(CyBleStackMgr_BleSSDriver.o)
                0x00003674                CyBleStackMgr_BleSSMemRead

i.CyBleStackMgr_BleSSMemWrite
                0x0000369c       0x34
 i.CyBleStackMgr_BleSSMemWrite
                0x0000369c       0x34 C:\Program Files (x86)\Cypress\PSoC Creator\3.1\PSoC Creator\psoc\content\cycomponentlibrary\CyComponentLibrary.cylib\BLE_v1_20\Library\gccCyBLEStack_BLE_SOC_PERIPHERAL.a(CyBleStackMgr_BleSSDriver.o)
                0x0000369c                CyBleStackMgr_BleSSMemWrite

i.CyBleStackMgr_BleSSRegRead
                0x000036d0        0xc
 i.CyBleStackMgr_BleSSRegRead
                0x000036d0        0xc C:\Program Files (x86)\Cypress\PSoC Creator\3.1\PSoC Creator\psoc\content\cycomponentlibrary\CyComponentLibrary.cylib\BLE_v1_20\Library\gccCyBLEStack_BLE_SOC_PERIPHERAL.a(CyBleStackMgr_BleSSDriver.o)
                0x000036d0                CyBleStackMgr_BleSSRegRead

i.CyBleStackMgr_BleSSRegWrite
                0x000036dc        0xc
 i.CyBleStackMgr_BleSSRegWrite
                0x000036dc        0xc C:\Program Files (x86)\Cypress\PSoC Creator\3.1\PSoC Creator\psoc\content\cycomponentlibrary\CyComponentLibrary.cylib\BLE_v1_20\Library\gccCyBLEStack_BLE_SOC_PERIPHERAL.a(CyBleStackMgr_BleSSDriver.o)
                0x000036dc                CyBleStackMgr_BleSSRegWrite

i.CyBleStackMgr_BleSSReset
                0x000036e8       0x38
 i.CyBleStackMgr_BleSSReset
                0x000036e8       0x38 C:\Program Files (x86)\Cypress\PSoC Creator\3.1\PSoC Creator\psoc\content\cycomponentlibrary\CyComponentLibrary.cylib\BLE_v1_20\Library\gccCyBLEStack_BLE_SOC_PERIPHERAL.a(CyBleStackMgr_BleSSDriver.o)
                0x000036e8                CyBleStackMgr_BleSSReset

i.CyBleStackMgr_GenericIface
                0x00003720       0x3c
 i.CyBleStackMgr_GenericIface
                0x00003720       0x3c C:\Program Files (x86)\Cypress\PSoC Creator\3.1\PSoC Creator\psoc\content\cycomponentlibrary\CyComponentLibrary.cylib\BLE_v1_20\Library\gccCyBLEStack_BLE_SOC_PERIPHERAL.a(CyBleStackMgr_BleSSDriver.o)
                0x00003720                CyBleStackMgr_GenericIface

i.CyBleStackMgr_HandleBleSSIntr
                0x0000375c       0x90
 i.CyBleStackMgr_HandleBleSSIntr
                0x0000375c       0x90 C:\Program Files (x86)\Cypress\PSoC Creator\3.1\PSoC Creator\psoc\content\cycomponentlibrary\CyComponentLibrary.cylib\BLE_v1_20\Library\gccCyBLEStack_BLE_SOC_PERIPHERAL.a(CyBleStackMgr_BleSSDriver.o)
                0x0000375c                CyBleStackMgr_HandleBleSSIntr

i.CyBleStackMgr_SetClockParam
                0x000037ec       0xb4
 i.CyBleStackMgr_SetClockParam
                0x000037ec       0xb4 C:\Program Files (x86)\Cypress\PSoC Creator\3.1\PSoC Creator\psoc\content\cycomponentlibrary\CyComponentLibrary.cylib\BLE_v1_20\Library\gccCyBLEStack_BLE_SOC_PERIPHERAL.a(CyBleStackMgr_BleSSDriver.o)

i.CyBle_ExitDsmMode
                0x000038a0       0x2c
 i.CyBle_ExitDsmMode
                0x000038a0       0x2c C:\Program Files (x86)\Cypress\PSoC Creator\3.1\PSoC Creator\psoc\content\cycomponentlibrary\CyComponentLibrary.cylib\BLE_v1_20\Library\gccCyBLEStack_BLE_SOC_PERIPHERAL.a(CyBleStackMgr_BleSSDriver.o)
                0x000038a0                CyBle_ExitDsmMode

i.CyBle_GetBleSsOperationalMode
                0x000038cc        0xc
 i.CyBle_GetBleSsOperationalMode
                0x000038cc        0xc C:\Program Files (x86)\Cypress\PSoC Creator\3.1\PSoC Creator\psoc\content\cycomponentlibrary\CyComponentLibrary.cylib\BLE_v1_20\Library\gccCyBLEStack_BLE_SOC_PERIPHERAL.a(CyBleStackMgr_BleSSDriver.o)
                0x000038cc                CyBle_GetBleSsOperationalMode

i.CyBle_GetLpMode
                0x000038d8       0x26
 i.CyBle_GetLpMode
                0x000038d8       0x26 C:\Program Files (x86)\Cypress\PSoC Creator\3.1\PSoC Creator\psoc\content\cycomponentlibrary\CyComponentLibrary.cylib\BLE_v1_20\Library\gccCyBLEStack_BLE_SOC_PERIPHERAL.a(CyBleStackMgr_BleSSDriver.o)
                0x000038d8                CyBle_GetLpMode

i.CyBle_GetTxGainMode
                0x00003900       0x2c
 i.CyBle_GetTxGainMode
                0x00003900       0x2c C:\Program Files (x86)\Cypress\PSoC Creator\3.1\PSoC Creator\psoc\content\cycomponentlibrary\CyComponentLibrary.cylib\BLE_v1_20\Library\gccCyBLEStack_BLE_SOC_PERIPHERAL.a(CyBleStackMgr_BleSSDriver.o)
                0x00003900                CyBle_GetTxGainMode

i.CyBle_SetBleSsOperationalMode
                0x0000392c       0x20
 i.CyBle_SetBleSsOperationalMode
                0x0000392c       0x20 C:\Program Files (x86)\Cypress\PSoC Creator\3.1\PSoC Creator\psoc\content\cycomponentlibrary\CyComponentLibrary.cylib\BLE_v1_20\Library\gccCyBLEStack_BLE_SOC_PERIPHERAL.a(CyBleStackMgr_BleSSDriver.o)
                0x0000392c                CyBle_SetBleSsOperationalMode

i.CyBle_SetEventCloseState
                0x0000394c        0xc
 i.CyBle_SetEventCloseState
                0x0000394c        0xc C:\Program Files (x86)\Cypress\PSoC Creator\3.1\PSoC Creator\psoc\content\cycomponentlibrary\CyComponentLibrary.cylib\BLE_v1_20\Library\gccCyBLEStack_BLE_SOC_PERIPHERAL.a(CyBleStackMgr_BleSSDriver.o)
                0x0000394c                CyBle_SetEventCloseState

i.CyBle_SetRxGainMode
                0x00003958       0x20
 i.CyBle_SetRxGainMode
                0x00003958       0x20 C:\Program Files (x86)\Cypress\PSoC Creator\3.1\PSoC Creator\psoc\content\cycomponentlibrary\CyComponentLibrary.cylib\BLE_v1_20\Library\gccCyBLEStack_BLE_SOC_PERIPHERAL.a(CyBleStackMgr_BleSSDriver.o)
                0x00003958                CyBle_SetRxGainMode

i.CyBle_SetTxGainMode
                0x00003978       0x38
 i.CyBle_SetTxGainMode
                0x00003978       0x38 C:\Program Files (x86)\Cypress\PSoC Creator\3.1\PSoC Creator\psoc\content\cycomponentlibrary\CyComponentLibrary.cylib\BLE_v1_20\Library\gccCyBLEStack_BLE_SOC_PERIPHERAL.a(CyBleStackMgr_BleSSDriver.o)
                0x00003978                CyBle_SetTxGainMode

i.pf_rf_get_abs_rssi
                0x000039b0       0x24
 i.pf_rf_get_abs_rssi
                0x000039b0       0x24 C:\Program Files (x86)\Cypress\PSoC Creator\3.1\PSoC Creator\psoc\content\cycomponentlibrary\CyComponentLibrary.cylib\BLE_v1_20\Library\gccCyBLEStack_BLE_SOC_PERIPHERAL.a(CyBleStackMgr_BleSSDriver.o)
                0x000039b0                pf_rf_get_abs_rssi

i.OS_init       0x000039d4       0x64
 i.OS_init      0x000039d4       0x64 C:\Program Files (x86)\Cypress\PSoC Creator\3.1\PSoC Creator\psoc\content\cycomponentlibrary\CyComponentLibrary.cylib\BLE_v1_20\Library\gccCyBLEStack_BLE_SOC_PERIPHERAL.a(mint_os.o)
                0x000039d4                OS_init

i.mintos_malloc
                0x00003a38       0x34
 i.mintos_malloc
                0x00003a38       0x34 C:\Program Files (x86)\Cypress\PSoC Creator\3.1\PSoC Creator\psoc\content\cycomponentlibrary\CyComponentLibrary.cylib\BLE_v1_20\Library\gccCyBLEStack_BLE_SOC_PERIPHERAL.a(mint_os.o)
                0x00003a38                mintos_malloc

i.OS_create_queue
                0x00003a6c       0x64
 i.OS_create_queue
                0x00003a6c       0x64 C:\Program Files (x86)\Cypress\PSoC Creator\3.1\PSoC Creator\psoc\content\cycomponentlibrary\CyComponentLibrary.cylib\BLE_v1_20\Library\gccCyBLEStack_BLE_SOC_PERIPHERAL.a(mint_os_queue.o)
                0x00003a6c                OS_create_queue

i.OS_enqueue_item
                0x00003ad0       0x8c
 i.OS_enqueue_item
                0x00003ad0       0x8c C:\Program Files (x86)\Cypress\PSoC Creator\3.1\PSoC Creator\psoc\content\cycomponentlibrary\CyComponentLibrary.cylib\BLE_v1_20\Library\gccCyBLEStack_BLE_SOC_PERIPHERAL.a(mint_os_queue.o)
                0x00003ad0                OS_enqueue_item

i.OS_queue_get_num_of_items
                0x00003b5c       0x28
 i.OS_queue_get_num_of_items
                0x00003b5c       0x28 C:\Program Files (x86)\Cypress\PSoC Creator\3.1\PSoC Creator\psoc\content\cycomponentlibrary\CyComponentLibrary.cylib\BLE_v1_20\Library\gccCyBLEStack_BLE_SOC_PERIPHERAL.a(mint_os_queue.o)
                0x00003b5c                OS_queue_get_num_of_items

i.OS_queue_mgmt_init
                0x00003b84       0x40
 i.OS_queue_mgmt_init
                0x00003b84       0x40 C:\Program Files (x86)\Cypress\PSoC Creator\3.1\PSoC Creator\psoc\content\cycomponentlibrary\CyComponentLibrary.cylib\BLE_v1_20\Library\gccCyBLEStack_BLE_SOC_PERIPHERAL.a(mint_os_queue.o)
                0x00003b84                OS_queue_mgmt_init

i.OS_remove_item
                0x00003bc4       0xa0
 i.OS_remove_item
                0x00003bc4       0xa0 C:\Program Files (x86)\Cypress\PSoC Creator\3.1\PSoC Creator\psoc\content\cycomponentlibrary\CyComponentLibrary.cylib\BLE_v1_20\Library\gccCyBLEStack_BLE_SOC_PERIPHERAL.a(mint_os_queue.o)
                0x00003bc4                OS_remove_item

i.OS_create_task
                0x00003c64       0x88
 i.OS_create_task
                0x00003c64       0x88 C:\Program Files (x86)\Cypress\PSoC Creator\3.1\PSoC Creator\psoc\content\cycomponentlibrary\CyComponentLibrary.cylib\BLE_v1_20\Library\gccCyBLEStack_BLE_SOC_PERIPHERAL.a(mint_os_task.o)
                0x00003c64                OS_create_task

i.OS_isr_send_signal_to_task
                0x00003cec        0xc
 i.OS_isr_send_signal_to_task
                0x00003cec        0xc C:\Program Files (x86)\Cypress\PSoC Creator\3.1\PSoC Creator\psoc\content\cycomponentlibrary\CyComponentLibrary.cylib\BLE_v1_20\Library\gccCyBLEStack_BLE_SOC_PERIPHERAL.a(mint_os_task.o)
                0x00003cec                OS_isr_send_signal_to_task

i.OS_scheduler  0x00003cf8       0x64
 i.OS_scheduler
                0x00003cf8       0x64 C:\Program Files (x86)\Cypress\PSoC Creator\3.1\PSoC Creator\psoc\content\cycomponentlibrary\CyComponentLibrary.cylib\BLE_v1_20\Library\gccCyBLEStack_BLE_SOC_PERIPHERAL.a(mint_os_task.o)
                0x00003cf8                OS_scheduler

i.OS_send_signal_to_task
                0x00003d5c        0xc
 i.OS_send_signal_to_task
                0x00003d5c        0xc C:\Program Files (x86)\Cypress\PSoC Creator\3.1\PSoC Creator\psoc\content\cycomponentlibrary\CyComponentLibrary.cylib\BLE_v1_20\Library\gccCyBLEStack_BLE_SOC_PERIPHERAL.a(mint_os_task.o)
                0x00003d5c                OS_send_signal_to_task

i.OS_send_signal_to_task_context
                0x00003d68       0x3c
 i.OS_send_signal_to_task_context
                0x00003d68       0x3c C:\Program Files (x86)\Cypress\PSoC Creator\3.1\PSoC Creator\psoc\content\cycomponentlibrary\CyComponentLibrary.cylib\BLE_v1_20\Library\gccCyBLEStack_BLE_SOC_PERIPHERAL.a(mint_os_task.o)

i.OS_task_mgmt_init
                0x00003da4       0x50
 i.OS_task_mgmt_init
                0x00003da4       0x50 C:\Program Files (x86)\Cypress\PSoC Creator\3.1\PSoC Creator\psoc\content\cycomponentlibrary\CyComponentLibrary.cylib\BLE_v1_20\Library\gccCyBLEStack_BLE_SOC_PERIPHERAL.a(mint_os_task.o)
                0x00003da4                OS_task_mgmt_init

i.mint_buf_mgmt_allocate_buffer
                0x00003df4       0x4c
 i.mint_buf_mgmt_allocate_buffer
                0x00003df4       0x4c C:\Program Files (x86)\Cypress\PSoC Creator\3.1\PSoC Creator\psoc\content\cycomponentlibrary\CyComponentLibrary.cylib\BLE_v1_20\Library\gccCyBLEStack_BLE_SOC_PERIPHERAL.a(mint_buf_mgmt.o)
                0x00003df4                mint_buf_mgmt_allocate_buffer

i.mint_buf_mgmt_create_pool
                0x00003e40       0xd8
 i.mint_buf_mgmt_create_pool
                0x00003e40       0xd8 C:\Program Files (x86)\Cypress\PSoC Creator\3.1\PSoC Creator\psoc\content\cycomponentlibrary\CyComponentLibrary.cylib\BLE_v1_20\Library\gccCyBLEStack_BLE_SOC_PERIPHERAL.a(mint_buf_mgmt.o)
                0x00003e40                mint_buf_mgmt_create_pool

i.mint_buf_mgmt_free_buffer
                0x00003f18       0xa4
 i.mint_buf_mgmt_free_buffer
                0x00003f18       0xa4 C:\Program Files (x86)\Cypress\PSoC Creator\3.1\PSoC Creator\psoc\content\cycomponentlibrary\CyComponentLibrary.cylib\BLE_v1_20\Library\gccCyBLEStack_BLE_SOC_PERIPHERAL.a(mint_buf_mgmt.o)
                0x00003f18                mint_buf_mgmt_free_buffer

i.mint_buf_mgmt_get_free_heap
                0x00003fbc       0x1c
 i.mint_buf_mgmt_get_free_heap
                0x00003fbc       0x1c C:\Program Files (x86)\Cypress\PSoC Creator\3.1\PSoC Creator\psoc\content\cycomponentlibrary\CyComponentLibrary.cylib\BLE_v1_20\Library\gccCyBLEStack_BLE_SOC_PERIPHERAL.a(mint_buf_mgmt.o)
                0x00003fbc                mint_buf_mgmt_get_free_heap

i.mint_buf_mgmt_init
                0x00003fd8       0x44
 i.mint_buf_mgmt_init
                0x00003fd8       0x44 C:\Program Files (x86)\Cypress\PSoC Creator\3.1\PSoC Creator\psoc\content\cycomponentlibrary\CyComponentLibrary.cylib\BLE_v1_20\Library\gccCyBLEStack_BLE_SOC_PERIPHERAL.a(mint_buf_mgmt.o)
                0x00003fd8                mint_buf_mgmt_init

i.mint_buf_mgmt_malloc
                0x0000401c       0x2c
 i.mint_buf_mgmt_malloc
                0x0000401c       0x2c C:\Program Files (x86)\Cypress\PSoC Creator\3.1\PSoC Creator\psoc\content\cycomponentlibrary\CyComponentLibrary.cylib\BLE_v1_20\Library\gccCyBLEStack_BLE_SOC_PERIPHERAL.a(mint_buf_mgmt.o)
                0x0000401c                mint_buf_mgmt_malloc

i.mint_buf_mgmt_reset_pool
                0x00004048       0x70
 i.mint_buf_mgmt_reset_pool
                0x00004048       0x70 C:\Program Files (x86)\Cypress\PSoC Creator\3.1\PSoC Creator\psoc\content\cycomponentlibrary\CyComponentLibrary.cylib\BLE_v1_20\Library\gccCyBLEStack_BLE_SOC_PERIPHERAL.a(mint_buf_mgmt.o)
                0x00004048                mint_buf_mgmt_reset_pool

i.mint_buf_mgmt_stack_init
                0x000040b8       0x24
 i.mint_buf_mgmt_stack_init
                0x000040b8       0x24 C:\Program Files (x86)\Cypress\PSoC Creator\3.1\PSoC Creator\psoc\content\cycomponentlibrary\CyComponentLibrary.cylib\BLE_v1_20\Library\gccCyBLEStack_BLE_SOC_PERIPHERAL.a(mint_buf_mgmt.o)
                0x000040b8                mint_buf_mgmt_stack_init

i.mint_buf_mgmt_stack_pop
                0x000040dc       0x36
 i.mint_buf_mgmt_stack_pop
                0x000040dc       0x36 C:\Program Files (x86)\Cypress\PSoC Creator\3.1\PSoC Creator\psoc\content\cycomponentlibrary\CyComponentLibrary.cylib\BLE_v1_20\Library\gccCyBLEStack_BLE_SOC_PERIPHERAL.a(mint_buf_mgmt.o)
                0x000040dc                mint_buf_mgmt_stack_pop

i.mint_buf_mgmt_stack_push
                0x00004112       0x36
 i.mint_buf_mgmt_stack_push
                0x00004112       0x36 C:\Program Files (x86)\Cypress\PSoC Creator\3.1\PSoC Creator\psoc\content\cycomponentlibrary\CyComponentLibrary.cylib\BLE_v1_20\Library\gccCyBLEStack_BLE_SOC_PERIPHERAL.a(mint_buf_mgmt.o)
                0x00004112                mint_buf_mgmt_stack_push

i.mint_buf_mgmt_stack_reset
                0x00004148       0x1e
 i.mint_buf_mgmt_stack_reset
                0x00004148       0x1e C:\Program Files (x86)\Cypress\PSoC Creator\3.1\PSoC Creator\psoc\content\cycomponentlibrary\CyComponentLibrary.cylib\BLE_v1_20\Library\gccCyBLEStack_BLE_SOC_PERIPHERAL.a(mint_buf_mgmt.o)
                0x00004148                mint_buf_mgmt_stack_reset

i.mint_buf_mgmt_stack_search_item
                0x00004166       0x30
 i.mint_buf_mgmt_stack_search_item
                0x00004166       0x30 C:\Program Files (x86)\Cypress\PSoC Creator\3.1\PSoC Creator\psoc\content\cycomponentlibrary\CyComponentLibrary.cylib\BLE_v1_20\Library\gccCyBLEStack_BLE_SOC_PERIPHERAL.a(mint_buf_mgmt.o)
                0x00004166                mint_buf_mgmt_stack_search_item

i.mint_buf_mgmt_pl_init
                0x00004198       0x2c
 i.mint_buf_mgmt_pl_init
                0x00004198       0x2c C:\Program Files (x86)\Cypress\PSoC Creator\3.1\PSoC Creator\psoc\content\cycomponentlibrary\CyComponentLibrary.cylib\BLE_v1_20\Library\gccCyBLEStack_BLE_SOC_PERIPHERAL.a(mint_buf_mgmt_pl.o)
                0x00004198                mint_buf_mgmt_pl_init

i.CyBleControllerIP_GetPingState
                0x000041c4        0xc
 i.CyBleControllerIP_GetPingState
                0x000041c4        0xc C:\Program Files (x86)\Cypress\PSoC Creator\3.1\PSoC Creator\psoc\content\cycomponentlibrary\CyComponentLibrary.cylib\BLE_v1_20\Library\gccCyBLEStack_BLE_SOC_PERIPHERAL.a(CyBleControllerIP_Interface.o)
                0x000041c4                CyBleControllerIP_GetPingState

i.CyBleController_AddDeviceToWhiteList
                0x000041d0       0x40
 i.CyBleController_AddDeviceToWhiteList
                0x000041d0       0x40 C:\Program Files (x86)\Cypress\PSoC Creator\3.1\PSoC Creator\psoc\content\cycomponentlibrary\CyComponentLibrary.cylib\BLE_v1_20\Library\gccCyBLEStack_BLE_SOC_PERIPHERAL.a(CyBleControllerIP_Interface.o)
                0x000041d0                CyBleController_AddDeviceToWhiteList

i.CyBleController_ExitLowPowerMode
                0x00004210       0x10
 i.CyBleController_ExitLowPowerMode
                0x00004210       0x10 C:\Program Files (x86)\Cypress\PSoC Creator\3.1\PSoC Creator\psoc\content\cycomponentlibrary\CyComponentLibrary.cylib\BLE_v1_20\Library\gccCyBLEStack_BLE_SOC_PERIPHERAL.a(CyBleControllerIP_Interface.o)
                0x00004210                CyBleController_ExitLowPowerMode

i.CyBleController_Init
                0x00004220       0x3c
 i.CyBleController_Init
                0x00004220       0x3c C:\Program Files (x86)\Cypress\PSoC Creator\3.1\PSoC Creator\psoc\content\cycomponentlibrary\CyComponentLibrary.cylib\BLE_v1_20\Library\gccCyBLEStack_BLE_SOC_PERIPHERAL.a(CyBleControllerIP_Interface.o)
                0x00004220                CyBleController_Init

i.CyBleController_SetDeviceAddress
                0x0000425c       0x2e
 i.CyBleController_SetDeviceAddress
                0x0000425c       0x2e C:\Program Files (x86)\Cypress\PSoC Creator\3.1\PSoC Creator\psoc\content\cycomponentlibrary\CyComponentLibrary.cylib\BLE_v1_20\Library\gccCyBLEStack_BLE_SOC_PERIPHERAL.a(CyBleControllerIP_Interface.o)
                0x0000425c                CyBleController_SetDeviceAddress

i.CyBle_GetTxPowerLevel
                0x0000428a       0x4e
 i.CyBle_GetTxPowerLevel
                0x0000428a       0x4e C:\Program Files (x86)\Cypress\PSoC Creator\3.1\PSoC Creator\psoc\content\cycomponentlibrary\CyComponentLibrary.cylib\BLE_v1_20\Library\gccCyBLEStack_BLE_SOC_PERIPHERAL.a(CyBleControllerIP_Interface.o)
                0x0000428a                CyBle_GetTxPowerLevel

i.CyBle_SetTxPowerLevel
                0x000042d8       0x56
 i.CyBle_SetTxPowerLevel
                0x000042d8       0x56 C:\Program Files (x86)\Cypress\PSoC Creator\3.1\PSoC Creator\psoc\content\cycomponentlibrary\CyComponentLibrary.cylib\BLE_v1_20\Library\gccCyBLEStack_BLE_SOC_PERIPHERAL.a(CyBleControllerIP_Interface.o)
                0x000042d8                CyBle_SetTxPowerLevel

i.ll_check_and_mark_packet_ready_for_transmission
                0x00004330       0x28
 i.ll_check_and_mark_packet_ready_for_transmission
                0x00004330       0x28 C:\Program Files (x86)\Cypress\PSoC Creator\3.1\PSoC Creator\psoc\content\cycomponentlibrary\CyComponentLibrary.cylib\BLE_v1_20\Library\gccCyBLEStack_BLE_SOC_PERIPHERAL.a(ll.o)
                0x00004330                ll_check_and_mark_packet_ready_for_transmission

i.ll_cleanup_pending_data_pdu
                0x00004358       0x38
 i.ll_cleanup_pending_data_pdu
                0x00004358       0x38 C:\Program Files (x86)\Cypress\PSoC Creator\3.1\PSoC Creator\psoc\content\cycomponentlibrary\CyComponentLibrary.cylib\BLE_v1_20\Library\gccCyBLEStack_BLE_SOC_PERIPHERAL.a(ll.o)
                0x00004358                ll_cleanup_pending_data_pdu

i.ll_exit_low_power_mode
                0x00004390       0xac
 i.ll_exit_low_power_mode
                0x00004390       0xac C:\Program Files (x86)\Cypress\PSoC Creator\3.1\PSoC Creator\psoc\content\cycomponentlibrary\CyComponentLibrary.cylib\BLE_v1_20\Library\gccCyBLEStack_BLE_SOC_PERIPHERAL.a(ll.o)
                0x00004390                ll_exit_low_power_mode

i.ll_get_ack_status
                0x0000443c       0x3c
 i.ll_get_ack_status
                0x0000443c       0x3c C:\Program Files (x86)\Cypress\PSoC Creator\3.1\PSoC Creator\psoc\content\cycomponentlibrary\CyComponentLibrary.cylib\BLE_v1_20\Library\gccCyBLEStack_BLE_SOC_PERIPHERAL.a(ll.o)
                0x0000443c                ll_get_ack_status

i.ll_get_adv_ch_tx_power
                0x00004478       0x20
 i.ll_get_adv_ch_tx_power
                0x00004478       0x20 C:\Program Files (x86)\Cypress\PSoC Creator\3.1\PSoC Creator\psoc\content\cycomponentlibrary\CyComponentLibrary.cylib\BLE_v1_20\Library\gccCyBLEStack_BLE_SOC_PERIPHERAL.a(ll.o)
                0x00004478                ll_get_adv_ch_tx_power

i.ll_get_data_channel_map
                0x00004498       0x24
 i.ll_get_data_channel_map
                0x00004498       0x24 C:\Program Files (x86)\Cypress\PSoC Creator\3.1\PSoC Creator\psoc\content\cycomponentlibrary\CyComponentLibrary.cylib\BLE_v1_20\Library\gccCyBLEStack_BLE_SOC_PERIPHERAL.a(ll.o)
                0x00004498                ll_get_data_channel_map

i.ll_get_max_white_list_size
                0x000044bc        0xc
 i.ll_get_max_white_list_size
                0x000044bc        0xc C:\Program Files (x86)\Cypress\PSoC Creator\3.1\PSoC Creator\psoc\content\cycomponentlibrary\CyComponentLibrary.cylib\BLE_v1_20\Library\gccCyBLEStack_BLE_SOC_PERIPHERAL.a(ll.o)
                0x000044bc                ll_get_max_white_list_size

i.ll_get_my_role
                0x000044c8        0xc
 i.ll_get_my_role
                0x000044c8        0xc C:\Program Files (x86)\Cypress\PSoC Creator\3.1\PSoC Creator\psoc\content\cycomponentlibrary\CyComponentLibrary.cylib\BLE_v1_20\Library\gccCyBLEStack_BLE_SOC_PERIPHERAL.a(ll.o)
                0x000044c8                ll_get_my_role

i.ll_get_next_available_fifo_for_data_pdu
                0x000044d4        0x8
 i.ll_get_next_available_fifo_for_data_pdu
                0x000044d4        0x8 C:\Program Files (x86)\Cypress\PSoC Creator\3.1\PSoC Creator\psoc\content\cycomponentlibrary\CyComponentLibrary.cylib\BLE_v1_20\Library\gccCyBLEStack_BLE_SOC_PERIPHERAL.a(ll.o)
                0x000044d4                ll_get_next_available_fifo_for_data_pdu

i.ll_get_next_available_fifo_for_ll_pdu
                0x000044dc       0x24
 i.ll_get_next_available_fifo_for_ll_pdu
                0x000044dc       0x24 C:\Program Files (x86)\Cypress\PSoC Creator\3.1\PSoC Creator\psoc\content\cycomponentlibrary\CyComponentLibrary.cylib\BLE_v1_20\Library\gccCyBLEStack_BLE_SOC_PERIPHERAL.a(ll.o)
                0x000044dc                ll_get_next_available_fifo_for_ll_pdu

i.ll_get_rssi_value
                0x00004500       0x26
 i.ll_get_rssi_value
                0x00004500       0x26 C:\Program Files (x86)\Cypress\PSoC Creator\3.1\PSoC Creator\psoc\content\cycomponentlibrary\CyComponentLibrary.cylib\BLE_v1_20\Library\gccCyBLEStack_BLE_SOC_PERIPHERAL.a(ll.o)
                0x00004500                ll_get_rssi_value

i.ll_get_transmit_power_level
                0x00004528       0x2c
 i.ll_get_transmit_power_level
                0x00004528       0x2c C:\Program Files (x86)\Cypress\PSoC Creator\3.1\PSoC Creator\psoc\content\cycomponentlibrary\CyComponentLibrary.cylib\BLE_v1_20\Library\gccCyBLEStack_BLE_SOC_PERIPHERAL.a(ll.o)
                0x00004528                ll_get_transmit_power_level

i.ll_handle_ack_received
                0x00004554       0x74
 i.ll_handle_ack_received
                0x00004554       0x74 C:\Program Files (x86)\Cypress\PSoC Creator\3.1\PSoC Creator\psoc\content\cycomponentlibrary\CyComponentLibrary.cylib\BLE_v1_20\Library\gccCyBLEStack_BLE_SOC_PERIPHERAL.a(ll.o)
                0x00004554                ll_handle_ack_received

i.ll_handle_add_device_in_whitelist
                0x000045c8       0x3a
 i.ll_handle_add_device_in_whitelist
                0x000045c8       0x3a C:\Program Files (x86)\Cypress\PSoC Creator\3.1\PSoC Creator\psoc\content\cycomponentlibrary\CyComponentLibrary.cylib\BLE_v1_20\Library\gccCyBLEStack_BLE_SOC_PERIPHERAL.a(ll.o)
                0x000045c8                ll_handle_add_device_in_whitelist

i.ll_handle_clear_whitelist
                0x00004602       0x16
 i.ll_handle_clear_whitelist
                0x00004602       0x16 C:\Program Files (x86)\Cypress\PSoC Creator\3.1\PSoC Creator\psoc\content\cycomponentlibrary\CyComponentLibrary.cylib\BLE_v1_20\Library\gccCyBLEStack_BLE_SOC_PERIPHERAL.a(ll.o)
                0x00004602                ll_handle_clear_whitelist

i.ll_handle_encrypt_host_data
                0x00004618       0x36
 i.ll_handle_encrypt_host_data
                0x00004618       0x36 C:\Program Files (x86)\Cypress\PSoC Creator\3.1\PSoC Creator\psoc\content\cycomponentlibrary\CyComponentLibrary.cylib\BLE_v1_20\Library\gccCyBLEStack_BLE_SOC_PERIPHERAL.a(ll.o)
                0x00004618                ll_handle_encrypt_host_data

i.ll_handle_host_data_packet
                0x0000464e       0x54
 i.ll_handle_host_data_packet
                0x0000464e       0x54 C:\Program Files (x86)\Cypress\PSoC Creator\3.1\PSoC Creator\psoc\content\cycomponentlibrary\CyComponentLibrary.cylib\BLE_v1_20\Library\gccCyBLEStack_BLE_SOC_PERIPHERAL.a(ll.o)
                0x0000464e                ll_handle_host_data_packet

i.ll_handle_read_host_channel_map
                0x000046a2        0x4
 i.ll_handle_read_host_channel_map
                0x000046a2        0x4 C:\Program Files (x86)\Cypress\PSoC Creator\3.1\PSoC Creator\psoc\content\cycomponentlibrary\CyComponentLibrary.cylib\BLE_v1_20\Library\gccCyBLEStack_BLE_SOC_PERIPHERAL.a(ll.o)
                0x000046a2                ll_handle_read_host_channel_map

i.ll_handle_remove_device_in_whitelist
                0x000046a6       0x2a
 i.ll_handle_remove_device_in_whitelist
                0x000046a6       0x2a C:\Program Files (x86)\Cypress\PSoC Creator\3.1\PSoC Creator\psoc\content\cycomponentlibrary\CyComponentLibrary.cylib\BLE_v1_20\Library\gccCyBLEStack_BLE_SOC_PERIPHERAL.a(ll.o)
                0x000046a6                ll_handle_remove_device_in_whitelist

i.ll_handle_reset
                0x000046d0        0xe
 i.ll_handle_reset
                0x000046d0        0xe C:\Program Files (x86)\Cypress\PSoC Creator\3.1\PSoC Creator\psoc\content\cycomponentlibrary\CyComponentLibrary.cylib\BLE_v1_20\Library\gccCyBLEStack_BLE_SOC_PERIPHERAL.a(ll.o)
                0x000046d0                ll_handle_reset

i.ll_handle_set_random_address
                0x000046de       0x36
 i.ll_handle_set_random_address
                0x000046de       0x36 C:\Program Files (x86)\Cypress\PSoC Creator\3.1\PSoC Creator\psoc\content\cycomponentlibrary\CyComponentLibrary.cylib\BLE_v1_20\Library\gccCyBLEStack_BLE_SOC_PERIPHERAL.a(ll.o)
                0x000046de                ll_handle_set_random_address

i.ll_init       0x00004714       0x18
 i.ll_init      0x00004714       0x18 C:\Program Files (x86)\Cypress\PSoC Creator\3.1\PSoC Creator\psoc\content\cycomponentlibrary\CyComponentLibrary.cylib\BLE_v1_20\Library\gccCyBLEStack_BLE_SOC_PERIPHERAL.a(ll.o)
                0x00004714                ll_init

i.ll_initialize_device_attributes
                0x0000472c       0x4c
 i.ll_initialize_device_attributes
                0x0000472c       0x4c C:\Program Files (x86)\Cypress\PSoC Creator\3.1\PSoC Creator\psoc\content\cycomponentlibrary\CyComponentLibrary.cylib\BLE_v1_20\Library\gccCyBLEStack_BLE_SOC_PERIPHERAL.a(ll.o)
                0x0000472c                ll_initialize_device_attributes

i.ll_is_pkt_pending
                0x00004778       0x2a
 i.ll_is_pkt_pending
                0x00004778       0x2a C:\Program Files (x86)\Cypress\PSoC Creator\3.1\PSoC Creator\psoc\content\cycomponentlibrary\CyComponentLibrary.cylib\BLE_v1_20\Library\gccCyBLEStack_BLE_SOC_PERIPHERAL.a(ll.o)
                0x00004778                ll_is_pkt_pending

i.ll_is_sent_pkt_pending
                0x000047a2       0x1a
 i.ll_is_sent_pkt_pending
                0x000047a2       0x1a C:\Program Files (x86)\Cypress\PSoC Creator\3.1\PSoC Creator\psoc\content\cycomponentlibrary\CyComponentLibrary.cylib\BLE_v1_20\Library\gccCyBLEStack_BLE_SOC_PERIPHERAL.a(ll.o)
                0x000047a2                ll_is_sent_pkt_pending

i.ll_isr_exit_low_power_mode
                0x000047bc       0x16
 i.ll_isr_exit_low_power_mode
                0x000047bc       0x16 C:\Program Files (x86)\Cypress\PSoC Creator\3.1\PSoC Creator\psoc\content\cycomponentlibrary\CyComponentLibrary.cylib\BLE_v1_20\Library\gccCyBLEStack_BLE_SOC_PERIPHERAL.a(ll.o)
                0x000047bc                ll_isr_exit_low_power_mode

i.ll_load_host_data_packet
                0x000047d2       0x4a
 i.ll_load_host_data_packet
                0x000047d2       0x4a C:\Program Files (x86)\Cypress\PSoC Creator\3.1\PSoC Creator\psoc\content\cycomponentlibrary\CyComponentLibrary.cylib\BLE_v1_20\Library\gccCyBLEStack_BLE_SOC_PERIPHERAL.a(ll.o)
                0x000047d2                ll_load_host_data_packet

i.ll_load_packet_to_fifo
                0x0000481c       0x6e
 i.ll_load_packet_to_fifo
                0x0000481c       0x6e C:\Program Files (x86)\Cypress\PSoC Creator\3.1\PSoC Creator\psoc\content\cycomponentlibrary\CyComponentLibrary.cylib\BLE_v1_20\Library\gccCyBLEStack_BLE_SOC_PERIPHERAL.a(ll.o)
                0x0000481c                ll_load_packet_to_fifo

i.ll_process_acks
                0x0000488a       0x3c
 i.ll_process_acks
                0x0000488a       0x3c C:\Program Files (x86)\Cypress\PSoC Creator\3.1\PSoC Creator\psoc\content\cycomponentlibrary\CyComponentLibrary.cylib\BLE_v1_20\Library\gccCyBLEStack_BLE_SOC_PERIPHERAL.a(ll.o)
                0x0000488a                ll_process_acks

i.ll_reset      0x000048c6       0x12
 i.ll_reset     0x000048c6       0x12 C:\Program Files (x86)\Cypress\PSoC Creator\3.1\PSoC Creator\psoc\content\cycomponentlibrary\CyComponentLibrary.cylib\BLE_v1_20\Library\gccCyBLEStack_BLE_SOC_PERIPHERAL.a(ll.o)
                0x000048c6                ll_reset

i.ll_update_active_features
                0x000048d8       0x58
 i.ll_update_active_features
                0x000048d8       0x58 C:\Program Files (x86)\Cypress\PSoC Creator\3.1\PSoC Creator\psoc\content\cycomponentlibrary\CyComponentLibrary.cylib\BLE_v1_20\Library\gccCyBLEStack_BLE_SOC_PERIPHERAL.a(ll.o)
                0x000048d8                ll_update_active_features

i.ll_update_device_fsm
                0x00004930        0x8
 i.ll_update_device_fsm
                0x00004930        0x8 C:\Program Files (x86)\Cypress\PSoC Creator\3.1\PSoC Creator\psoc\content\cycomponentlibrary\CyComponentLibrary.cylib\BLE_v1_20\Library\gccCyBLEStack_BLE_SOC_PERIPHERAL.a(ll.o)
                0x00004930                ll_update_device_fsm

i.pf_le_start_timer
                0x00004938       0x16
 i.pf_le_start_timer
                0x00004938       0x16 C:\Program Files (x86)\Cypress\PSoC Creator\3.1\PSoC Creator\psoc\content\cycomponentlibrary\CyComponentLibrary.cylib\BLE_v1_20\Library\gccCyBLEStack_BLE_SOC_PERIPHERAL.a(ll.o)
                0x00004938                pf_le_start_timer

i.pf_le_stop_timer
                0x0000494e       0x12
 i.pf_le_stop_timer
                0x0000494e       0x12 C:\Program Files (x86)\Cypress\PSoC Creator\3.1\PSoC Creator\psoc\content\cycomponentlibrary\CyComponentLibrary.cylib\BLE_v1_20\Library\gccCyBLEStack_BLE_SOC_PERIPHERAL.a(ll.o)
                0x0000494e                pf_le_stop_timer

i.CyBleControllerIP_TuneAdvEventInterPktSlots
                0x00004960       0x44
 i.CyBleControllerIP_TuneAdvEventInterPktSlots
                0x00004960       0x44 C:\Program Files (x86)\Cypress\PSoC Creator\3.1\PSoC Creator\psoc\content\cycomponentlibrary\CyComponentLibrary.cylib\BLE_v1_20\Library\gccCyBLEStack_BLE_SOC_PERIPHERAL.a(ll_advertiser.o)
                0x00004960                CyBleControllerIP_TuneAdvEventInterPktSlots

i.ll_adv_is_configured_connection_adv
                0x000049a4       0x1e
 i.ll_adv_is_configured_connection_adv
                0x000049a4       0x1e C:\Program Files (x86)\Cypress\PSoC Creator\3.1\PSoC Creator\psoc\content\cycomponentlibrary\CyComponentLibrary.cylib\BLE_v1_20\Library\gccCyBLEStack_BLE_SOC_PERIPHERAL.a(ll_advertiser.o)
                0x000049a4                ll_adv_is_configured_connection_adv

i.ll_check_random_address_in_use_by_advertiser
                0x000049c2       0x10
 i.ll_check_random_address_in_use_by_advertiser
                0x000049c2       0x10 C:\Program Files (x86)\Cypress\PSoC Creator\3.1\PSoC Creator\psoc\content\cycomponentlibrary\CyComponentLibrary.cylib\BLE_v1_20\Library\gccCyBLEStack_BLE_SOC_PERIPHERAL.a(ll_advertiser.o)
                0x000049c2                ll_check_random_address_in_use_by_advertiser

i.ll_check_whitelist_in_use_by_advertiser
                0x000049d2       0x10
 i.ll_check_whitelist_in_use_by_advertiser
                0x000049d2       0x10 C:\Program Files (x86)\Cypress\PSoC Creator\3.1\PSoC Creator\psoc\content\cycomponentlibrary\CyComponentLibrary.cylib\BLE_v1_20\Library\gccCyBLEStack_BLE_SOC_PERIPHERAL.a(ll_advertiser.o)
                0x000049d2                ll_check_whitelist_in_use_by_advertiser

i.ll_get_adv_status
                0x000049e2        0xc
 i.ll_get_adv_status
                0x000049e2        0xc C:\Program Files (x86)\Cypress\PSoC Creator\3.1\PSoC Creator\psoc\content\cycomponentlibrary\CyComponentLibrary.cylib\BLE_v1_20\Library\gccCyBLEStack_BLE_SOC_PERIPHERAL.a(ll_advertiser.o)
                0x000049e2                ll_get_adv_status

i.ll_get_adv_type
                0x000049ee       0x16
 i.ll_get_adv_type
                0x000049ee       0x16 C:\Program Files (x86)\Cypress\PSoC Creator\3.1\PSoC Creator\psoc\content\cycomponentlibrary\CyComponentLibrary.cylib\BLE_v1_20\Library\gccCyBLEStack_BLE_SOC_PERIPHERAL.a(ll_advertiser.o)
                0x000049ee                ll_get_adv_type

i.ll_handle_adv_intr
                0x00004a04       0x50
 i.ll_handle_adv_intr
                0x00004a04       0x50 C:\Program Files (x86)\Cypress\PSoC Creator\3.1\PSoC Creator\psoc\content\cycomponentlibrary\CyComponentLibrary.cylib\BLE_v1_20\Library\gccCyBLEStack_BLE_SOC_PERIPHERAL.a(ll_advertiser.o)
                0x00004a04                ll_handle_adv_intr

i.ll_handle_set_adv_data
                0x00004a54       0x14
 i.ll_handle_set_adv_data
                0x00004a54       0x14 C:\Program Files (x86)\Cypress\PSoC Creator\3.1\PSoC Creator\psoc\content\cycomponentlibrary\CyComponentLibrary.cylib\BLE_v1_20\Library\gccCyBLEStack_BLE_SOC_PERIPHERAL.a(ll_advertiser.o)
                0x00004a54                ll_handle_set_adv_data

i.ll_handle_set_adv_parameters
                0x00004a68       0x84
 i.ll_handle_set_adv_parameters
                0x00004a68       0x84 C:\Program Files (x86)\Cypress\PSoC Creator\3.1\PSoC Creator\psoc\content\cycomponentlibrary\CyComponentLibrary.cylib\BLE_v1_20\Library\gccCyBLEStack_BLE_SOC_PERIPHERAL.a(ll_advertiser.o)
                0x00004a68                ll_handle_set_adv_parameters

i.ll_handle_set_advertise_enable
                0x00004aec       0x70
 i.ll_handle_set_advertise_enable
                0x00004aec       0x70 C:\Program Files (x86)\Cypress\PSoC Creator\3.1\PSoC Creator\psoc\content\cycomponentlibrary\CyComponentLibrary.cylib\BLE_v1_20\Library\gccCyBLEStack_BLE_SOC_PERIPHERAL.a(ll_advertiser.o)
                0x00004aec                ll_handle_set_advertise_enable

i.ll_handle_set_scan_resp_data
                0x00004b5c       0x14
 i.ll_handle_set_scan_resp_data
                0x00004b5c       0x14 C:\Program Files (x86)\Cypress\PSoC Creator\3.1\PSoC Creator\psoc\content\cycomponentlibrary\CyComponentLibrary.cylib\BLE_v1_20\Library\gccCyBLEStack_BLE_SOC_PERIPHERAL.a(ll_advertiser.o)
                0x00004b5c                ll_handle_set_scan_resp_data

i.ll_init_advertiser
                0x00004b70       0x68
 i.ll_init_advertiser
                0x00004b70       0x68 C:\Program Files (x86)\Cypress\PSoC Creator\3.1\PSoC Creator\psoc\content\cycomponentlibrary\CyComponentLibrary.cylib\BLE_v1_20\Library\gccCyBLEStack_BLE_SOC_PERIPHERAL.a(ll_advertiser.o)
                0x00004b70                ll_init_advertiser

i.is_le_connection_handle
                0x00004bd8       0x28
 i.is_le_connection_handle
                0x00004bd8       0x28 C:\Program Files (x86)\Cypress\PSoC Creator\3.1\PSoC Creator\psoc\content\cycomponentlibrary\CyComponentLibrary.cylib\BLE_v1_20\Library\gccCyBLEStack_BLE_SOC_PERIPHERAL.a(ll_connection.o)
                0x00004bd8                is_le_connection_handle

i.le_assign_connection_handle
                0x00004c00       0x28
 i.le_assign_connection_handle
                0x00004c00       0x28 C:\Program Files (x86)\Cypress\PSoC Creator\3.1\PSoC Creator\psoc\content\cycomponentlibrary\CyComponentLibrary.cylib\BLE_v1_20\Library\gccCyBLEStack_BLE_SOC_PERIPHERAL.a(ll_connection.o)
                0x00004c00                le_assign_connection_handle

i.le_get_connection_index
                0x00004c28        0x6
 i.le_get_connection_index
                0x00004c28        0x6 C:\Program Files (x86)\Cypress\PSoC Creator\3.1\PSoC Creator\psoc\content\cycomponentlibrary\CyComponentLibrary.cylib\BLE_v1_20\Library\gccCyBLEStack_BLE_SOC_PERIPHERAL.a(ll_connection.o)
                0x00004c28                le_get_connection_index

i.ll_allocate_connection
                0x00004c30       0x44
 i.ll_allocate_connection
                0x00004c30       0x44 C:\Program Files (x86)\Cypress\PSoC Creator\3.1\PSoC Creator\psoc\content\cycomponentlibrary\CyComponentLibrary.cylib\BLE_v1_20\Library\gccCyBLEStack_BLE_SOC_PERIPHERAL.a(ll_connection.o)
                0x00004c30                ll_allocate_connection

i.ll_calculate_and_program_def_win_widen_drift
                0x00004c74       0x14
 i.ll_calculate_and_program_def_win_widen_drift
                0x00004c74       0x14 C:\Program Files (x86)\Cypress\PSoC Creator\3.1\PSoC Creator\psoc\content\cycomponentlibrary\CyComponentLibrary.cylib\BLE_v1_20\Library\gccCyBLEStack_BLE_SOC_PERIPHERAL.a(ll_connection.o)
                0x00004c74                ll_calculate_and_program_def_win_widen_drift

i.ll_calculate_drift
                0x00004c88       0x2c
 i.ll_calculate_drift
                0x00004c88       0x2c C:\Program Files (x86)\Cypress\PSoC Creator\3.1\PSoC Creator\psoc\content\cycomponentlibrary\CyComponentLibrary.cylib\BLE_v1_20\Library\gccCyBLEStack_BLE_SOC_PERIPHERAL.a(ll_connection.o)
                0x00004c88                ll_calculate_drift

i.ll_check_and_decrypt_ll_pdu
                0x00004cb4       0x68
 i.ll_check_and_decrypt_ll_pdu
                0x00004cb4       0x68 C:\Program Files (x86)\Cypress\PSoC Creator\3.1\PSoC Creator\psoc\content\cycomponentlibrary\CyComponentLibrary.cylib\BLE_v1_20\Library\gccCyBLEStack_BLE_SOC_PERIPHERAL.a(ll_connection.o)
                0x00004cb4                ll_check_and_decrypt_ll_pdu

i.ll_check_and_decrypt_packet
                0x00004d1c       0x6a
 i.ll_check_and_decrypt_packet
                0x00004d1c       0x6a C:\Program Files (x86)\Cypress\PSoC Creator\3.1\PSoC Creator\psoc\content\cycomponentlibrary\CyComponentLibrary.cylib\BLE_v1_20\Library\gccCyBLEStack_BLE_SOC_PERIPHERAL.a(ll_connection.o)
                0x00004d1c                ll_check_and_decrypt_packet

i.ll_check_and_encrypt_ll_pdu
                0x00004d86       0x72
 i.ll_check_and_encrypt_ll_pdu
                0x00004d86       0x72 C:\Program Files (x86)\Cypress\PSoC Creator\3.1\PSoC Creator\psoc\content\cycomponentlibrary\CyComponentLibrary.cylib\BLE_v1_20\Library\gccCyBLEStack_BLE_SOC_PERIPHERAL.a(ll_connection.o)
                0x00004d86                ll_check_and_encrypt_ll_pdu

i.ll_check_and_encrypt_packet
                0x00004df8       0x8a
 i.ll_check_and_encrypt_packet
                0x00004df8       0x8a C:\Program Files (x86)\Cypress\PSoC Creator\3.1\PSoC Creator\psoc\content\cycomponentlibrary\CyComponentLibrary.cylib\BLE_v1_20\Library\gccCyBLEStack_BLE_SOC_PERIPHERAL.a(ll_connection.o)
                0x00004df8                ll_check_and_encrypt_packet

i.ll_check_for_allowing_incoming_connection_update
                0x00004e82       0x42
 i.ll_check_for_allowing_incoming_connection_update
                0x00004e82       0x42 C:\Program Files (x86)\Cypress\PSoC Creator\3.1\PSoC Creator\psoc\content\cycomponentlibrary\CyComponentLibrary.cylib\BLE_v1_20\Library\gccCyBLEStack_BLE_SOC_PERIPHERAL.a(ll_connection.o)
                0x00004e82                ll_check_for_allowing_incoming_connection_update

i.ll_check_if_pdu_is_loaded_to_hardware
                0x00004ec4       0x1c
 i.ll_check_if_pdu_is_loaded_to_hardware
                0x00004ec4       0x1c C:\Program Files (x86)\Cypress\PSoC Creator\3.1\PSoC Creator\psoc\content\cycomponentlibrary\CyComponentLibrary.cylib\BLE_v1_20\Library\gccCyBLEStack_BLE_SOC_PERIPHERAL.a(ll_connection.o)
                0x00004ec4                ll_check_if_pdu_is_loaded_to_hardware

i.ll_check_random_address_in_use_by_initiator
                0x00004ee0       0x30
 i.ll_check_random_address_in_use_by_initiator
                0x00004ee0       0x30 C:\Program Files (x86)\Cypress\PSoC Creator\3.1\PSoC Creator\psoc\content\cycomponentlibrary\CyComponentLibrary.cylib\BLE_v1_20\Library\gccCyBLEStack_BLE_SOC_PERIPHERAL.a(ll_connection.o)
                0x00004ee0                ll_check_random_address_in_use_by_initiator

i.ll_check_white_list_in_use_by_initiator
                0x00004f10       0x30
 i.ll_check_white_list_in_use_by_initiator
                0x00004f10       0x30 C:\Program Files (x86)\Cypress\PSoC Creator\3.1\PSoC Creator\psoc\content\cycomponentlibrary\CyComponentLibrary.cylib\BLE_v1_20\Library\gccCyBLEStack_BLE_SOC_PERIPHERAL.a(ll_connection.o)
                0x00004f10                ll_check_white_list_in_use_by_initiator

i.ll_conn_free_enc_txn_buffer
                0x00004f40       0x16
 i.ll_conn_free_enc_txn_buffer
                0x00004f40       0x16 C:\Program Files (x86)\Cypress\PSoC Creator\3.1\PSoC Creator\psoc\content\cycomponentlibrary\CyComponentLibrary.cylib\BLE_v1_20\Library\gccCyBLEStack_BLE_SOC_PERIPHERAL.a(ll_connection.o)
                0x00004f40                ll_conn_free_enc_txn_buffer

i.ll_conn_fsm_update_channel_state
                0x00004f56        0x6
 i.ll_conn_fsm_update_channel_state
                0x00004f56        0x6 C:\Program Files (x86)\Cypress\PSoC Creator\3.1\PSoC Creator\psoc\content\cycomponentlibrary\CyComponentLibrary.cylib\BLE_v1_20\Library\gccCyBLEStack_BLE_SOC_PERIPHERAL.a(ll_connection.o)
                0x00004f56                ll_conn_fsm_update_channel_state

i.ll_conn_fsm_update_conn_update_state
                0x00004f5c        0x6
 i.ll_conn_fsm_update_conn_update_state
                0x00004f5c        0x6 C:\Program Files (x86)\Cypress\PSoC Creator\3.1\PSoC Creator\psoc\content\cycomponentlibrary\CyComponentLibrary.cylib\BLE_v1_20\Library\gccCyBLEStack_BLE_SOC_PERIPHERAL.a(ll_connection.o)
                0x00004f5c                ll_conn_fsm_update_conn_update_state

i.ll_conn_fsm_update_enc_state
                0x00004f62        0x6
 i.ll_conn_fsm_update_enc_state
                0x00004f62        0x6 C:\Program Files (x86)\Cypress\PSoC Creator\3.1\PSoC Creator\psoc\content\cycomponentlibrary\CyComponentLibrary.cylib\BLE_v1_20\Library\gccCyBLEStack_BLE_SOC_PERIPHERAL.a(ll_connection.o)
                0x00004f62                ll_conn_fsm_update_enc_state

i.ll_conn_fsm_update_state
                0x00004f68        0x4
 i.ll_conn_fsm_update_state
                0x00004f68        0x4 C:\Program Files (x86)\Cypress\PSoC Creator\3.1\PSoC Creator\psoc\content\cycomponentlibrary\CyComponentLibrary.cylib\BLE_v1_20\Library\gccCyBLEStack_BLE_SOC_PERIPHERAL.a(ll_connection.o)
                0x00004f68                ll_conn_fsm_update_state

i.ll_conn_handle_data_pdu_from_host_when_data_paused
                0x00004f6c        0x8
 i.ll_conn_handle_data_pdu_from_host_when_data_paused
                0x00004f6c        0x8 C:\Program Files (x86)\Cypress\PSoC Creator\3.1\PSoC Creator\psoc\content\cycomponentlibrary\CyComponentLibrary.cylib\BLE_v1_20\Library\gccCyBLEStack_BLE_SOC_PERIPHERAL.a(ll_connection.o)
                0x00004f6c                ll_conn_handle_data_pdu_from_host_when_data_paused

i.ll_conn_handle_direct_adv_timeout
                0x00004f74       0x2a
 i.ll_conn_handle_direct_adv_timeout
                0x00004f74       0x2a C:\Program Files (x86)\Cypress\PSoC Creator\3.1\PSoC Creator\psoc\content\cycomponentlibrary\CyComponentLibrary.cylib\BLE_v1_20\Library\gccCyBLEStack_BLE_SOC_PERIPHERAL.a(ll_connection.o)
                0x00004f74                ll_conn_handle_direct_adv_timeout

i.ll_conn_handle_ping_timer_expired_interrupt
                0x00004fa0       0x1c
 i.ll_conn_handle_ping_timer_expired_interrupt
                0x00004fa0       0x1c C:\Program Files (x86)\Cypress\PSoC Creator\3.1\PSoC Creator\psoc\content\cycomponentlibrary\CyComponentLibrary.cylib\BLE_v1_20\Library\gccCyBLEStack_BLE_SOC_PERIPHERAL.a(ll_connection.o)
                0x00004fa0                ll_conn_handle_ping_timer_expired_interrupt

i.ll_conn_handle_ping_timer_nearly_expired_interrupt
                0x00004fbc       0x20
 i.ll_conn_handle_ping_timer_nearly_expired_interrupt
                0x00004fbc       0x20 C:\Program Files (x86)\Cypress\PSoC Creator\3.1\PSoC Creator\psoc\content\cycomponentlibrary\CyComponentLibrary.cylib\BLE_v1_20\Library\gccCyBLEStack_BLE_SOC_PERIPHERAL.a(ll_connection.o)
                0x00004fbc                ll_conn_handle_ping_timer_nearly_expired_interrupt

i.ll_conn_handle_stop_connectable_adv
                0x00004fdc       0x12
 i.ll_conn_handle_stop_connectable_adv
                0x00004fdc       0x12 C:\Program Files (x86)\Cypress\PSoC Creator\3.1\PSoC Creator\psoc\content\cycomponentlibrary\CyComponentLibrary.cylib\BLE_v1_20\Library\gccCyBLEStack_BLE_SOC_PERIPHERAL.a(ll_connection.o)
                0x00004fdc                ll_conn_handle_stop_connectable_adv

i.ll_conn_process_pending_transactions
                0x00004fee        0x4
 i.ll_conn_process_pending_transactions
                0x00004fee        0x4 C:\Program Files (x86)\Cypress\PSoC Creator\3.1\PSoC Creator\psoc\content\cycomponentlibrary\CyComponentLibrary.cylib\BLE_v1_20\Library\gccCyBLEStack_BLE_SOC_PERIPHERAL.a(ll_connection.o)
                0x00004fee                ll_conn_process_pending_transactions

i.ll_conn_program_authenticated_payload_timer
                0x00004ff4       0x50
 i.ll_conn_program_authenticated_payload_timer
                0x00004ff4       0x50 C:\Program Files (x86)\Cypress\PSoC Creator\3.1\PSoC Creator\psoc\content\cycomponentlibrary\CyComponentLibrary.cylib\BLE_v1_20\Library\gccCyBLEStack_BLE_SOC_PERIPHERAL.a(ll_connection.o)
                0x00004ff4                ll_conn_program_authenticated_payload_timer

i.ll_conn_read_data_pdu_from_hardware
                0x00005044       0x14
 i.ll_conn_read_data_pdu_from_hardware
                0x00005044       0x14 C:\Program Files (x86)\Cypress\PSoC Creator\3.1\PSoC Creator\psoc\content\cycomponentlibrary\CyComponentLibrary.cylib\BLE_v1_20\Library\gccCyBLEStack_BLE_SOC_PERIPHERAL.a(ll_connection.o)
                0x00005044                ll_conn_read_data_pdu_from_hardware

i.ll_conn_send_ping_req_pdu
                0x00005058       0x40
 i.ll_conn_send_ping_req_pdu
                0x00005058       0x40 C:\Program Files (x86)\Cypress\PSoC Creator\3.1\PSoC Creator\psoc\content\cycomponentlibrary\CyComponentLibrary.cylib\BLE_v1_20\Library\gccCyBLEStack_BLE_SOC_PERIPHERAL.a(ll_connection.o)